[INFO] Scanning for projects...
[INFO] ------------------------------------------------------------------------
[INFO] Detecting the operating system and CPU architecture
[INFO] ------------------------------------------------------------------------
[INFO] os.detected.name: osx
[INFO] os.detected.arch: aarch_64
[INFO] os.detected.bitness: 64
[INFO] os.detected.version: 27.0
[INFO] os.detected.version.major: 27
[INFO] os.detected.version.minor: 0
[INFO] os.detected.classifier: osx-aarch_64
[INFO] 
[INFO] ---------------< io.akka.repro:akka-testkit-race-repro >----------------
[INFO] Building akka-testkit-race-repro 0.1.0-SNAPSHOT
[INFO]   from pom.xml
[INFO] --------------------------------[ jar ]---------------------------------
[INFO] 
[INFO] --- enforcer:3.5.0:enforce (enforce-build-rules) @ akka-testkit-race-repro ---
[INFO] No dependency conflicts with Akka runtime detected.
[INFO] Rule 0: akka.javasdk.enforcer.AkkaRuntimeDependencyRule(akkaRuntimeDependencyCheck) passed
[INFO] Rule 1: org.apache.maven.enforcer.rules.version.RequireMavenVersion passed
[INFO] Rule 2: org.apache.maven.enforcer.rules.version.RequireJavaVersion passed
[INFO] 
[INFO] --- antrun:3.1.0:run (clean-on-missing-descriptor) @ akka-testkit-race-repro ---
[INFO] Executing tasks
[INFO] Executed tasks
[INFO] 
[INFO] --- build-helper:3.2.0:add-source (add-java-source) @ akka-testkit-race-repro ---
[INFO] Source directory: /Users/jz/code/akka-testkit-race-repro/target/generated-sources/akka-grpc-java added.
[INFO] 
[INFO] --- resources:3.4.0:resources (default-resources) @ akka-testkit-race-repro ---
[INFO] Copying 1 resource from src/main/resources to target/classes
[INFO] 
[INFO] --- compiler:3.13.0:compile (default-compile) @ akka-testkit-race-repro ---
[INFO] Nothing to compile - all classes are up to date.
[INFO] 
[INFO] --- build-helper:3.2.0:add-test-source (add-integration-test-source) @ akka-testkit-race-repro ---
[INFO] Test Source directory: /Users/jz/code/akka-testkit-race-repro/src/it/java added.
[INFO] 
[INFO] --- build-helper:3.2.0:add-test-resource (add-integration-test-resource) @ akka-testkit-race-repro ---
[INFO] 
[INFO] --- resources:3.4.0:testResources (default-testResources) @ akka-testkit-race-repro ---
[INFO] Copying 2 resources from src/test/resources to target/test-classes
[INFO] skip non existing resourceDirectory /Users/jz/code/akka-testkit-race-repro/src/it/resources
[INFO] 
[INFO] --- compiler:3.13.0:testCompile (default-testCompile) @ akka-testkit-race-repro ---
[INFO] Nothing to compile - all classes are up to date.
[INFO] 
[INFO] --- surefire:2.22.2:test (default-test) @ akka-testkit-race-repro ---
[WARNING] The system property akka.javasdk.dev-mode.project-artifact-id is configured twice! The property appears in <argLine/> and any of <systemPropertyVariables/>, <systemProperties/> or user property.
[WARNING] The system property logback.configurationFile is configured twice! The property appears in <argLine/> and any of <systemPropertyVariables/>, <systemProperties/> or user property.
[INFO] 
[INFO] -------------------------------------------------------
[INFO]  T E S T S
[INFO] -------------------------------------------------------
[INFO] Running repro.BootstrapWorkTimingTest
23:13:25,673 |-INFO in ch.qos.logback.classic.LoggerContext[default] - Found logback-core version 1.5.38
23:13:25,674 |-INFO in ch.qos.logback.classic.util.ContextInitializer@79c97cb - No custom configurators were discovered as a service.
23:13:25,674 |-INFO in ch.qos.logback.classic.util.ContextInitializer@79c97cb - Trying to configure with ch.qos.logback.classic.util.DefaultJoranConfigurator
23:13:25,674 |-INFO in ch.qos.logback.classic.util.ContextInitializer@79c97cb - Constructed configurator of type class ch.qos.logback.classic.util.DefaultJoranConfigurator
23:13:25,676 |-INFO in ch.qos.logback.classic.LoggerContext[default] - Found resource [logback-runtime-dev-mode.xml] at [jar:file:/Users/jz/code/worktrees/nexus/vibrant-swanson-e4f544/.mvn/tier1/io/akka/akka-runtime-dev_2.13/1.6.15/akka-runtime-dev_2.13-1.6.15.jar!/logback-runtime-dev-mode.xml]
23:13:25,709 |-INFO in ch.qos.logback.classic.model.processor.ConfigurationModelHandlerFull - Scan attribute not set or set to unrecognized value.
23:13:25,709 |-INFO in ch.qos.logback.core.model.processor.ConversionRuleModelHandler - registering conversion word rewriteLogger with class [akka.runtime.logging.LogbackDevModeRewriteLogger]
23:13:25,709 |-INFO in ch.qos.logback.core.model.processor.ConversionRuleModelHandler - registering conversion word rewriteMsg with class [akka.runtime.logging.LogbackDevModeRewriteMessage]
23:13:25,710 |-INFO in ch.qos.logback.core.model.processor.IncludeModelHandler - Including configuration file [file:/Users/jz/code/akka-testkit-race-repro/target/test-classes/include-dev-loggers.xml]
23:13:25,713 |-ERROR in ch.qos.logback.core.joran.event.SaxEventRecorder@2d9caaeb - XML_PARSING - Parsing fatal error on line 8 and column 52
23:13:25,713 |-ERROR in ch.qos.logback.core.joran.event.SaxEventRecorder@2d9caaeb - org.xml.sax.SAXParseException; lineNumber: 8; columnNumber: 52; The string "--" is not permitted within comments.
23:13:25,713 |-ERROR in ch.qos.logback.core.model.processor.IncludeModelHandler - Error processing XML data in [include-dev-loggers.xml] ch.qos.logback.core.joran.spi.JoranException: Problem parsing XML document. See previously reported errors.
	at ch.qos.logback.core.joran.spi.JoranException: Problem parsing XML document. See previously reported errors.
	at 	at ch.qos.logback.core.joran.event.SaxEventRecorder.recordEvents(SaxEventRecorder.java:99)
	at 	at ch.qos.logback.core.joran.event.SaxEventRecorder.recordEvents(SaxEventRecorder.java:82)
	at 	at ch.qos.logback.core.model.processor.IncludeModelHandler.populateSaxEventRecorder(IncludeModelHandler.java:147)
	at 	at ch.qos.logback.core.model.processor.IncludeModelHandler.buildModelFromIncludedFile(IncludeModelHandler.java:114)
	at 	at ch.qos.logback.core.model.processor.IncludeModelHandler.handle(IncludeModelHandler.java:67)
	at 	at ch.qos.logback.core.model.processor.DefaultProcessor.mainTraverse(DefaultProcessor.java:207)
	at 	at ch.qos.logback.core.model.processor.DefaultProcessor.mainTraverse(DefaultProcessor.java:215)
	at 	at ch.qos.logback.core.model.processor.DefaultProcessor.process(DefaultProcessor.java:102)
	at 	at ch.qos.logback.core.joran.GenericXMLConfigurator.processModel(GenericXMLConfigurator.java:239)
	at 	at ch.qos.logback.core.joran.GenericXMLConfigurator.doConfigure(GenericXMLConfigurator.java:195)
	at 	at ch.qos.logback.core.joran.GenericXMLConfigurator.doConfigure(GenericXMLConfigurator.java:139)
	at 	at ch.qos.logback.core.joran.GenericXMLConfigurator.doConfigure(GenericXMLConfigurator.java:76)
	at 	at ch.qos.logback.classic.util.DefaultJoranConfigurator.configureByResource(DefaultJoranConfigurator.java:82)
	at 	at ch.qos.logback.classic.util.DefaultJoranConfigurator.configure(DefaultJoranConfigurator.java:49)
	at 	at ch.qos.logback.classic.util.ContextInitializer.invokeConfigure(ContextInitializer.java:161)
	at 	at ch.qos.logback.classic.util.ContextInitializer.autoConfig(ContextInitializer.java:109)
	at 	at ch.qos.logback.classic.util.ContextInitializer.autoConfig(ContextInitializer.java:67)
	at 	at ch.qos.logback.classic.spi.LogbackServiceProvider.initializeLoggerContext(LogbackServiceProvider.java:65)
	at 	at ch.qos.logback.classic.spi.LogbackServiceProvider.initialize(LogbackServiceProvider.java:58)
	at 	at org.slf4j.LoggerFactory.bind(LoggerFactory.java:199)
	at 	at org.slf4j.LoggerFactory.performInitialization(LoggerFactory.java:186)
	at 	at org.slf4j.LoggerFactory.getProvider(LoggerFactory.java:496)
	at 	at org.slf4j.LoggerFactory.getILoggerFactory(LoggerFactory.java:482)
	at 	at org.slf4j.LoggerFactory.getLogger(LoggerFactory.java:431)
	at 	at org.slf4j.LoggerFactory.getLogger(LoggerFactory.java:457)
	at 	at akka.javasdk.testkit.TestKit.<clinit>(TestKit.java:827)
	at 	at repro.BootstrapWorkTimingTest.cycle(BootstrapWorkTimingTest.java:49)
	at 	at repro.BootstrapWorkTimingTest.withoutBurstFromOnStartup(BootstrapWorkTimingTest.java:33)
	at 	at java.base/jdk.internal.reflect.DirectMethodHandleAccessor.invoke(DirectMethodHandleAccessor.java:104)
	at 	at java.base/java.lang.reflect.Method.invoke(Method.java:583)
	at 	at org.junit.platform.commons.util.ReflectionUtils.invokeMethod(ReflectionUtils.java:767)
	at 	at org.junit.jupiter.engine.execution.MethodInvocation.proceed(MethodInvocation.java:60)
	at 	at org.junit.jupiter.engine.execution.InvocationInterceptorChain$ValidatingInvocation.proceed(InvocationInterceptorChain.java:131)
	at 	at org.junit.jupiter.engine.extension.SameThreadTimeoutInvocation.proceed(SameThreadTimeoutInvocation.java:45)
	at 	at org.junit.jupiter.engine.extension.TimeoutExtension.intercept(TimeoutExtension.java:156)
	at 	at org.junit.jupiter.engine.extension.TimeoutExtension.interceptTestableMethod(TimeoutExtension.java:147)
	at 	at org.junit.jupiter.engine.extension.TimeoutExtension.interceptTestMethod(TimeoutExtension.java:86)
	at 	at org.junit.jupiter.engine.execution.InterceptingExecutableInvoker$ReflectiveInterceptorCall.lambda$ofVoidMethod$0(InterceptingExecutableInvoker.java:103)
	at 	at org.junit.jupiter.engine.execution.InterceptingExecutableInvoker.lambda$invoke$0(InterceptingExecutableInvoker.java:93)
	at 	at org.junit.jupiter.engine.execution.InvocationInterceptorChain$InterceptedInvocation.proceed(InvocationInterceptorChain.java:106)
	at 	at org.junit.jupiter.engine.execution.InvocationInterceptorChain.proceed(InvocationInterceptorChain.java:64)
	at 	at org.junit.jupiter.engine.execution.InvocationInterceptorChain.chainAndInvoke(InvocationInterceptorChain.java:45)
	at 	at org.junit.jupiter.engine.execution.InvocationInterceptorChain.invoke(InvocationInterceptorChain.java:37)
	at 	at org.junit.jupiter.engine.execution.InterceptingExecutableInvoker.invoke(InterceptingExecutableInvoker.java:92)
	at 	at org.junit.jupiter.engine.execution.InterceptingExecutableInvoker.invoke(InterceptingExecutableInvoker.java:86)
	at 	at org.junit.jupiter.engine.descriptor.TestMethodTestDescriptor.lambda$invokeTestMethod$8(TestMethodTestDescriptor.java:217)
	at 	at org.junit.platform.engine.support.hierarchical.ThrowableCollector.execute(ThrowableCollector.java:73)
	at 	at org.junit.jupiter.engine.descriptor.TestMethodTestDescriptor.invokeTestMethod(TestMethodTestDescriptor.java:213)
	at 	at org.junit.jupiter.engine.descriptor.TestMethodTestDescriptor.execute(TestMethodTestDescriptor.java:138)
	at 	at org.junit.jupiter.engine.descriptor.TestMethodTestDescriptor.execute(TestMethodTestDescriptor.java:68)
	at 	at org.junit.platform.engine.support.hierarchical.NodeTestTask.lambda$executeRecursively$6(NodeTestTask.java:156)
	at 	at org.junit.platform.engine.support.hierarchical.ThrowableCollector.execute(ThrowableCollector.java:73)
	at 	at org.junit.platform.engine.support.hierarchical.NodeTestTask.lambda$executeRecursively$8(NodeTestTask.java:146)
	at 	at org.junit.platform.engine.support.hierarchical.Node.around(Node.java:137)
	at 	at org.junit.platform.engine.support.hierarchical.NodeTestTask.lambda$executeRecursively$9(NodeTestTask.java:144)
	at 	at org.junit.platform.engine.support.hierarchical.ThrowableCollector.execute(ThrowableCollector.java:73)
	at 	at org.junit.platform.engine.support.hierarchical.NodeTestTask.executeRecursively(NodeTestTask.java:143)
	at 	at org.junit.platform.engine.support.hierarchical.NodeTestTask.execute(NodeTestTask.java:100)
	at 	at java.base/java.util.ArrayList.forEach(ArrayList.java:1612)
	at 	at org.junit.platform.engine.support.hierarchical.SameThreadHierarchicalTestExecutorService.invokeAll(SameThreadHierarchicalTestExecutorService.java:41)
	at 	at org.junit.platform.engine.support.hierarchical.NodeTestTask.lambda$executeRecursively$6(NodeTestTask.java:160)
	at 	at org.junit.platform.engine.support.hierarchical.ThrowableCollector.execute(ThrowableCollector.java:73)
	at 	at org.junit.platform.engine.support.hierarchical.NodeTestTask.lambda$executeRecursively$8(NodeTestTask.java:146)
	at 	at org.junit.platform.engine.support.hierarchical.Node.around(Node.java:137)
	at 	at org.junit.platform.engine.support.hierarchical.NodeTestTask.lambda$executeRecursively$9(NodeTestTask.java:144)
	at 	at org.junit.platform.engine.support.hierarchical.ThrowableCollector.execute(ThrowableCollector.java:73)
	at 	at org.junit.platform.engine.support.hierarchical.NodeTestTask.executeRecursively(NodeTestTask.java:143)
	at 	at org.junit.platform.engine.support.hierarchical.NodeTestTask.execute(NodeTestTask.java:100)
	at 	at java.base/java.util.ArrayList.forEach(ArrayList.java:1612)
	at 	at org.junit.platform.engine.support.hierarchical.SameThreadHierarchicalTestExecutorService.invokeAll(SameThreadHierarchicalTestExecutorService.java:41)
	at 	at org.junit.platform.engine.support.hierarchical.NodeTestTask.lambda$executeRecursively$6(NodeTestTask.java:160)
	at 	at org.junit.platform.engine.support.hierarchical.ThrowableCollector.execute(ThrowableCollector.java:73)
	at 	at org.junit.platform.engine.support.hierarchical.NodeTestTask.lambda$executeRecursively$8(NodeTestTask.java:146)
	at 	at org.junit.platform.engine.support.hierarchical.Node.around(Node.java:137)
	at 	at org.junit.platform.engine.support.hierarchical.NodeTestTask.lambda$executeRecursively$9(NodeTestTask.java:144)
	at 	at org.junit.platform.engine.support.hierarchical.ThrowableCollector.execute(ThrowableCollector.java:73)
	at 	at org.junit.platform.engine.support.hierarchical.NodeTestTask.executeRecursively(NodeTestTask.java:143)
	at 	at org.junit.platform.engine.support.hierarchical.NodeTestTask.execute(NodeTestTask.java:100)
	at 	at org.junit.platform.engine.support.hierarchical.SameThreadHierarchicalTestExecutorService.submit(SameThreadHierarchicalTestExecutorService.java:35)
	at 	at org.junit.platform.engine.support.hierarchical.HierarchicalTestExecutor.execute(HierarchicalTestExecutor.java:57)
	at 	at org.junit.platform.engine.support.hierarchical.HierarchicalTestEngine.execute(HierarchicalTestEngine.java:54)
	at 	at org.junit.platform.launcher.core.DefaultLauncher.execute(DefaultLauncher.java:220)
	at 	at org.junit.platform.launcher.core.DefaultLauncher.lambda$execute$6(DefaultLauncher.java:188)
	at 	at org.junit.platform.launcher.core.DefaultLauncher.withInterceptedStreams(DefaultLauncher.java:202)
	at 	at org.junit.platform.launcher.core.DefaultLauncher.execute(DefaultLauncher.java:181)
	at 	at org.junit.platform.launcher.core.DefaultLauncher.execute(DefaultLauncher.java:128)
	at 	at org.apache.maven.surefire.junitplatform.JUnitPlatformProvider.invokeAllTests(JUnitPlatformProvider.java:150)
	at 	at org.apache.maven.surefire.junitplatform.JUnitPlatformProvider.invoke(JUnitPlatformProvider.java:124)
	at 	at org.apache.maven.surefire.booter.ForkedBooter.invokeProviderInSameClassLoader(ForkedBooter.java:384)
	at 	at org.apache.maven.surefire.booter.ForkedBooter.runSuitesInProcess(ForkedBooter.java:345)
	at 	at org.apache.maven.surefire.booter.ForkedBooter.execute(ForkedBooter.java:126)
	at 	at org.apache.maven.surefire.booter.ForkedBooter.main(ForkedBooter.java:418)
Caused by: org.xml.sax.SAXParseException: The string "--" is not permitted within comments.
	at 	at java.xml/com.sun.org.apache.xerces.internal.parsers.AbstractSAXParser.parse(AbstractSAXParser.java:1252)
	at 	at java.xml/com.sun.org.apache.xerces.internal.jaxp.SAXParserImpl$JAXPSAXParser.parse(SAXParserImpl.java:629)
	at 	at java.xml/com.sun.org.apache.xerces.internal.jaxp.SAXParserImpl.parse(SAXParserImpl.java:328)
	at 	at ch.qos.logback.core.joran.event.SaxEventRecorder.recordEvents(SaxEventRecorder.java:92)
	at 	... 91 common frames omitted
23:13:25,715 |-INFO in ch.qos.logback.core.model.processor.AppenderModelHandler - Processing appender named [STDOUT]
23:13:25,715 |-INFO in ch.qos.logback.core.model.processor.AppenderModelHandler - About to instantiate appender of type [ch.qos.logback.core.ConsoleAppender]
23:13:25,717 |-INFO in ch.qos.logback.core.model.processor.ImplicitModelHandler - Assuming default type [ch.qos.logback.classic.encoder.PatternLayoutEncoder] for [encoder] property
23:13:25,739 |-INFO in ch.qos.logback.core.ConsoleAppender[STDOUT] - NOTE: Writing to the console can be slow. Try to avoid logging to the 
23:13:25,739 |-INFO in ch.qos.logback.core.ConsoleAppender[STDOUT] - console in production environments, especially in high volume systems.
23:13:25,739 |-INFO in ch.qos.logback.core.ConsoleAppender[STDOUT] - See also https://logback.qos.ch/codes.html#slowConsole
23:13:25,739 |-INFO in ch.qos.logback.classic.model.processor.LoggerModelHandler - Setting level of logger [akka] to WARN
23:13:25,739 |-INFO in ch.qos.logback.classic.model.processor.LoggerModelHandler - Setting level of logger [kalix] to WARN
23:13:25,739 |-INFO in ch.qos.logback.classic.model.processor.LoggerModelHandler - Setting level of logger [akka.runtime.AkkaRuntimeMain] to INFO
23:13:25,739 |-INFO in ch.qos.logback.classic.model.processor.LoggerModelHandler - Setting level of logger [kalix.runtime.DiscoveryManager] to INFO
23:13:25,739 |-INFO in ch.qos.logback.classic.model.processor.LoggerModelHandler - Setting level of logger [kalix.runtime.http.HttpEndpointMethodDefinition] to INFO
23:13:25,739 |-INFO in ch.qos.logback.classic.model.processor.LoggerModelHandler - Setting level of logger [kalix.runtime.VersionCheck] to INFO
23:13:25,739 |-INFO in ch.qos.logback.classic.model.processor.LoggerModelHandler - Setting level of logger [kalix.runtime.AkkaRuntimeConfigLoader] to INFO
23:13:25,740 |-INFO in ch.qos.logback.classic.model.processor.LoggerModelHandler - Setting level of logger [akka.javasdk] to INFO
23:13:25,740 |-INFO in ch.qos.logback.classic.model.processor.LoggerModelHandler - Setting level of logger [dev.langchain4j.model.bedrock.AwsLoggingInterceptor] to DEBUG
23:13:25,740 |-INFO in ch.qos.logback.classic.model.processor.LoggerModelHandler - Setting additivity of logger [dev.langchain4j.model.bedrock.AwsLoggingInterceptor] to false
23:13:25,740 |-INFO in ch.qos.logback.core.model.processor.AppenderRefModelHandler - Attaching appender named [STDOUT] to Logger[dev.langchain4j.model.bedrock.AwsLoggingInterceptor]
23:13:25,740 |-INFO in ch.qos.logback.classic.model.processor.RootLoggerModelHandler - Setting level of ROOT logger to INFO
23:13:25,740 |-INFO in ch.qos.logback.core.model.processor.AppenderRefModelHandler - Attaching appender named [STDOUT] to Logger[ROOT]
23:13:25,740 |-INFO in ch.qos.logback.core.model.processor.DefaultProcessor@3ddc6915 - End of configuration.
23:13:25,741 |-INFO in ch.qos.logback.classic.util.ContextInitializer@79c97cb - ch.qos.logback.classic.util.DefaultJoranConfigurator.configure() call lasted 67 milliseconds. ExecutionStatus=DO_NOT_INVOKE_NEXT_IF_ANY

23:13:26.821 INFO  akka.runtime.AkkaRuntimeMain - Starting Akka Runtime version [1.6.15]
23:13:27.116 INFO  akka.javasdk.impl.ComponentLocator$ - Looking for component descriptors matching pattern [META-INF/akka-javasdk-components_*.conf]
23:13:27.189 INFO  akka.javasdk.testkit.TestKit - Eventing TestKit booting up on port: 54566
23:13:27.347 INFO  akka.javasdk.testkit.TestKit - Checking runtime status
23:13:27.543 INFO  akka.runtime.DiscoveryManager - Service components: EventSourcedEntity: [1], Consumer: [2], View: [1]
23:13:27.710 INFO  akka.runtime.DiscoveryManager - Akka Runtime started at 127.0.0.1:54565
23:13:27.711 INFO  repro.Bootstrap - onStartup burst disabled
23:13:27.850 INFO  akka.javasdk.testkit.TestKit - Runtime started
23:13:27.922 WARN  akka.cluster.sharding.ShardRegion - _timer: Dropping [1] buffered messages to shard [993] during hand off to avoid re-ordering
23:13:27.922 WARN  akka.cluster.sharding.ShardRegion - sharded-daemon-process-eventSourcedProjection-passivation-race-entity-passivation-race-consumer-a: Dropping [1] buffered messages to shard [0] during hand off to avoid re-ordering
23:13:27.926 WARN  akka.cluster.sharding.ShardRegion - sharded-daemon-process-eventSourcedProjection-passivation-race-entity-passivation-race-view: Dropping [1] buffered messages to shard [0] during hand off to avoid re-ordering
23:13:27.926 WARN  akka.cluster.sharding.ShardRegion - sharded-daemon-process-eventSourcedProjection-passivation-race-entity-passivation-race-consumer-b: Dropping [1] buffered messages to shard [0] during hand off to avoid re-ordering
23:13:28.050 INFO  akka.runtime.AkkaRuntimeMain - Starting Akka Runtime version [1.6.15]
23:13:28.066 INFO  akka.javasdk.impl.ComponentLocator$ - Looking for component descriptors matching pattern [META-INF/akka-javasdk-components_*.conf]
23:13:28.078 INFO  akka.javasdk.testkit.TestKit - Eventing TestKit booting up on port: 54573
23:13:28.083 INFO  akka.javasdk.testkit.TestKit - Checking runtime status
23:13:28.162 INFO  akka.runtime.DiscoveryManager - Service components: EventSourcedEntity: [1], Consumer: [2], View: [1]
23:13:28.169 INFO  akka.runtime.DiscoveryManager - Akka Runtime started at 127.0.0.1:54572
23:13:28.170 INFO  repro.Bootstrap - onStartup burst disabled
23:13:28.215 INFO  akka.javasdk.testkit.TestKit - Runtime started
23:13:28.433 WARN  akka.cluster.sharding.ShardRegion - sharded-daemon-process-eventSourcedProjection-passivation-race-entity-passivation-race-consumer-a: Dropping [1] buffered messages to shard [0] during hand off to avoid re-ordering
23:13:28.433 WARN  akka.cluster.sharding.ShardRegion - sharded-daemon-process-eventSourcedProjection-passivation-race-entity-passivation-race-consumer-b: Dropping [1] buffered messages to shard [0] during hand off to avoid re-ordering
23:13:28.433 WARN  akka.cluster.sharding.ShardRegion - sharded-daemon-process-eventSourcedProjection-passivation-race-entity-passivation-race-view: Dropping [1] buffered messages to shard [0] during hand off to avoid re-ordering
23:13:28.534 INFO  akka.runtime.AkkaRuntimeMain - Starting Akka Runtime version [1.6.15]
23:13:28.549 INFO  akka.javasdk.impl.ComponentLocator$ - Looking for component descriptors matching pattern [META-INF/akka-javasdk-components_*.conf]
23:13:28.558 INFO  akka.javasdk.testkit.TestKit - Eventing TestKit booting up on port: 54579
23:13:28.563 INFO  akka.javasdk.testkit.TestKit - Checking runtime status
23:13:28.631 INFO  akka.runtime.DiscoveryManager - Service components: EventSourcedEntity: [1], Consumer: [2], View: [1]
23:13:28.637 INFO  akka.runtime.DiscoveryManager - Akka Runtime started at 127.0.0.1:54578
23:13:28.637 INFO  repro.Bootstrap - onStartup burst disabled
23:13:28.686 INFO  akka.javasdk.testkit.TestKit - Runtime started
23:13:29.183 INFO  akka.runtime.AkkaRuntimeMain - Starting Akka Runtime version [1.6.15]
23:13:29.237 INFO  akka.javasdk.impl.ComponentLocator$ - Looking for component descriptors matching pattern [META-INF/akka-javasdk-components_*.conf]
23:13:29.261 INFO  akka.javasdk.testkit.TestKit - Eventing TestKit booting up on port: 54584
23:13:29.271 INFO  akka.javasdk.testkit.TestKit - Checking runtime status
23:13:29.353 INFO  akka.runtime.DiscoveryManager - Service components: EventSourcedEntity: [1], Consumer: [2], View: [1]
23:13:29.361 INFO  akka.runtime.DiscoveryManager - Akka Runtime started at 127.0.0.1:54583
23:13:29.363 INFO  repro.Bootstrap - onStartup burst disabled
23:13:29.412 INFO  akka.javasdk.testkit.TestKit - Runtime started
23:13:29.626 WARN  akka.cluster.sharding.ShardRegion - sharded-daemon-process-eventSourcedProjection-passivation-race-entity-passivation-race-view: Dropping [1] buffered messages to shard [0] during hand off to avoid re-ordering
23:13:29.626 WARN  akka.cluster.sharding.ShardRegion - sharded-daemon-process-eventSourcedProjection-passivation-race-entity-passivation-race-consumer-b: Dropping [1] buffered messages to shard [0] during hand off to avoid re-ordering
23:13:30.394 WARN  a.c.s.ShardRegion$HandOffStopper - sharded-daemon-process-eventSourcedProjection-passivation-race-entity-passivation-race-consumer-a: [1] of the entities in shard [0] not stopped after [750 milliseconds]. Maybe the handOffStopMessage [akka.projection.ProjectionBehavior$Stop$] is not handled? Waiting additional [250 milliseconds] before stopping the remaining entities.
23:13:30.645 WARN  a.c.s.ShardRegion$HandOffStopper - sharded-daemon-process-eventSourcedProjection-passivation-race-entity-passivation-race-consumer-a: HandOffStopMessage [akka.projection.ProjectionBehavior$Stop$] is not handled by some of the entities in shard [0] after [1 second], stopping the remaining [1] entities.
23:13:30.720 INFO  akka.runtime.AkkaRuntimeMain - Starting Akka Runtime version [1.6.15]
23:13:30.734 INFO  akka.javasdk.impl.ComponentLocator$ - Looking for component descriptors matching pattern [META-INF/akka-javasdk-components_*.conf]
23:13:30.751 INFO  akka.javasdk.testkit.TestKit - Eventing TestKit booting up on port: 54591
23:13:30.755 INFO  akka.javasdk.testkit.TestKit - Checking runtime status
23:13:30.827 INFO  akka.runtime.DiscoveryManager - Service components: EventSourcedEntity: [1], Consumer: [2], View: [1]
23:13:30.831 INFO  akka.runtime.DiscoveryManager - Akka Runtime started at 127.0.0.1:54590
23:13:30.831 INFO  repro.Bootstrap - onStartup burst disabled
23:13:30.877 INFO  akka.javasdk.testkit.TestKit - Runtime started
23:13:31.095 WARN  akka.cluster.sharding.ShardRegion - sharded-daemon-process-eventSourcedProjection-passivation-race-entity-passivation-race-consumer-a: Dropping [1] buffered messages to shard [0] during hand off to avoid re-ordering
23:13:31.095 WARN  akka.cluster.sharding.ShardRegion - sharded-daemon-process-eventSourcedProjection-passivation-race-entity-passivation-race-view: Dropping [1] buffered messages to shard [0] during hand off to avoid re-ordering
23:13:31.863 WARN  a.c.s.ShardRegion$HandOffStopper - sharded-daemon-process-eventSourcedProjection-passivation-race-entity-passivation-race-consumer-b: [1] of the entities in shard [0] not stopped after [750 milliseconds]. Maybe the handOffStopMessage [akka.projection.ProjectionBehavior$Stop$] is not handled? Waiting additional [250 milliseconds] before stopping the remaining entities.
23:13:32.113 WARN  a.c.s.ShardRegion$HandOffStopper - sharded-daemon-process-eventSourcedProjection-passivation-race-entity-passivation-race-consumer-b: HandOffStopMessage [akka.projection.ProjectionBehavior$Stop$] is not handled by some of the entities in shard [0] after [1 second], stopping the remaining [1] entities.
23:13:32.179 INFO  akka.runtime.AkkaRuntimeMain - Starting Akka Runtime version [1.6.15]
23:13:32.191 INFO  akka.javasdk.impl.ComponentLocator$ - Looking for component descriptors matching pattern [META-INF/akka-javasdk-components_*.conf]
23:13:32.200 INFO  akka.javasdk.testkit.TestKit - Eventing TestKit booting up on port: 54596
23:13:32.205 INFO  akka.javasdk.testkit.TestKit - Checking runtime status
23:13:32.277 INFO  akka.runtime.DiscoveryManager - Service components: EventSourcedEntity: [1], Consumer: [2], View: [1]
23:13:32.283 INFO  akka.runtime.DiscoveryManager - Akka Runtime started at 127.0.0.1:54595
23:13:32.283 INFO  repro.Bootstrap - onStartup burst disabled
23:13:32.324 INFO  akka.javasdk.testkit.TestKit - Runtime started
23:13:32.543 WARN  akka.cluster.sharding.ShardRegion - sharded-daemon-process-eventSourcedProjection-passivation-race-entity-passivation-race-consumer-b: Dropping [1] buffered messages to shard [0] during hand off to avoid re-ordering
23:13:32.544 WARN  akka.cluster.sharding.ShardRegion - sharded-daemon-process-eventSourcedProjection-passivation-race-entity-passivation-race-consumer-a: Dropping [1] buffered messages to shard [0] during hand off to avoid re-ordering
23:13:32.552 WARN  akka.cluster.sharding.ShardRegion - sharded-daemon-process-eventSourcedProjection-passivation-race-entity-passivation-race-view: Dropping [1] buffered messages to shard [0] during hand off to avoid re-ordering
23:13:32.612 INFO  akka.runtime.AkkaRuntimeMain - Starting Akka Runtime version [1.6.15]
23:13:32.621 INFO  akka.javasdk.impl.ComponentLocator$ - Looking for component descriptors matching pattern [META-INF/akka-javasdk-components_*.conf]
23:13:32.628 INFO  akka.javasdk.testkit.TestKit - Eventing TestKit booting up on port: 54601
23:13:32.632 INFO  akka.javasdk.testkit.TestKit - Checking runtime status
23:13:32.702 INFO  akka.runtime.DiscoveryManager - Service components: EventSourcedEntity: [1], Consumer: [2], View: [1]
23:13:32.706 INFO  akka.runtime.DiscoveryManager - Akka Runtime started at 127.0.0.1:54600
23:13:32.706 INFO  repro.Bootstrap - onStartup burst disabled
23:13:32.759 INFO  akka.javasdk.testkit.TestKit - Runtime started
23:13:32.968 WARN  akka.cluster.sharding.ShardRegion - sharded-daemon-process-eventSourcedProjection-passivation-race-entity-passivation-race-view: Dropping [1] buffered messages to shard [0] during hand off to avoid re-ordering
23:13:33.736 WARN  a.c.s.ShardRegion$HandOffStopper - sharded-daemon-process-eventSourcedProjection-passivation-race-entity-passivation-race-consumer-b: [1] of the entities in shard [0] not stopped after [750 milliseconds]. Maybe the handOffStopMessage [akka.projection.ProjectionBehavior$Stop$] is not handled? Waiting additional [250 milliseconds] before stopping the remaining entities.
23:13:33.984 WARN  a.c.s.ShardRegion$HandOffStopper - sharded-daemon-process-eventSourcedProjection-passivation-race-entity-passivation-race-consumer-b: HandOffStopMessage [akka.projection.ProjectionBehavior$Stop$] is not handled by some of the entities in shard [0] after [1 second], stopping the remaining [1] entities.
23:13:34.072 INFO  akka.runtime.AkkaRuntimeMain - Starting Akka Runtime version [1.6.15]
23:13:34.080 INFO  akka.javasdk.impl.ComponentLocator$ - Looking for component descriptors matching pattern [META-INF/akka-javasdk-components_*.conf]
23:13:34.087 INFO  akka.javasdk.testkit.TestKit - Eventing TestKit booting up on port: 54607
23:13:34.091 INFO  akka.javasdk.testkit.TestKit - Checking runtime status
23:13:34.162 INFO  akka.runtime.DiscoveryManager - Service components: EventSourcedEntity: [1], Consumer: [2], View: [1]
23:13:34.166 INFO  akka.runtime.DiscoveryManager - Akka Runtime started at 127.0.0.1:54606
23:13:34.166 INFO  repro.Bootstrap - onStartup burst disabled
23:13:34.212 INFO  akka.javasdk.testkit.TestKit - Runtime started
23:13:34.431 WARN  akka.cluster.sharding.ShardRegion - sharded-daemon-process-eventSourcedProjection-passivation-race-entity-passivation-race-consumer-b: Dropping [1] buffered messages to shard [0] during hand off to avoid re-ordering
23:13:34.432 WARN  akka.cluster.sharding.ShardRegion - sharded-daemon-process-eventSourcedProjection-passivation-race-entity-passivation-race-view: Dropping [1] buffered messages to shard [0] during hand off to avoid re-ordering
23:13:35.200 WARN  a.c.s.ShardRegion$HandOffStopper - sharded-daemon-process-eventSourcedProjection-passivation-race-entity-passivation-race-consumer-a: [1] of the entities in shard [0] not stopped after [750 milliseconds]. Maybe the handOffStopMessage [akka.projection.ProjectionBehavior$Stop$] is not handled? Waiting additional [250 milliseconds] before stopping the remaining entities.
23:13:35.447 WARN  a.c.s.ShardRegion$HandOffStopper - sharded-daemon-process-eventSourcedProjection-passivation-race-entity-passivation-race-consumer-a: HandOffStopMessage [akka.projection.ProjectionBehavior$Stop$] is not handled by some of the entities in shard [0] after [1 second], stopping the remaining [1] entities.
23:13:35.515 INFO  akka.runtime.AkkaRuntimeMain - Starting Akka Runtime version [1.6.15]
23:13:35.525 INFO  akka.javasdk.impl.ComponentLocator$ - Looking for component descriptors matching pattern [META-INF/akka-javasdk-components_*.conf]
23:13:35.531 INFO  akka.javasdk.testkit.TestKit - Eventing TestKit booting up on port: 54613
23:13:35.536 INFO  akka.javasdk.testkit.TestKit - Checking runtime status
23:13:35.602 INFO  akka.runtime.DiscoveryManager - Service components: EventSourcedEntity: [1], Consumer: [2], View: [1]
23:13:35.607 INFO  akka.runtime.DiscoveryManager - Akka Runtime started at 127.0.0.1:54612
23:13:35.607 INFO  repro.Bootstrap - onStartup burst disabled
23:13:35.658 INFO  akka.javasdk.testkit.TestKit - Runtime started
23:13:35.868 WARN  akka.cluster.sharding.ShardRegion - sharded-daemon-process-eventSourcedProjection-passivation-race-entity-passivation-race-consumer-a: Dropping [1] buffered messages to shard [0] during hand off to avoid re-ordering
23:13:35.943 INFO  akka.runtime.AkkaRuntimeMain - Starting Akka Runtime version [1.6.15]
23:13:35.961 INFO  akka.javasdk.impl.ComponentLocator$ - Looking for component descriptors matching pattern [META-INF/akka-javasdk-components_*.conf]
23:13:35.969 INFO  akka.javasdk.testkit.TestKit - Eventing TestKit booting up on port: 54618
23:13:35.972 INFO  akka.javasdk.testkit.TestKit - Checking runtime status
23:13:36.045 INFO  akka.runtime.DiscoveryManager - Service components: EventSourcedEntity: [1], Consumer: [2], View: [1]
23:13:36.050 INFO  akka.runtime.DiscoveryManager - Akka Runtime started at 127.0.0.1:54617
23:13:36.051 INFO  repro.Bootstrap - onStartup burst disabled
23:13:36.102 INFO  akka.javasdk.testkit.TestKit - Runtime started
23:13:36.311 WARN  akka.cluster.sharding.ShardRegion - sharded-daemon-process-eventSourcedProjection-passivation-race-entity-passivation-race-consumer-a: Dropping [1] buffered messages to shard [0] during hand off to avoid re-ordering
23:13:36.320 WARN  akka.cluster.sharding.ShardRegion - sharded-daemon-process-eventSourcedProjection-passivation-race-entity-passivation-race-view: Dropping [1] buffered messages to shard [0] during hand off to avoid re-ordering
23:13:36.320 WARN  akka.cluster.sharding.ShardRegion - sharded-daemon-process-eventSourcedProjection-passivation-race-entity-passivation-race-consumer-b: Dropping [1] buffered messages to shard [0] during hand off to avoid re-ordering
23:13:36.403 INFO  akka.runtime.AkkaRuntimeMain - Starting Akka Runtime version [1.6.15]
23:13:36.411 INFO  akka.javasdk.impl.ComponentLocator$ - Looking for component descriptors matching pattern [META-INF/akka-javasdk-components_*.conf]
23:13:36.417 INFO  akka.javasdk.testkit.TestKit - Eventing TestKit booting up on port: 54623
23:13:36.420 INFO  akka.javasdk.testkit.TestKit - Checking runtime status
23:13:36.489 INFO  akka.runtime.DiscoveryManager - Service components: EventSourcedEntity: [1], Consumer: [2], View: [1]
23:13:36.493 INFO  akka.runtime.DiscoveryManager - Akka Runtime started at 127.0.0.1:54622
23:13:36.493 INFO  repro.Bootstrap - onStartup burst disabled
23:13:36.547 INFO  akka.javasdk.testkit.TestKit - Runtime started
23:13:36.756 WARN  akka.cluster.sharding.ShardRegion - sharded-daemon-process-eventSourcedProjection-passivation-race-entity-passivation-race-consumer-a: Dropping [1] buffered messages to shard [0] during hand off to avoid re-ordering
23:13:37.532 WARN  a.c.s.ShardRegion$HandOffStopper - sharded-daemon-process-eventSourcedProjection-passivation-race-entity-passivation-race-view: [1] of the entities in shard [0] not stopped after [750 milliseconds]. Maybe the handOffStopMessage [akka.projection.ProjectionBehavior$Stop$] is not handled? Waiting additional [250 milliseconds] before stopping the remaining entities.
23:13:37.532 WARN  a.c.s.ShardRegion$HandOffStopper - sharded-daemon-process-eventSourcedProjection-passivation-race-entity-passivation-race-consumer-b: [1] of the entities in shard [0] not stopped after [750 milliseconds]. Maybe the handOffStopMessage [akka.projection.ProjectionBehavior$Stop$] is not handled? Waiting additional [250 milliseconds] before stopping the remaining entities.
23:13:37.783 WARN  a.c.s.ShardRegion$HandOffStopper - sharded-daemon-process-eventSourcedProjection-passivation-race-entity-passivation-race-view: HandOffStopMessage [akka.projection.ProjectionBehavior$Stop$] is not handled by some of the entities in shard [0] after [1 second], stopping the remaining [1] entities.
23:13:37.784 WARN  a.c.s.ShardRegion$HandOffStopper - sharded-daemon-process-eventSourcedProjection-passivation-race-entity-passivation-race-consumer-b: HandOffStopMessage [akka.projection.ProjectionBehavior$Stop$] is not handled by some of the entities in shard [0] after [1 second], stopping the remaining [1] entities.
23:13:37.838 INFO  akka.runtime.AkkaRuntimeMain - Starting Akka Runtime version [1.6.15]
23:13:37.845 INFO  akka.javasdk.impl.ComponentLocator$ - Looking for component descriptors matching pattern [META-INF/akka-javasdk-components_*.conf]
23:13:37.852 INFO  akka.javasdk.testkit.TestKit - Eventing TestKit booting up on port: 54628
23:13:37.854 INFO  akka.javasdk.testkit.TestKit - Checking runtime status
23:13:37.920 INFO  akka.runtime.DiscoveryManager - Service components: EventSourcedEntity: [1], Consumer: [2], View: [1]
23:13:37.924 INFO  akka.runtime.DiscoveryManager - Akka Runtime started at 127.0.0.1:54627
23:13:37.924 INFO  repro.Bootstrap - onStartup burst disabled
23:13:37.979 INFO  akka.javasdk.testkit.TestKit - Runtime started
23:13:38.957 WARN  a.c.s.ShardRegion$HandOffStopper - sharded-daemon-process-eventSourcedProjection-passivation-race-entity-passivation-race-view: [1] of the entities in shard [0] not stopped after [750 milliseconds]. Maybe the handOffStopMessage [akka.projection.ProjectionBehavior$Stop$] is not handled? Waiting additional [250 milliseconds] before stopping the remaining entities.
23:13:38.957 WARN  a.c.s.ShardRegion$HandOffStopper - sharded-daemon-process-eventSourcedProjection-passivation-race-entity-passivation-race-consumer-b: [1] of the entities in shard [0] not stopped after [750 milliseconds]. Maybe the handOffStopMessage [akka.projection.ProjectionBehavior$Stop$] is not handled? Waiting additional [250 milliseconds] before stopping the remaining entities.
23:13:39.206 WARN  a.c.s.ShardRegion$HandOffStopper - sharded-daemon-process-eventSourcedProjection-passivation-race-entity-passivation-race-view: HandOffStopMessage [akka.projection.ProjectionBehavior$Stop$] is not handled by some of the entities in shard [0] after [1 second], stopping the remaining [1] entities.
23:13:39.207 WARN  a.c.s.ShardRegion$HandOffStopper - sharded-daemon-process-eventSourcedProjection-passivation-race-entity-passivation-race-consumer-b: HandOffStopMessage [akka.projection.ProjectionBehavior$Stop$] is not handled by some of the entities in shard [0] after [1 second], stopping the remaining [1] entities.
23:13:39.275 INFO  akka.runtime.AkkaRuntimeMain - Starting Akka Runtime version [1.6.15]
23:13:39.283 INFO  akka.javasdk.impl.ComponentLocator$ - Looking for component descriptors matching pattern [META-INF/akka-javasdk-components_*.conf]
23:13:39.289 INFO  akka.javasdk.testkit.TestKit - Eventing TestKit booting up on port: 54633
23:13:39.292 INFO  akka.javasdk.testkit.TestKit - Checking runtime status
23:13:39.364 INFO  akka.runtime.DiscoveryManager - Service components: EventSourcedEntity: [1], Consumer: [2], View: [1]
23:13:39.368 INFO  akka.runtime.DiscoveryManager - Akka Runtime started at 127.0.0.1:54632
23:13:39.369 INFO  repro.Bootstrap - onStartup burst disabled
23:13:39.410 INFO  akka.javasdk.testkit.TestKit - Runtime started
23:13:39.636 WARN  akka.cluster.sharding.ShardRegion - sharded-daemon-process-eventSourcedProjection-passivation-race-entity-passivation-race-view: Dropping [1] buffered messages to shard [0] during hand off to avoid re-ordering
23:13:39.636 WARN  akka.cluster.sharding.ShardRegion - sharded-daemon-process-eventSourcedProjection-passivation-race-entity-passivation-race-consumer-b: Dropping [1] buffered messages to shard [0] during hand off to avoid re-ordering
23:13:39.636 WARN  akka.cluster.sharding.ShardRegion - sharded-daemon-process-eventSourcedProjection-passivation-race-entity-passivation-race-consumer-a: Dropping [1] buffered messages to shard [0] during hand off to avoid re-ordering
23:13:39.688 INFO  akka.runtime.AkkaRuntimeMain - Starting Akka Runtime version [1.6.15]
23:13:39.695 INFO  akka.javasdk.impl.ComponentLocator$ - Looking for component descriptors matching pattern [META-INF/akka-javasdk-components_*.conf]
23:13:39.701 INFO  akka.javasdk.testkit.TestKit - Eventing TestKit booting up on port: 54639
23:13:39.704 INFO  akka.javasdk.testkit.TestKit - Checking runtime status
23:13:39.774 INFO  akka.runtime.DiscoveryManager - Service components: EventSourcedEntity: [1], Consumer: [2], View: [1]
23:13:39.779 INFO  akka.runtime.DiscoveryManager - Akka Runtime started at 127.0.0.1:54638
23:13:39.780 INFO  repro.Bootstrap - onStartup burst disabled
23:13:39.821 INFO  akka.javasdk.testkit.TestKit - Runtime started
23:13:40.810 WARN  a.c.s.ShardRegion$HandOffStopper - sharded-daemon-process-eventSourcedProjection-passivation-race-entity-passivation-race-view: [1] of the entities in shard [0] not stopped after [750 milliseconds]. Maybe the handOffStopMessage [akka.projection.ProjectionBehavior$Stop$] is not handled? Waiting additional [250 milliseconds] before stopping the remaining entities.
23:13:41.060 WARN  a.c.s.ShardRegion$HandOffStopper - sharded-daemon-process-eventSourcedProjection-passivation-race-entity-passivation-race-view: HandOffStopMessage [akka.projection.ProjectionBehavior$Stop$] is not handled by some of the entities in shard [0] after [1 second], stopping the remaining [1] entities.
23:13:41.132 INFO  akka.runtime.AkkaRuntimeMain - Starting Akka Runtime version [1.6.15]
23:13:41.139 INFO  akka.javasdk.impl.ComponentLocator$ - Looking for component descriptors matching pattern [META-INF/akka-javasdk-components_*.conf]
23:13:41.146 INFO  akka.javasdk.testkit.TestKit - Eventing TestKit booting up on port: 54644
23:13:41.149 INFO  akka.javasdk.testkit.TestKit - Checking runtime status
23:13:41.221 INFO  akka.runtime.DiscoveryManager - Service components: EventSourcedEntity: [1], Consumer: [2], View: [1]
23:13:41.224 INFO  akka.runtime.DiscoveryManager - Akka Runtime started at 127.0.0.1:54643
23:13:41.224 INFO  repro.Bootstrap - onStartup burst disabled
23:13:41.269 INFO  akka.javasdk.testkit.TestKit - Runtime started
23:13:41.490 WARN  akka.cluster.sharding.ShardRegion - sharded-daemon-process-eventSourcedProjection-passivation-race-entity-passivation-race-view: Dropping [1] buffered messages to shard [0] during hand off to avoid re-ordering
23:13:41.490 WARN  akka.cluster.sharding.ShardRegion - sharded-daemon-process-eventSourcedProjection-passivation-race-entity-passivation-race-consumer-a: Dropping [1] buffered messages to shard [0] during hand off to avoid re-ordering
23:13:42.258 WARN  a.c.s.ShardRegion$HandOffStopper - sharded-daemon-process-eventSourcedProjection-passivation-race-entity-passivation-race-consumer-b: [1] of the entities in shard [0] not stopped after [750 milliseconds]. Maybe the handOffStopMessage [akka.projection.ProjectionBehavior$Stop$] is not handled? Waiting additional [250 milliseconds] before stopping the remaining entities.
23:13:42.506 WARN  a.c.s.ShardRegion$HandOffStopper - sharded-daemon-process-eventSourcedProjection-passivation-race-entity-passivation-race-consumer-b: HandOffStopMessage [akka.projection.ProjectionBehavior$Stop$] is not handled by some of the entities in shard [0] after [1 second], stopping the remaining [1] entities.
[ERROR] [09/22/2026 23:13:42.516] [akka-runtime-akka.actor.default-dispatcher-10] [akka://akka-runtime@127.0.0.1:54645/system/pool-master] connection pool for Pool(shared->http://localhost:54643) has shut down unexpectedly
java.lang.IllegalStateException: Pool shutdown unexpectedly
	at akka.http.impl.engine.client.PoolInterface$Logic.postStop(PoolInterface.scala:208)
	at akka.stream.impl.fusing.GraphInterpreter.finalizeStage(GraphInterpreter.scala:618)
	at akka.stream.impl.fusing.GraphInterpreter.finish(GraphInterpreter.scala:328)
	at akka.stream.impl.fusing.GraphInterpreterShell.tryAbort(ActorGraphInterpreter.scala:689)
	at akka.stream.impl.fusing.ActorGraphInterpreter.$anonfun$postStop$1(ActorGraphInterpreter.scala:846)
	at akka.stream.impl.fusing.ActorGraphInterpreter.$anonfun$postStop$1$adapted(ActorGraphInterpreter.scala:846)
	at scala.collection.immutable.Set$Set1.foreach(Set.scala:177)
	at akka.stream.impl.fusing.ActorGraphInterpreter.postStop(ActorGraphInterpreter.scala:846)
	at akka.actor.Actor.aroundPostStop(Actor.scala:561)
	at akka.actor.Actor.aroundPostStop$(Actor.scala:561)
	at akka.stream.impl.fusing.ActorGraphInterpreter.aroundPostStop(ActorGraphInterpreter.scala:716)
	at akka.actor.dungeon.FaultHandling.finishTerminate(FaultHandling.scala:243)
	at akka.actor.dungeon.FaultHandling.terminate(FaultHandling.scala:200)
	at akka.actor.dungeon.FaultHandling.terminate$(FaultHandling.scala:169)
	at akka.actor.ActorCell.terminate(ActorCell.scala:406)
	at akka.actor.ActorCell.invokeAll$1(ActorCell.scala:515)
	at akka.actor.ActorCell.systemInvoke(ActorCell.scala:531)
	at akka.dispatch.Mailbox.processAllSystemMessages(Mailbox.scala:293)
	at akka.dispatch.Mailbox.run(Mailbox.scala:228)
	at akka.dispatch.Mailbox.exec(Mailbox.scala:241)
	at java.base/java.util.concurrent.ForkJoinTask.doExec(ForkJoinTask.java:507)
	at java.base/java.util.concurrent.ForkJoinPool$WorkQueue.topLevelExec(ForkJoinPool.java:1450)
	at java.base/java.util.concurrent.ForkJoinPool.runWorker(ForkJoinPool.java:2019)
	at java.base/java.util.concurrent.ForkJoinWorkerThread.run(ForkJoinWorkerThread.java:187)

=== BootstrapWorkTimingTest [baseline, no burst]: 15 cycles ===
start() ms per cycle: [2085, 257, 234, 447, 221, 201, 198, 214, 197, 214, 207, 185, 192, 173, 189]  sum=5214 min=173 max=2085 mean=347
stop() ms per cycle: [104, 235, 277, 1242, 1246, 235, 1237, 1248, 228, 236, 1246, 1237, 236, 1257, 1250]  sum=11514 min=104 max=1257 mean=767
[INFO] Tests run: 1, Failures: 0, Errors: 0, Skipped: 0, Time elapsed: 16.887 s - in repro.BootstrapWorkTimingTest
[INFO] 
[INFO] Results:
[INFO] 
[INFO] Tests run: 1, Failures: 0, Errors: 0, Skipped: 0
[INFO] 
[INFO] ------------------------------------------------------------------------
[INFO] BUILD SUCCESS
[INFO] ------------------------------------------------------------------------
[INFO] Total time:  19.367 s
[INFO] Finished at: 2026-09-22T23:13:42+10:00
[INFO] ------------------------------------------------------------------------
