[INFO] Scanning for projects...
[INFO] ------------------------------------------------------------------------
[INFO] Detecting the operating system and CPU architecture
[INFO] ------------------------------------------------------------------------
[INFO] os.detected.name: osx
[INFO] os.detected.arch: aarch_64
[INFO] os.detected.bitness: 64
[INFO] os.detected.version: 27.0
[INFO] os.detected.version.major: 27
[INFO] os.detected.version.minor: 0
[INFO] os.detected.classifier: osx-aarch_64
[INFO] 
[INFO] ---------------< io.akka.repro:akka-testkit-race-repro >----------------
[INFO] Building akka-testkit-race-repro 0.1.0-SNAPSHOT
[INFO]   from pom.xml
[INFO] --------------------------------[ jar ]---------------------------------
[INFO] 
[INFO] --- enforcer:3.5.0:enforce (enforce-build-rules) @ akka-testkit-race-repro ---
[INFO] No dependency conflicts with Akka runtime detected.
[INFO] Rule 0: akka.javasdk.enforcer.AkkaRuntimeDependencyRule(akkaRuntimeDependencyCheck) passed
[INFO] Rule 1: org.apache.maven.enforcer.rules.version.RequireMavenVersion passed
[INFO] Rule 2: org.apache.maven.enforcer.rules.version.RequireJavaVersion passed
[INFO] 
[INFO] --- antrun:3.1.0:run (clean-on-missing-descriptor) @ akka-testkit-race-repro ---
[INFO] Executing tasks
[INFO] Executed tasks
[INFO] 
[INFO] --- build-helper:3.2.0:add-source (add-java-source) @ akka-testkit-race-repro ---
[INFO] Source directory: /Users/jz/code/akka-testkit-race-repro/target/generated-sources/akka-grpc-java added.
[INFO] 
[INFO] --- resources:3.4.0:resources (default-resources) @ akka-testkit-race-repro ---
[INFO] Copying 1 resource from src/main/resources to target/classes
[INFO] 
[INFO] --- compiler:3.13.0:compile (default-compile) @ akka-testkit-race-repro ---
[INFO] Nothing to compile - all classes are up to date.
[INFO] 
[INFO] --- build-helper:3.2.0:add-test-source (add-integration-test-source) @ akka-testkit-race-repro ---
[INFO] Test Source directory: /Users/jz/code/akka-testkit-race-repro/src/it/java added.
[INFO] 
[INFO] --- build-helper:3.2.0:add-test-resource (add-integration-test-resource) @ akka-testkit-race-repro ---
[INFO] 
[INFO] --- resources:3.4.0:testResources (default-testResources) @ akka-testkit-race-repro ---
[INFO] Copying 2 resources from src/test/resources to target/test-classes
[INFO] skip non existing resourceDirectory /Users/jz/code/akka-testkit-race-repro/src/it/resources
[INFO] 
[INFO] --- compiler:3.13.0:testCompile (default-testCompile) @ akka-testkit-race-repro ---
[INFO] Nothing to compile - all classes are up to date.
[INFO] 
[INFO] --- surefire:2.22.2:test (default-test) @ akka-testkit-race-repro ---
[WARNING] The system property akka.javasdk.dev-mode.project-artifact-id is configured twice! The property appears in <argLine/> and any of <systemPropertyVariables/>, <systemProperties/> or user property.
[WARNING] The system property logback.configurationFile is configured twice! The property appears in <argLine/> and any of <systemPropertyVariables/>, <systemProperties/> or user property.
[INFO] 
[INFO] -------------------------------------------------------
[INFO]  T E S T S
[INFO] -------------------------------------------------------
[INFO] Running repro.BootstrapWorkTimingTest
23:13:02,167 |-INFO in ch.qos.logback.classic.LoggerContext[default] - Found logback-core version 1.5.38
23:13:02,167 |-INFO in ch.qos.logback.classic.util.ContextInitializer@79c97cb - No custom configurators were discovered as a service.
23:13:02,167 |-INFO in ch.qos.logback.classic.util.ContextInitializer@79c97cb - Trying to configure with ch.qos.logback.classic.util.DefaultJoranConfigurator
23:13:02,168 |-INFO in ch.qos.logback.classic.util.ContextInitializer@79c97cb - Constructed configurator of type class ch.qos.logback.classic.util.DefaultJoranConfigurator
23:13:02,170 |-INFO in ch.qos.logback.classic.LoggerContext[default] - Found resource [logback-runtime-dev-mode.xml] at [jar:file:/Users/jz/code/worktrees/nexus/vibrant-swanson-e4f544/.mvn/tier1/io/akka/akka-runtime-dev_2.13/1.6.15/akka-runtime-dev_2.13-1.6.15.jar!/logback-runtime-dev-mode.xml]
23:13:02,203 |-INFO in ch.qos.logback.classic.model.processor.ConfigurationModelHandlerFull - Scan attribute not set or set to unrecognized value.
23:13:02,204 |-INFO in ch.qos.logback.core.model.processor.ConversionRuleModelHandler - registering conversion word rewriteLogger with class [akka.runtime.logging.LogbackDevModeRewriteLogger]
23:13:02,204 |-INFO in ch.qos.logback.core.model.processor.ConversionRuleModelHandler - registering conversion word rewriteMsg with class [akka.runtime.logging.LogbackDevModeRewriteMessage]
23:13:02,205 |-INFO in ch.qos.logback.core.model.processor.IncludeModelHandler - Including configuration file [file:/Users/jz/code/akka-testkit-race-repro/target/test-classes/include-dev-loggers.xml]
23:13:02,209 |-ERROR in ch.qos.logback.core.joran.event.SaxEventRecorder@2d9caaeb - XML_PARSING - Parsing fatal error on line 8 and column 52
23:13:02,209 |-ERROR in ch.qos.logback.core.joran.event.SaxEventRecorder@2d9caaeb - org.xml.sax.SAXParseException; lineNumber: 8; columnNumber: 52; The string "--" is not permitted within comments.
23:13:02,209 |-ERROR in ch.qos.logback.core.model.processor.IncludeModelHandler - Error processing XML data in [include-dev-loggers.xml] ch.qos.logback.core.joran.spi.JoranException: Problem parsing XML document. See previously reported errors.
	at ch.qos.logback.core.joran.spi.JoranException: Problem parsing XML document. See previously reported errors.
	at 	at ch.qos.logback.core.joran.event.SaxEventRecorder.recordEvents(SaxEventRecorder.java:99)
	at 	at ch.qos.logback.core.joran.event.SaxEventRecorder.recordEvents(SaxEventRecorder.java:82)
	at 	at ch.qos.logback.core.model.processor.IncludeModelHandler.populateSaxEventRecorder(IncludeModelHandler.java:147)
	at 	at ch.qos.logback.core.model.processor.IncludeModelHandler.buildModelFromIncludedFile(IncludeModelHandler.java:114)
	at 	at ch.qos.logback.core.model.processor.IncludeModelHandler.handle(IncludeModelHandler.java:67)
	at 	at ch.qos.logback.core.model.processor.DefaultProcessor.mainTraverse(DefaultProcessor.java:207)
	at 	at ch.qos.logback.core.model.processor.DefaultProcessor.mainTraverse(DefaultProcessor.java:215)
	at 	at ch.qos.logback.core.model.processor.DefaultProcessor.process(DefaultProcessor.java:102)
	at 	at ch.qos.logback.core.joran.GenericXMLConfigurator.processModel(GenericXMLConfigurator.java:239)
	at 	at ch.qos.logback.core.joran.GenericXMLConfigurator.doConfigure(GenericXMLConfigurator.java:195)
	at 	at ch.qos.logback.core.joran.GenericXMLConfigurator.doConfigure(GenericXMLConfigurator.java:139)
	at 	at ch.qos.logback.core.joran.GenericXMLConfigurator.doConfigure(GenericXMLConfigurator.java:76)
	at 	at ch.qos.logback.classic.util.DefaultJoranConfigurator.configureByResource(DefaultJoranConfigurator.java:82)
	at 	at ch.qos.logback.classic.util.DefaultJoranConfigurator.configure(DefaultJoranConfigurator.java:49)
	at 	at ch.qos.logback.classic.util.ContextInitializer.invokeConfigure(ContextInitializer.java:161)
	at 	at ch.qos.logback.classic.util.ContextInitializer.autoConfig(ContextInitializer.java:109)
	at 	at ch.qos.logback.classic.util.ContextInitializer.autoConfig(ContextInitializer.java:67)
	at 	at ch.qos.logback.classic.spi.LogbackServiceProvider.initializeLoggerContext(LogbackServiceProvider.java:65)
	at 	at ch.qos.logback.classic.spi.LogbackServiceProvider.initialize(LogbackServiceProvider.java:58)
	at 	at org.slf4j.LoggerFactory.bind(LoggerFactory.java:199)
	at 	at org.slf4j.LoggerFactory.performInitialization(LoggerFactory.java:186)
	at 	at org.slf4j.LoggerFactory.getProvider(LoggerFactory.java:496)
	at 	at org.slf4j.LoggerFactory.getILoggerFactory(LoggerFactory.java:482)
	at 	at org.slf4j.LoggerFactory.getLogger(LoggerFactory.java:431)
	at 	at org.slf4j.LoggerFactory.getLogger(LoggerFactory.java:457)
	at 	at akka.javasdk.testkit.TestKit.<clinit>(TestKit.java:827)
	at 	at repro.BootstrapWorkTimingTest.cycle(BootstrapWorkTimingTest.java:49)
	at 	at repro.BootstrapWorkTimingTest.withoutBurstFromOnStartup(BootstrapWorkTimingTest.java:33)
	at 	at java.base/jdk.internal.reflect.DirectMethodHandleAccessor.invoke(DirectMethodHandleAccessor.java:104)
	at 	at java.base/java.lang.reflect.Method.invoke(Method.java:583)
	at 	at org.junit.platform.commons.util.ReflectionUtils.invokeMethod(ReflectionUtils.java:767)
	at 	at org.junit.jupiter.engine.execution.MethodInvocation.proceed(MethodInvocation.java:60)
	at 	at org.junit.jupiter.engine.execution.InvocationInterceptorChain$ValidatingInvocation.proceed(InvocationInterceptorChain.java:131)
	at 	at org.junit.jupiter.engine.extension.SameThreadTimeoutInvocation.proceed(SameThreadTimeoutInvocation.java:45)
	at 	at org.junit.jupiter.engine.extension.TimeoutExtension.intercept(TimeoutExtension.java:156)
	at 	at org.junit.jupiter.engine.extension.TimeoutExtension.interceptTestableMethod(TimeoutExtension.java:147)
	at 	at org.junit.jupiter.engine.extension.TimeoutExtension.interceptTestMethod(TimeoutExtension.java:86)
	at 	at org.junit.jupiter.engine.execution.InterceptingExecutableInvoker$ReflectiveInterceptorCall.lambda$ofVoidMethod$0(InterceptingExecutableInvoker.java:103)
	at 	at org.junit.jupiter.engine.execution.InterceptingExecutableInvoker.lambda$invoke$0(InterceptingExecutableInvoker.java:93)
	at 	at org.junit.jupiter.engine.execution.InvocationInterceptorChain$InterceptedInvocation.proceed(InvocationInterceptorChain.java:106)
	at 	at org.junit.jupiter.engine.execution.InvocationInterceptorChain.proceed(InvocationInterceptorChain.java:64)
	at 	at org.junit.jupiter.engine.execution.InvocationInterceptorChain.chainAndInvoke(InvocationInterceptorChain.java:45)
	at 	at org.junit.jupiter.engine.execution.InvocationInterceptorChain.invoke(InvocationInterceptorChain.java:37)
	at 	at org.junit.jupiter.engine.execution.InterceptingExecutableInvoker.invoke(InterceptingExecutableInvoker.java:92)
	at 	at org.junit.jupiter.engine.execution.InterceptingExecutableInvoker.invoke(InterceptingExecutableInvoker.java:86)
	at 	at org.junit.jupiter.engine.descriptor.TestMethodTestDescriptor.lambda$invokeTestMethod$8(TestMethodTestDescriptor.java:217)
	at 	at org.junit.platform.engine.support.hierarchical.ThrowableCollector.execute(ThrowableCollector.java:73)
	at 	at org.junit.jupiter.engine.descriptor.TestMethodTestDescriptor.invokeTestMethod(TestMethodTestDescriptor.java:213)
	at 	at org.junit.jupiter.engine.descriptor.TestMethodTestDescriptor.execute(TestMethodTestDescriptor.java:138)
	at 	at org.junit.jupiter.engine.descriptor.TestMethodTestDescriptor.execute(TestMethodTestDescriptor.java:68)
	at 	at org.junit.platform.engine.support.hierarchical.NodeTestTask.lambda$executeRecursively$6(NodeTestTask.java:156)
	at 	at org.junit.platform.engine.support.hierarchical.ThrowableCollector.execute(ThrowableCollector.java:73)
	at 	at org.junit.platform.engine.support.hierarchical.NodeTestTask.lambda$executeRecursively$8(NodeTestTask.java:146)
	at 	at org.junit.platform.engine.support.hierarchical.Node.around(Node.java:137)
	at 	at org.junit.platform.engine.support.hierarchical.NodeTestTask.lambda$executeRecursively$9(NodeTestTask.java:144)
	at 	at org.junit.platform.engine.support.hierarchical.ThrowableCollector.execute(ThrowableCollector.java:73)
	at 	at org.junit.platform.engine.support.hierarchical.NodeTestTask.executeRecursively(NodeTestTask.java:143)
	at 	at org.junit.platform.engine.support.hierarchical.NodeTestTask.execute(NodeTestTask.java:100)
	at 	at java.base/java.util.ArrayList.forEach(ArrayList.java:1612)
	at 	at org.junit.platform.engine.support.hierarchical.SameThreadHierarchicalTestExecutorService.invokeAll(SameThreadHierarchicalTestExecutorService.java:41)
	at 	at org.junit.platform.engine.support.hierarchical.NodeTestTask.lambda$executeRecursively$6(NodeTestTask.java:160)
	at 	at org.junit.platform.engine.support.hierarchical.ThrowableCollector.execute(ThrowableCollector.java:73)
	at 	at org.junit.platform.engine.support.hierarchical.NodeTestTask.lambda$executeRecursively$8(NodeTestTask.java:146)
	at 	at org.junit.platform.engine.support.hierarchical.Node.around(Node.java:137)
	at 	at org.junit.platform.engine.support.hierarchical.NodeTestTask.lambda$executeRecursively$9(NodeTestTask.java:144)
	at 	at org.junit.platform.engine.support.hierarchical.ThrowableCollector.execute(ThrowableCollector.java:73)
	at 	at org.junit.platform.engine.support.hierarchical.NodeTestTask.executeRecursively(NodeTestTask.java:143)
	at 	at org.junit.platform.engine.support.hierarchical.NodeTestTask.execute(NodeTestTask.java:100)
	at 	at java.base/java.util.ArrayList.forEach(ArrayList.java:1612)
	at 	at org.junit.platform.engine.support.hierarchical.SameThreadHierarchicalTestExecutorService.invokeAll(SameThreadHierarchicalTestExecutorService.java:41)
	at 	at org.junit.platform.engine.support.hierarchical.NodeTestTask.lambda$executeRecursively$6(NodeTestTask.java:160)
	at 	at org.junit.platform.engine.support.hierarchical.ThrowableCollector.execute(ThrowableCollector.java:73)
	at 	at org.junit.platform.engine.support.hierarchical.NodeTestTask.lambda$executeRecursively$8(NodeTestTask.java:146)
	at 	at org.junit.platform.engine.support.hierarchical.Node.around(Node.java:137)
	at 	at org.junit.platform.engine.support.hierarchical.NodeTestTask.lambda$executeRecursively$9(NodeTestTask.java:144)
	at 	at org.junit.platform.engine.support.hierarchical.ThrowableCollector.execute(ThrowableCollector.java:73)
	at 	at org.junit.platform.engine.support.hierarchical.NodeTestTask.executeRecursively(NodeTestTask.java:143)
	at 	at org.junit.platform.engine.support.hierarchical.NodeTestTask.execute(NodeTestTask.java:100)
	at 	at org.junit.platform.engine.support.hierarchical.SameThreadHierarchicalTestExecutorService.submit(SameThreadHierarchicalTestExecutorService.java:35)
	at 	at org.junit.platform.engine.support.hierarchical.HierarchicalTestExecutor.execute(HierarchicalTestExecutor.java:57)
	at 	at org.junit.platform.engine.support.hierarchical.HierarchicalTestEngine.execute(HierarchicalTestEngine.java:54)
	at 	at org.junit.platform.launcher.core.DefaultLauncher.execute(DefaultLauncher.java:220)
	at 	at org.junit.platform.launcher.core.DefaultLauncher.lambda$execute$6(DefaultLauncher.java:188)
	at 	at org.junit.platform.launcher.core.DefaultLauncher.withInterceptedStreams(DefaultLauncher.java:202)
	at 	at org.junit.platform.launcher.core.DefaultLauncher.execute(DefaultLauncher.java:181)
	at 	at org.junit.platform.launcher.core.DefaultLauncher.execute(DefaultLauncher.java:128)
	at 	at org.apache.maven.surefire.junitplatform.JUnitPlatformProvider.invokeAllTests(JUnitPlatformProvider.java:150)
	at 	at org.apache.maven.surefire.junitplatform.JUnitPlatformProvider.invoke(JUnitPlatformProvider.java:124)
	at 	at org.apache.maven.surefire.booter.ForkedBooter.invokeProviderInSameClassLoader(ForkedBooter.java:384)
	at 	at org.apache.maven.surefire.booter.ForkedBooter.runSuitesInProcess(ForkedBooter.java:345)
	at 	at org.apache.maven.surefire.booter.ForkedBooter.execute(ForkedBooter.java:126)
	at 	at org.apache.maven.surefire.booter.ForkedBooter.main(ForkedBooter.java:418)
Caused by: org.xml.sax.SAXParseException: The string "--" is not permitted within comments.
	at 	at java.xml/com.sun.org.apache.xerces.internal.parsers.AbstractSAXParser.parse(AbstractSAXParser.java:1252)
	at 	at java.xml/com.sun.org.apache.xerces.internal.jaxp.SAXParserImpl$JAXPSAXParser.parse(SAXParserImpl.java:629)
	at 	at java.xml/com.sun.org.apache.xerces.internal.jaxp.SAXParserImpl.parse(SAXParserImpl.java:328)
	at 	at ch.qos.logback.core.joran.event.SaxEventRecorder.recordEvents(SaxEventRecorder.java:92)
	at 	... 91 common frames omitted
23:13:02,210 |-INFO in ch.qos.logback.core.model.processor.AppenderModelHandler - Processing appender named [STDOUT]
23:13:02,210 |-INFO in ch.qos.logback.core.model.processor.AppenderModelHandler - About to instantiate appender of type [ch.qos.logback.core.ConsoleAppender]
23:13:02,214 |-INFO in ch.qos.logback.core.model.processor.ImplicitModelHandler - Assuming default type [ch.qos.logback.classic.encoder.PatternLayoutEncoder] for [encoder] property
23:13:02,235 |-INFO in ch.qos.logback.core.ConsoleAppender[STDOUT] - NOTE: Writing to the console can be slow. Try to avoid logging to the 
23:13:02,235 |-INFO in ch.qos.logback.core.ConsoleAppender[STDOUT] - console in production environments, especially in high volume systems.
23:13:02,235 |-INFO in ch.qos.logback.core.ConsoleAppender[STDOUT] - See also https://logback.qos.ch/codes.html#slowConsole
23:13:02,235 |-INFO in ch.qos.logback.classic.model.processor.LoggerModelHandler - Setting level of logger [akka] to WARN
23:13:02,235 |-INFO in ch.qos.logback.classic.model.processor.LoggerModelHandler - Setting level of logger [kalix] to WARN
23:13:02,235 |-INFO in ch.qos.logback.classic.model.processor.LoggerModelHandler - Setting level of logger [akka.runtime.AkkaRuntimeMain] to INFO
23:13:02,235 |-INFO in ch.qos.logback.classic.model.processor.LoggerModelHandler - Setting level of logger [kalix.runtime.DiscoveryManager] to INFO
23:13:02,235 |-INFO in ch.qos.logback.classic.model.processor.LoggerModelHandler - Setting level of logger [kalix.runtime.http.HttpEndpointMethodDefinition] to INFO
23:13:02,235 |-INFO in ch.qos.logback.classic.model.processor.LoggerModelHandler - Setting level of logger [kalix.runtime.VersionCheck] to INFO
23:13:02,235 |-INFO in ch.qos.logback.classic.model.processor.LoggerModelHandler - Setting level of logger [kalix.runtime.AkkaRuntimeConfigLoader] to INFO
23:13:02,235 |-INFO in ch.qos.logback.classic.model.processor.LoggerModelHandler - Setting level of logger [akka.javasdk] to INFO
23:13:02,235 |-INFO in ch.qos.logback.classic.model.processor.LoggerModelHandler - Setting level of logger [dev.langchain4j.model.bedrock.AwsLoggingInterceptor] to DEBUG
23:13:02,236 |-INFO in ch.qos.logback.classic.model.processor.LoggerModelHandler - Setting additivity of logger [dev.langchain4j.model.bedrock.AwsLoggingInterceptor] to false
23:13:02,236 |-INFO in ch.qos.logback.core.model.processor.AppenderRefModelHandler - Attaching appender named [STDOUT] to Logger[dev.langchain4j.model.bedrock.AwsLoggingInterceptor]
23:13:02,236 |-INFO in ch.qos.logback.classic.model.processor.RootLoggerModelHandler - Setting level of ROOT logger to INFO
23:13:02,236 |-INFO in ch.qos.logback.core.model.processor.AppenderRefModelHandler - Attaching appender named [STDOUT] to Logger[ROOT]
23:13:02,236 |-INFO in ch.qos.logback.core.model.processor.DefaultProcessor@3ddc6915 - End of configuration.
23:13:02,238 |-INFO in ch.qos.logback.classic.util.ContextInitializer@79c97cb - ch.qos.logback.classic.util.DefaultJoranConfigurator.configure() call lasted 69 milliseconds. ExecutionStatus=DO_NOT_INVOKE_NEXT_IF_ANY

23:13:03.222 INFO  akka.runtime.AkkaRuntimeMain - Starting Akka Runtime version [1.6.15]
23:13:03.467 INFO  akka.javasdk.impl.ComponentLocator$ - Looking for component descriptors matching pattern [META-INF/akka-javasdk-components_*.conf]
23:13:03.539 INFO  akka.javasdk.testkit.TestKit - Eventing TestKit booting up on port: 54483
23:13:03.733 INFO  akka.javasdk.testkit.TestKit - Checking runtime status
23:13:03.923 INFO  akka.runtime.DiscoveryManager - Service components: EventSourcedEntity: [1], Consumer: [2], View: [1]
23:13:04.078 INFO  akka.runtime.DiscoveryManager - Akka Runtime started at 127.0.0.1:54482
23:13:04.079 INFO  repro.Bootstrap - onStartup burst disabled
23:13:04.228 INFO  akka.javasdk.testkit.TestKit - Runtime started
23:13:04.284 WARN  akka.cluster.sharding.ShardRegion - _timer: Dropping [1] buffered messages to shard [993] during hand off to avoid re-ordering
23:13:04.289 WARN  akka.cluster.sharding.ShardRegion - sharded-daemon-process-eventSourcedProjection-passivation-race-entity-passivation-race-consumer-a: Dropping [1] buffered messages to shard [0] during hand off to avoid re-ordering
23:13:04.289 WARN  akka.cluster.sharding.ShardRegion - sharded-daemon-process-eventSourcedProjection-passivation-race-entity-passivation-race-view: Dropping [1] buffered messages to shard [0] during hand off to avoid re-ordering
23:13:04.438 INFO  akka.runtime.AkkaRuntimeMain - Starting Akka Runtime version [1.6.15]
23:13:04.459 INFO  akka.javasdk.impl.ComponentLocator$ - Looking for component descriptors matching pattern [META-INF/akka-javasdk-components_*.conf]
23:13:04.474 INFO  akka.javasdk.testkit.TestKit - Eventing TestKit booting up on port: 54489
23:13:04.480 INFO  akka.javasdk.testkit.TestKit - Checking runtime status
23:13:04.548 INFO  akka.runtime.DiscoveryManager - Service components: EventSourcedEntity: [1], Consumer: [2], View: [1]
23:13:04.555 INFO  akka.runtime.DiscoveryManager - Akka Runtime started at 127.0.0.1:54488
23:13:04.555 INFO  repro.Bootstrap - onStartup burst disabled
23:13:04.603 INFO  akka.javasdk.testkit.TestKit - Runtime started
23:13:05.590 WARN  a.c.s.ShardRegion$HandOffStopper - sharded-daemon-process-eventSourcedProjection-passivation-race-entity-passivation-race-consumer-a: [1] of the entities in shard [0] not stopped after [750 milliseconds]. Maybe the handOffStopMessage [akka.projection.ProjectionBehavior$Stop$] is not handled? Waiting additional [250 milliseconds] before stopping the remaining entities.
23:13:05.591 WARN  a.c.s.ShardRegion$HandOffStopper - sharded-daemon-process-eventSourcedProjection-passivation-race-entity-passivation-race-consumer-b: [1] of the entities in shard [0] not stopped after [750 milliseconds]. Maybe the handOffStopMessage [akka.projection.ProjectionBehavior$Stop$] is not handled? Waiting additional [250 milliseconds] before stopping the remaining entities.
23:13:05.591 WARN  a.c.s.ShardRegion$HandOffStopper - sharded-daemon-process-eventSourcedProjection-passivation-race-entity-passivation-race-view: [1] of the entities in shard [0] not stopped after [750 milliseconds]. Maybe the handOffStopMessage [akka.projection.ProjectionBehavior$Stop$] is not handled? Waiting additional [250 milliseconds] before stopping the remaining entities.
23:13:05.840 WARN  a.c.s.ShardRegion$HandOffStopper - sharded-daemon-process-eventSourcedProjection-passivation-race-entity-passivation-race-view: HandOffStopMessage [akka.projection.ProjectionBehavior$Stop$] is not handled by some of the entities in shard [0] after [1 second], stopping the remaining [1] entities.
23:13:05.840 WARN  a.c.s.ShardRegion$HandOffStopper - sharded-daemon-process-eventSourcedProjection-passivation-race-entity-passivation-race-consumer-b: HandOffStopMessage [akka.projection.ProjectionBehavior$Stop$] is not handled by some of the entities in shard [0] after [1 second], stopping the remaining [1] entities.
23:13:05.840 WARN  a.c.s.ShardRegion$HandOffStopper - sharded-daemon-process-eventSourcedProjection-passivation-race-entity-passivation-race-consumer-a: HandOffStopMessage [akka.projection.ProjectionBehavior$Stop$] is not handled by some of the entities in shard [0] after [1 second], stopping the remaining [1] entities.
23:13:05.932 INFO  akka.runtime.AkkaRuntimeMain - Starting Akka Runtime version [1.6.15]
23:13:05.947 INFO  akka.javasdk.impl.ComponentLocator$ - Looking for component descriptors matching pattern [META-INF/akka-javasdk-components_*.conf]
23:13:05.956 INFO  akka.javasdk.testkit.TestKit - Eventing TestKit booting up on port: 54494
23:13:05.960 INFO  akka.javasdk.testkit.TestKit - Checking runtime status
23:13:06.031 INFO  akka.runtime.DiscoveryManager - Service components: EventSourcedEntity: [1], Consumer: [2], View: [1]
23:13:06.041 INFO  akka.runtime.DiscoveryManager - Akka Runtime started at 127.0.0.1:54493
23:13:06.045 INFO  repro.Bootstrap - onStartup burst disabled
23:13:06.085 INFO  akka.javasdk.testkit.TestKit - Runtime started
23:13:07.071 WARN  a.c.s.ShardRegion$HandOffStopper - sharded-daemon-process-eventSourcedProjection-passivation-race-entity-passivation-race-consumer-b: [1] of the entities in shard [0] not stopped after [750 milliseconds]. Maybe the handOffStopMessage [akka.projection.ProjectionBehavior$Stop$] is not handled? Waiting additional [250 milliseconds] before stopping the remaining entities.
23:13:07.071 WARN  a.c.s.ShardRegion$HandOffStopper - sharded-daemon-process-eventSourcedProjection-passivation-race-entity-passivation-race-consumer-a: [1] of the entities in shard [0] not stopped after [750 milliseconds]. Maybe the handOffStopMessage [akka.projection.ProjectionBehavior$Stop$] is not handled? Waiting additional [250 milliseconds] before stopping the remaining entities.
23:13:07.071 WARN  a.c.s.ShardRegion$HandOffStopper - sharded-daemon-process-eventSourcedProjection-passivation-race-entity-passivation-race-view: [1] of the entities in shard [0] not stopped after [750 milliseconds]. Maybe the handOffStopMessage [akka.projection.ProjectionBehavior$Stop$] is not handled? Waiting additional [250 milliseconds] before stopping the remaining entities.
23:13:07.320 WARN  a.c.s.ShardRegion$HandOffStopper - sharded-daemon-process-eventSourcedProjection-passivation-race-entity-passivation-race-view: HandOffStopMessage [akka.projection.ProjectionBehavior$Stop$] is not handled by some of the entities in shard [0] after [1 second], stopping the remaining [1] entities.
23:13:07.321 WARN  a.c.s.ShardRegion$HandOffStopper - sharded-daemon-process-eventSourcedProjection-passivation-race-entity-passivation-race-consumer-b: HandOffStopMessage [akka.projection.ProjectionBehavior$Stop$] is not handled by some of the entities in shard [0] after [1 second], stopping the remaining [1] entities.
23:13:07.321 WARN  a.c.s.ShardRegion$HandOffStopper - sharded-daemon-process-eventSourcedProjection-passivation-race-entity-passivation-race-consumer-a: HandOffStopMessage [akka.projection.ProjectionBehavior$Stop$] is not handled by some of the entities in shard [0] after [1 second], stopping the remaining [1] entities.
23:13:07.411 INFO  akka.runtime.AkkaRuntimeMain - Starting Akka Runtime version [1.6.15]
23:13:07.421 INFO  akka.javasdk.impl.ComponentLocator$ - Looking for component descriptors matching pattern [META-INF/akka-javasdk-components_*.conf]
23:13:07.432 INFO  akka.javasdk.testkit.TestKit - Eventing TestKit booting up on port: 54499
23:13:07.438 INFO  akka.javasdk.testkit.TestKit - Checking runtime status
23:13:07.505 INFO  akka.runtime.DiscoveryManager - Service components: EventSourcedEntity: [1], Consumer: [2], View: [1]
23:13:07.510 INFO  akka.runtime.DiscoveryManager - Akka Runtime started at 127.0.0.1:54498
23:13:07.510 INFO  repro.Bootstrap - onStartup burst disabled
23:13:07.511 INFO  akka.runtime.DiscoveryManager - Eventing initialized
23:13:07.563 INFO  akka.javasdk.testkit.TestKit - Runtime started
23:13:07.770 WARN  akka.cluster.sharding.ShardRegion - sharded-daemon-process-eventSourcedProjection-passivation-race-entity-passivation-race-consumer-a: Dropping [1] buffered messages to shard [0] during hand off to avoid re-ordering
23:13:07.779 WARN  akka.cluster.sharding.ShardRegion - sharded-daemon-process-eventSourcedProjection-passivation-race-entity-passivation-race-consumer-b: Dropping [1] buffered messages to shard [0] during hand off to avoid re-ordering
23:13:08.549 WARN  a.c.s.ShardRegion$HandOffStopper - sharded-daemon-process-eventSourcedProjection-passivation-race-entity-passivation-race-view: [1] of the entities in shard [0] not stopped after [750 milliseconds]. Maybe the handOffStopMessage [akka.projection.ProjectionBehavior$Stop$] is not handled? Waiting additional [250 milliseconds] before stopping the remaining entities.
23:13:08.799 WARN  a.c.s.ShardRegion$HandOffStopper - sharded-daemon-process-eventSourcedProjection-passivation-race-entity-passivation-race-view: HandOffStopMessage [akka.projection.ProjectionBehavior$Stop$] is not handled by some of the entities in shard [0] after [1 second], stopping the remaining [1] entities.
23:13:08.884 INFO  akka.runtime.AkkaRuntimeMain - Starting Akka Runtime version [1.6.15]
23:13:08.893 INFO  akka.javasdk.impl.ComponentLocator$ - Looking for component descriptors matching pattern [META-INF/akka-javasdk-components_*.conf]
23:13:08.901 INFO  akka.javasdk.testkit.TestKit - Eventing TestKit booting up on port: 54504
23:13:08.904 INFO  akka.javasdk.testkit.TestKit - Checking runtime status
23:13:08.974 INFO  akka.runtime.DiscoveryManager - Service components: EventSourcedEntity: [1], Consumer: [2], View: [1]
23:13:08.978 INFO  akka.runtime.DiscoveryManager - Akka Runtime started at 127.0.0.1:54503
23:13:08.979 INFO  repro.Bootstrap - onStartup burst disabled
23:13:09.029 INFO  akka.javasdk.testkit.TestKit - Runtime started
23:13:09.240 WARN  akka.cluster.sharding.ShardRegion - sharded-daemon-process-eventSourcedProjection-passivation-race-entity-passivation-race-consumer-a: Dropping [1] buffered messages to shard [0] during hand off to avoid re-ordering
23:13:09.329 INFO  akka.runtime.AkkaRuntimeMain - Starting Akka Runtime version [1.6.15]
23:13:09.337 INFO  akka.javasdk.impl.ComponentLocator$ - Looking for component descriptors matching pattern [META-INF/akka-javasdk-components_*.conf]
23:13:09.347 INFO  akka.javasdk.testkit.TestKit - Eventing TestKit booting up on port: 54509
23:13:09.352 INFO  akka.javasdk.testkit.TestKit - Checking runtime status
23:13:09.421 INFO  akka.runtime.DiscoveryManager - Service components: EventSourcedEntity: [1], Consumer: [2], View: [1]
23:13:09.427 INFO  akka.runtime.DiscoveryManager - Akka Runtime started at 127.0.0.1:54508
23:13:09.427 INFO  repro.Bootstrap - onStartup burst disabled
23:13:09.476 INFO  akka.javasdk.testkit.TestKit - Runtime started
23:13:09.695 WARN  akka.cluster.sharding.ShardRegion - sharded-daemon-process-eventSourcedProjection-passivation-race-entity-passivation-race-consumer-a: Dropping [1] buffered messages to shard [0] during hand off to avoid re-ordering
23:13:09.695 WARN  akka.cluster.sharding.ShardRegion - sharded-daemon-process-eventSourcedProjection-passivation-race-entity-passivation-race-consumer-b: Dropping [1] buffered messages to shard [0] during hand off to avoid re-ordering
23:13:10.464 WARN  a.c.s.ShardRegion$HandOffStopper - sharded-daemon-process-eventSourcedProjection-passivation-race-entity-passivation-race-view: [1] of the entities in shard [0] not stopped after [750 milliseconds]. Maybe the handOffStopMessage [akka.projection.ProjectionBehavior$Stop$] is not handled? Waiting additional [250 milliseconds] before stopping the remaining entities.
23:13:10.713 WARN  a.c.s.ShardRegion$HandOffStopper - sharded-daemon-process-eventSourcedProjection-passivation-race-entity-passivation-race-view: HandOffStopMessage [akka.projection.ProjectionBehavior$Stop$] is not handled by some of the entities in shard [0] after [1 second], stopping the remaining [1] entities.
23:13:10.794 INFO  akka.runtime.AkkaRuntimeMain - Starting Akka Runtime version [1.6.15]
23:13:10.803 INFO  akka.javasdk.impl.ComponentLocator$ - Looking for component descriptors matching pattern [META-INF/akka-javasdk-components_*.conf]
23:13:10.810 INFO  akka.javasdk.testkit.TestKit - Eventing TestKit booting up on port: 54514
23:13:10.814 INFO  akka.javasdk.testkit.TestKit - Checking runtime status
23:13:10.879 INFO  akka.runtime.DiscoveryManager - Service components: EventSourcedEntity: [1], Consumer: [2], View: [1]
23:13:10.885 INFO  akka.runtime.DiscoveryManager - Akka Runtime started at 127.0.0.1:54513
23:13:10.885 INFO  repro.Bootstrap - onStartup burst disabled
23:13:10.936 INFO  akka.javasdk.testkit.TestKit - Runtime started
23:13:11.147 WARN  akka.cluster.sharding.ShardRegion - sharded-daemon-process-eventSourcedProjection-passivation-race-entity-passivation-race-consumer-b: Dropping [1] buffered messages to shard [0] during hand off to avoid re-ordering
23:13:11.913 WARN  a.c.s.ShardRegion$HandOffStopper - sharded-daemon-process-eventSourcedProjection-passivation-race-entity-passivation-race-view: [1] of the entities in shard [0] not stopped after [750 milliseconds]. Maybe the handOffStopMessage [akka.projection.ProjectionBehavior$Stop$] is not handled? Waiting additional [250 milliseconds] before stopping the remaining entities.
23:13:12.166 WARN  a.c.s.ShardRegion$HandOffStopper - sharded-daemon-process-eventSourcedProjection-passivation-race-entity-passivation-race-view: HandOffStopMessage [akka.projection.ProjectionBehavior$Stop$] is not handled by some of the entities in shard [0] after [1 second], stopping the remaining [1] entities.
23:13:12.230 INFO  akka.runtime.AkkaRuntimeMain - Starting Akka Runtime version [1.6.15]
23:13:12.237 INFO  akka.javasdk.impl.ComponentLocator$ - Looking for component descriptors matching pattern [META-INF/akka-javasdk-components_*.conf]
23:13:12.244 INFO  akka.javasdk.testkit.TestKit - Eventing TestKit booting up on port: 54521
23:13:12.247 INFO  akka.javasdk.testkit.TestKit - Checking runtime status
23:13:12.312 INFO  akka.runtime.DiscoveryManager - Service components: EventSourcedEntity: [1], Consumer: [2], View: [1]
23:13:12.317 INFO  akka.runtime.DiscoveryManager - Akka Runtime started at 127.0.0.1:54520
23:13:12.317 INFO  repro.Bootstrap - onStartup burst disabled
23:13:12.370 INFO  akka.javasdk.testkit.TestKit - Runtime started
23:13:12.579 WARN  akka.cluster.sharding.ShardRegion - sharded-daemon-process-eventSourcedProjection-passivation-race-entity-passivation-race-consumer-b: Dropping [1] buffered messages to shard [0] during hand off to avoid re-ordering
23:13:12.579 WARN  akka.cluster.sharding.ShardRegion - sharded-daemon-process-eventSourcedProjection-passivation-race-entity-passivation-race-view: Dropping [1] buffered messages to shard [0] during hand off to avoid re-ordering
23:13:13.347 WARN  a.c.s.ShardRegion$HandOffStopper - sharded-daemon-process-eventSourcedProjection-passivation-race-entity-passivation-race-consumer-a: [1] of the entities in shard [0] not stopped after [750 milliseconds]. Maybe the handOffStopMessage [akka.projection.ProjectionBehavior$Stop$] is not handled? Waiting additional [250 milliseconds] before stopping the remaining entities.
23:13:13.598 WARN  a.c.s.ShardRegion$HandOffStopper - sharded-daemon-process-eventSourcedProjection-passivation-race-entity-passivation-race-consumer-a: HandOffStopMessage [akka.projection.ProjectionBehavior$Stop$] is not handled by some of the entities in shard [0] after [1 second], stopping the remaining [1] entities.
23:13:13.654 INFO  akka.runtime.AkkaRuntimeMain - Starting Akka Runtime version [1.6.15]
23:13:13.661 INFO  akka.javasdk.impl.ComponentLocator$ - Looking for component descriptors matching pattern [META-INF/akka-javasdk-components_*.conf]
23:13:13.673 INFO  akka.javasdk.testkit.TestKit - Eventing TestKit booting up on port: 54526
23:13:13.676 INFO  akka.javasdk.testkit.TestKit - Checking runtime status
23:13:13.745 INFO  akka.runtime.DiscoveryManager - Service components: EventSourcedEntity: [1], Consumer: [2], View: [1]
23:13:13.749 INFO  akka.runtime.DiscoveryManager - Akka Runtime started at 127.0.0.1:54525
23:13:13.749 INFO  repro.Bootstrap - onStartup burst disabled
23:13:13.797 INFO  akka.javasdk.testkit.TestKit - Runtime started
23:13:14.016 WARN  akka.cluster.sharding.ShardRegion - sharded-daemon-process-eventSourcedProjection-passivation-race-entity-passivation-race-view: Dropping [1] buffered messages to shard [0] during hand off to avoid re-ordering
23:13:14.016 WARN  akka.cluster.sharding.ShardRegion - sharded-daemon-process-eventSourcedProjection-passivation-race-entity-passivation-race-consumer-a: Dropping [1] buffered messages to shard [0] during hand off to avoid re-ordering
23:13:14.784 WARN  a.c.s.ShardRegion$HandOffStopper - sharded-daemon-process-eventSourcedProjection-passivation-race-entity-passivation-race-consumer-b: [1] of the entities in shard [0] not stopped after [750 milliseconds]. Maybe the handOffStopMessage [akka.projection.ProjectionBehavior$Stop$] is not handled? Waiting additional [250 milliseconds] before stopping the remaining entities.
23:13:15.033 WARN  a.c.s.ShardRegion$HandOffStopper - sharded-daemon-process-eventSourcedProjection-passivation-race-entity-passivation-race-consumer-b: HandOffStopMessage [akka.projection.ProjectionBehavior$Stop$] is not handled by some of the entities in shard [0] after [1 second], stopping the remaining [1] entities.
23:13:15.105 INFO  akka.runtime.AkkaRuntimeMain - Starting Akka Runtime version [1.6.15]
23:13:15.111 INFO  akka.javasdk.impl.ComponentLocator$ - Looking for component descriptors matching pattern [META-INF/akka-javasdk-components_*.conf]
23:13:15.116 INFO  akka.javasdk.testkit.TestKit - Eventing TestKit booting up on port: 54532
23:13:15.118 INFO  akka.javasdk.testkit.TestKit - Checking runtime status
23:13:15.187 INFO  akka.runtime.DiscoveryManager - Service components: EventSourcedEntity: [1], Consumer: [2], View: [1]
23:13:15.191 INFO  akka.runtime.DiscoveryManager - Akka Runtime started at 127.0.0.1:54531
23:13:15.191 INFO  repro.Bootstrap - onStartup burst disabled
23:13:15.235 INFO  akka.javasdk.testkit.TestKit - Runtime started
23:13:16.222 WARN  a.c.s.ShardRegion$HandOffStopper - sharded-daemon-process-eventSourcedProjection-passivation-race-entity-passivation-race-view: [1] of the entities in shard [0] not stopped after [750 milliseconds]. Maybe the handOffStopMessage [akka.projection.ProjectionBehavior$Stop$] is not handled? Waiting additional [250 milliseconds] before stopping the remaining entities.
23:13:16.222 WARN  a.c.s.ShardRegion$HandOffStopper - sharded-daemon-process-eventSourcedProjection-passivation-race-entity-passivation-race-consumer-a: [1] of the entities in shard [0] not stopped after [750 milliseconds]. Maybe the handOffStopMessage [akka.projection.ProjectionBehavior$Stop$] is not handled? Waiting additional [250 milliseconds] before stopping the remaining entities.
23:13:16.222 WARN  a.c.s.ShardRegion$HandOffStopper - sharded-daemon-process-eventSourcedProjection-passivation-race-entity-passivation-race-consumer-b: [1] of the entities in shard [0] not stopped after [750 milliseconds]. Maybe the handOffStopMessage [akka.projection.ProjectionBehavior$Stop$] is not handled? Waiting additional [250 milliseconds] before stopping the remaining entities.
23:13:16.471 WARN  a.c.s.ShardRegion$HandOffStopper - sharded-daemon-process-eventSourcedProjection-passivation-race-entity-passivation-race-consumer-b: HandOffStopMessage [akka.projection.ProjectionBehavior$Stop$] is not handled by some of the entities in shard [0] after [1 second], stopping the remaining [1] entities.
23:13:16.472 WARN  a.c.s.ShardRegion$HandOffStopper - sharded-daemon-process-eventSourcedProjection-passivation-race-entity-passivation-race-view: HandOffStopMessage [akka.projection.ProjectionBehavior$Stop$] is not handled by some of the entities in shard [0] after [1 second], stopping the remaining [1] entities.
23:13:16.472 WARN  a.c.s.ShardRegion$HandOffStopper - sharded-daemon-process-eventSourcedProjection-passivation-race-entity-passivation-race-consumer-a: HandOffStopMessage [akka.projection.ProjectionBehavior$Stop$] is not handled by some of the entities in shard [0] after [1 second], stopping the remaining [1] entities.
23:13:16.533 INFO  akka.runtime.AkkaRuntimeMain - Starting Akka Runtime version [1.6.15]
23:13:16.539 INFO  akka.javasdk.impl.ComponentLocator$ - Looking for component descriptors matching pattern [META-INF/akka-javasdk-components_*.conf]
23:13:16.545 INFO  akka.javasdk.testkit.TestKit - Eventing TestKit booting up on port: 54537
23:13:16.548 INFO  akka.javasdk.testkit.TestKit - Checking runtime status
23:13:16.614 INFO  akka.runtime.DiscoveryManager - Service components: EventSourcedEntity: [1], Consumer: [2], View: [1]
23:13:16.617 INFO  akka.runtime.DiscoveryManager - Akka Runtime started at 127.0.0.1:54536
23:13:16.617 INFO  repro.Bootstrap - onStartup burst disabled
23:13:16.671 INFO  akka.javasdk.testkit.TestKit - Runtime started
23:13:16.880 WARN  akka.cluster.sharding.ShardRegion - sharded-daemon-process-eventSourcedProjection-passivation-race-entity-passivation-race-view: Dropping [1] buffered messages to shard [0] during hand off to avoid re-ordering
23:13:17.659 WARN  a.c.s.ShardRegion$HandOffStopper - sharded-daemon-process-eventSourcedProjection-passivation-race-entity-passivation-race-consumer-a: [1] of the entities in shard [0] not stopped after [750 milliseconds]. Maybe the handOffStopMessage [akka.projection.ProjectionBehavior$Stop$] is not handled? Waiting additional [250 milliseconds] before stopping the remaining entities.
23:13:17.660 WARN  a.c.s.ShardRegion$HandOffStopper - sharded-daemon-process-eventSourcedProjection-passivation-race-entity-passivation-race-consumer-b: [1] of the entities in shard [0] not stopped after [750 milliseconds]. Maybe the handOffStopMessage [akka.projection.ProjectionBehavior$Stop$] is not handled? Waiting additional [250 milliseconds] before stopping the remaining entities.
23:13:17.908 WARN  a.c.s.ShardRegion$HandOffStopper - sharded-daemon-process-eventSourcedProjection-passivation-race-entity-passivation-race-consumer-a: HandOffStopMessage [akka.projection.ProjectionBehavior$Stop$] is not handled by some of the entities in shard [0] after [1 second], stopping the remaining [1] entities.
23:13:17.908 WARN  a.c.s.ShardRegion$HandOffStopper - sharded-daemon-process-eventSourcedProjection-passivation-race-entity-passivation-race-consumer-b: HandOffStopMessage [akka.projection.ProjectionBehavior$Stop$] is not handled by some of the entities in shard [0] after [1 second], stopping the remaining [1] entities.
23:13:17.968 INFO  akka.runtime.AkkaRuntimeMain - Starting Akka Runtime version [1.6.15]
23:13:17.973 INFO  akka.javasdk.impl.ComponentLocator$ - Looking for component descriptors matching pattern [META-INF/akka-javasdk-components_*.conf]
23:13:17.978 INFO  akka.javasdk.testkit.TestKit - Eventing TestKit booting up on port: 54544
23:13:17.981 INFO  akka.javasdk.testkit.TestKit - Checking runtime status
23:13:18.044 INFO  akka.runtime.DiscoveryManager - Service components: EventSourcedEntity: [1], Consumer: [2], View: [1]
23:13:18.049 INFO  akka.runtime.DiscoveryManager - Akka Runtime started at 127.0.0.1:54543
23:13:18.049 INFO  repro.Bootstrap - onStartup burst disabled
23:13:18.103 INFO  akka.javasdk.testkit.TestKit - Runtime started
23:13:18.311 WARN  akka.cluster.sharding.ShardRegion - sharded-daemon-process-eventSourcedProjection-passivation-race-entity-passivation-race-view: Dropping [1] buffered messages to shard [0] during hand off to avoid re-ordering
23:13:19.079 WARN  a.c.s.ShardRegion$HandOffStopper - sharded-daemon-process-eventSourcedProjection-passivation-race-entity-passivation-race-consumer-a: [1] of the entities in shard [0] not stopped after [750 milliseconds]. Maybe the handOffStopMessage [akka.projection.ProjectionBehavior$Stop$] is not handled? Waiting additional [250 milliseconds] before stopping the remaining entities.
23:13:19.079 WARN  a.c.s.ShardRegion$HandOffStopper - sharded-daemon-process-eventSourcedProjection-passivation-race-entity-passivation-race-consumer-b: [1] of the entities in shard [0] not stopped after [750 milliseconds]. Maybe the handOffStopMessage [akka.projection.ProjectionBehavior$Stop$] is not handled? Waiting additional [250 milliseconds] before stopping the remaining entities.
23:13:19.331 WARN  a.c.s.ShardRegion$HandOffStopper - sharded-daemon-process-eventSourcedProjection-passivation-race-entity-passivation-race-consumer-a: HandOffStopMessage [akka.projection.ProjectionBehavior$Stop$] is not handled by some of the entities in shard [0] after [1 second], stopping the remaining [1] entities.
23:13:19.332 WARN  a.c.s.ShardRegion$HandOffStopper - sharded-daemon-process-eventSourcedProjection-passivation-race-entity-passivation-race-consumer-b: HandOffStopMessage [akka.projection.ProjectionBehavior$Stop$] is not handled by some of the entities in shard [0] after [1 second], stopping the remaining [1] entities.
23:13:19.380 INFO  akka.runtime.AkkaRuntimeMain - Starting Akka Runtime version [1.6.15]
23:13:19.385 INFO  akka.javasdk.impl.ComponentLocator$ - Looking for component descriptors matching pattern [META-INF/akka-javasdk-components_*.conf]
23:13:19.391 INFO  akka.javasdk.testkit.TestKit - Eventing TestKit booting up on port: 54549
23:13:19.393 INFO  akka.javasdk.testkit.TestKit - Checking runtime status
23:13:19.458 INFO  akka.runtime.DiscoveryManager - Service components: EventSourcedEntity: [1], Consumer: [2], View: [1]
23:13:19.462 INFO  akka.runtime.DiscoveryManager - Akka Runtime started at 127.0.0.1:54548
23:13:19.462 INFO  repro.Bootstrap - onStartup burst disabled
23:13:19.514 INFO  akka.javasdk.testkit.TestKit - Runtime started
23:13:19.725 WARN  akka.cluster.sharding.ShardRegion - sharded-daemon-process-eventSourcedProjection-passivation-race-entity-passivation-race-view: Dropping [1] buffered messages to shard [0] during hand off to avoid re-ordering
23:13:19.725 WARN  akka.cluster.sharding.ShardRegion - sharded-daemon-process-eventSourcedProjection-passivation-race-entity-passivation-race-consumer-b: Dropping [1] buffered messages to shard [0] during hand off to avoid re-ordering
23:13:19.766 INFO  akka.runtime.AkkaRuntimeMain - Starting Akka Runtime version [1.6.15]
23:13:19.772 INFO  akka.javasdk.impl.ComponentLocator$ - Looking for component descriptors matching pattern [META-INF/akka-javasdk-components_*.conf]
23:13:19.776 INFO  akka.javasdk.testkit.TestKit - Eventing TestKit booting up on port: 54554
23:13:19.779 INFO  akka.javasdk.testkit.TestKit - Checking runtime status
23:13:19.851 INFO  akka.runtime.DiscoveryManager - Service components: EventSourcedEntity: [1], Consumer: [2], View: [1]
23:13:19.854 INFO  akka.runtime.DiscoveryManager - Akka Runtime started at 127.0.0.1:54553
23:13:19.855 INFO  repro.Bootstrap - onStartup burst disabled
23:13:19.899 INFO  akka.javasdk.testkit.TestKit - Runtime started
23:13:20.887 WARN  a.c.s.ShardRegion$HandOffStopper - sharded-daemon-process-eventSourcedProjection-passivation-race-entity-passivation-race-view: [1] of the entities in shard [0] not stopped after [750 milliseconds]. Maybe the handOffStopMessage [akka.projection.ProjectionBehavior$Stop$] is not handled? Waiting additional [250 milliseconds] before stopping the remaining entities.
23:13:21.138 WARN  a.c.s.ShardRegion$HandOffStopper - sharded-daemon-process-eventSourcedProjection-passivation-race-entity-passivation-race-view: HandOffStopMessage [akka.projection.ProjectionBehavior$Stop$] is not handled by some of the entities in shard [0] after [1 second], stopping the remaining [1] entities.
23:13:21.182 INFO  akka.runtime.AkkaRuntimeMain - Starting Akka Runtime version [1.6.15]
23:13:21.187 INFO  akka.javasdk.impl.ComponentLocator$ - Looking for component descriptors matching pattern [META-INF/akka-javasdk-components_*.conf]
23:13:21.192 INFO  akka.javasdk.testkit.TestKit - Eventing TestKit booting up on port: 54559
23:13:21.194 INFO  akka.javasdk.testkit.TestKit - Checking runtime status
23:13:21.267 INFO  akka.runtime.DiscoveryManager - Service components: EventSourcedEntity: [1], Consumer: [2], View: [1]
23:13:21.270 INFO  akka.runtime.DiscoveryManager - Akka Runtime started at 127.0.0.1:54558
23:13:21.270 INFO  repro.Bootstrap - onStartup burst disabled
23:13:21.316 INFO  akka.javasdk.testkit.TestKit - Runtime started
23:13:22.301 WARN  a.c.s.ShardRegion$HandOffStopper - sharded-daemon-process-eventSourcedProjection-passivation-race-entity-passivation-race-view: [1] of the entities in shard [0] not stopped after [750 milliseconds]. Maybe the handOffStopMessage [akka.projection.ProjectionBehavior$Stop$] is not handled? Waiting additional [250 milliseconds] before stopping the remaining entities.
23:13:22.301 WARN  a.c.s.ShardRegion$HandOffStopper - sharded-daemon-process-eventSourcedProjection-passivation-race-entity-passivation-race-consumer-a: [1] of the entities in shard [0] not stopped after [750 milliseconds]. Maybe the handOffStopMessage [akka.projection.ProjectionBehavior$Stop$] is not handled? Waiting additional [250 milliseconds] before stopping the remaining entities.
23:13:22.301 WARN  a.c.s.ShardRegion$HandOffStopper - sharded-daemon-process-eventSourcedProjection-passivation-race-entity-passivation-race-consumer-b: [1] of the entities in shard [0] not stopped after [750 milliseconds]. Maybe the handOffStopMessage [akka.projection.ProjectionBehavior$Stop$] is not handled? Waiting additional [250 milliseconds] before stopping the remaining entities.
23:13:22.551 WARN  a.c.s.ShardRegion$HandOffStopper - sharded-daemon-process-eventSourcedProjection-passivation-race-entity-passivation-race-view: HandOffStopMessage [akka.projection.ProjectionBehavior$Stop$] is not handled by some of the entities in shard [0] after [1 second], stopping the remaining [1] entities.
23:13:22.551 WARN  a.c.s.ShardRegion$HandOffStopper - sharded-daemon-process-eventSourcedProjection-passivation-race-entity-passivation-race-consumer-b: HandOffStopMessage [akka.projection.ProjectionBehavior$Stop$] is not handled by some of the entities in shard [0] after [1 second], stopping the remaining [1] entities.
23:13:22.551 WARN  a.c.s.ShardRegion$HandOffStopper - sharded-daemon-process-eventSourcedProjection-passivation-race-entity-passivation-race-consumer-a: HandOffStopMessage [akka.projection.ProjectionBehavior$Stop$] is not handled by some of the entities in shard [0] after [1 second], stopping the remaining [1] entities.
=== BootstrapWorkTimingTest [baseline, no burst]: 15 cycles ===
start() ms per cycle: [1958, 252, 226, 221, 216, 207, 211, 186, 189, 180, 188, 183, 172, 166, 168]  sum=4723 min=166 max=1958 mean=314
stop() ms per cycle: [120, 1256, 1255, 1249, 239, 1247, 1246, 1237, 1255, 1247, 1247, 1238, 218, 1247, 1248]  sum=15549 min=120 max=1256 mean=1036
[INFO] Tests run: 1, Failures: 0, Errors: 0, Skipped: 0, Time elapsed: 20.443 s - in repro.BootstrapWorkTimingTest
[INFO] 
[INFO] Results:
[INFO] 
[INFO] Tests run: 1, Failures: 0, Errors: 0, Skipped: 0
[INFO] 
[INFO] ------------------------------------------------------------------------
[INFO] BUILD SUCCESS
[INFO] ------------------------------------------------------------------------
[INFO] Total time:  22.691 s
[INFO] Finished at: 2026-09-22T23:13:22+10:00
[INFO] ------------------------------------------------------------------------
