[INFO] Scanning for projects...
[INFO] ------------------------------------------------------------------------
[INFO] Detecting the operating system and CPU architecture
[INFO] ------------------------------------------------------------------------
[INFO] os.detected.name: osx
[INFO] os.detected.arch: aarch_64
[INFO] os.detected.bitness: 64
[INFO] os.detected.version: 27.0
[INFO] os.detected.version.major: 27
[INFO] os.detected.version.minor: 0
[INFO] os.detected.classifier: osx-aarch_64
[INFO] 
[INFO] ---------------< io.akka.repro:akka-testkit-race-repro >----------------
[INFO] Building akka-testkit-race-repro 0.1.0-SNAPSHOT
[INFO]   from pom.xml
[INFO] --------------------------------[ jar ]---------------------------------
[INFO] 
[INFO] --- enforcer:3.5.0:enforce (enforce-build-rules) @ akka-testkit-race-repro ---
[INFO] No dependency conflicts with Akka runtime detected.
[INFO] Rule 0: akka.javasdk.enforcer.AkkaRuntimeDependencyRule(akkaRuntimeDependencyCheck) passed
[INFO] Rule 1: org.apache.maven.enforcer.rules.version.RequireMavenVersion passed
[INFO] Rule 2: org.apache.maven.enforcer.rules.version.RequireJavaVersion passed
[INFO] 
[INFO] --- antrun:3.1.0:run (clean-on-missing-descriptor) @ akka-testkit-race-repro ---
[INFO] Executing tasks
[INFO] Executed tasks
[INFO] 
[INFO] --- build-helper:3.2.0:add-source (add-java-source) @ akka-testkit-race-repro ---
[INFO] Source directory: /Users/jz/code/akka-testkit-race-repro/target/generated-sources/akka-grpc-java added.
[INFO] 
[INFO] --- resources:3.4.0:resources (default-resources) @ akka-testkit-race-repro ---
[INFO] Copying 1 resource from src/main/resources to target/classes
[INFO] 
[INFO] --- compiler:3.13.0:compile (default-compile) @ akka-testkit-race-repro ---
[INFO] Nothing to compile - all classes are up to date.
[INFO] 
[INFO] --- build-helper:3.2.0:add-test-source (add-integration-test-source) @ akka-testkit-race-repro ---
[INFO] Test Source directory: /Users/jz/code/akka-testkit-race-repro/src/it/java added.
[INFO] 
[INFO] --- build-helper:3.2.0:add-test-resource (add-integration-test-resource) @ akka-testkit-race-repro ---
[INFO] 
[INFO] --- resources:3.4.0:testResources (default-testResources) @ akka-testkit-race-repro ---
[INFO] Copying 2 resources from src/test/resources to target/test-classes
[INFO] skip non existing resourceDirectory /Users/jz/code/akka-testkit-race-repro/src/it/resources
[INFO] 
[INFO] --- compiler:3.13.0:testCompile (default-testCompile) @ akka-testkit-race-repro ---
[INFO] Nothing to compile - all classes are up to date.
[INFO] 
[INFO] --- surefire:2.22.2:test (default-test) @ akka-testkit-race-repro ---
[WARNING] The system property akka.javasdk.dev-mode.project-artifact-id is configured twice! The property appears in <argLine/> and any of <systemPropertyVariables/>, <systemProperties/> or user property.
[WARNING] The system property logback.configurationFile is configured twice! The property appears in <argLine/> and any of <systemPropertyVariables/>, <systemProperties/> or user property.
[INFO] 
[INFO] -------------------------------------------------------
[INFO]  T E S T S
[INFO] -------------------------------------------------------
[INFO] Running repro.BootstrapWorkTimingTest
08:24:35.846 INFO  akka.runtime.AkkaRuntimeMain - Starting Akka Runtime version [1.6.15]
08:24:36.132 INFO  akka.javasdk.impl.ComponentLocator$ - Looking for component descriptors matching pattern [META-INF/akka-javasdk-components_*.conf]
08:24:36.200 INFO  akka.javasdk.testkit.TestKit - Eventing TestKit booting up on port: 64387
08:24:36.362 INFO  akka.javasdk.testkit.TestKit - Checking runtime status
08:24:36.465 INFO  akka.cluster.sharding.ShardRegion - passivation-race-entity: Automatic entity passivation: composite strategy with limit of [10000] active entities, admission window (least recently used entities) with proportions [initial = 0.01, min = 0.01, max = 1.0] adapting with hill-climbing optimizer [adjust multiplier = 10.0, initial step = 0.0625, restart threshold = 0.05, step decay = 0.98], admit using frequency sketch [width multiplier = 4, reset multiplier = 10.0, depth = 4, counter bits = 4], main (least recently used entities (segmented with [2] levels with proportions of [0.20, 0.80]))
08:24:36.535 INFO  akka.runtime.DiscoveryManager - Service components: EventSourcedEntity: [1], Consumer: [2], View: [1]
08:24:36.629 INFO  akka.cluster.sharding.ShardRegion - sharded-daemon-process-eventSourcedProjection-passivation-race-entity-passivation-race-consumer-a: Automatic entity passivation: disabled
08:24:36.630 INFO  akka.cluster.sharding.ShardRegion - sharded-daemon-process-eventSourcedProjection-passivation-race-entity-passivation-race-consumer-b: Automatic entity passivation: disabled
08:24:36.633 INFO  akka.cluster.sharding.ShardRegion - sharded-daemon-process-eventSourcedProjection-passivation-race-entity-passivation-race-view: Automatic entity passivation: disabled
08:24:36.681 INFO  akka.runtime.DiscoveryManager - Akka Runtime started at 127.0.0.1:64386
08:24:36.682 INFO  repro.Bootstrap - onStartup burst of 8 starting
08:24:36.825 INFO  repro.Bootstrap - onStartup burst of 8 done
08:24:36.848 INFO  akka.javasdk.testkit.TestKit - Runtime started
08:24:36.892 WARN  akka.cluster.sharding.ShardRegion - _timer: Dropping [1] buffered messages to shard [993] during hand off to avoid re-ordering
08:24:36.900 WARN  akka.cluster.sharding.ShardRegion - sharded-daemon-process-eventSourcedProjection-passivation-race-entity-passivation-race-view: Dropping [1] buffered messages to shard [0] during hand off to avoid re-ordering
08:24:37.669 WARN  a.c.s.ShardRegion$HandOffStopper - sharded-daemon-process-eventSourcedProjection-passivation-race-entity-passivation-race-consumer-b: [1] of the entities in shard [0] not stopped after [750 milliseconds]. Maybe the handOffStopMessage [akka.projection.ProjectionBehavior$Stop$] is not handled? Waiting additional [250 milliseconds] before stopping the remaining entities.
08:24:37.669 WARN  a.c.s.ShardRegion$HandOffStopper - sharded-daemon-process-eventSourcedProjection-passivation-race-entity-passivation-race-consumer-a: [1] of the entities in shard [0] not stopped after [750 milliseconds]. Maybe the handOffStopMessage [akka.projection.ProjectionBehavior$Stop$] is not handled? Waiting additional [250 milliseconds] before stopping the remaining entities.
08:24:37.920 WARN  a.c.s.ShardRegion$HandOffStopper - sharded-daemon-process-eventSourcedProjection-passivation-race-entity-passivation-race-consumer-b: HandOffStopMessage [akka.projection.ProjectionBehavior$Stop$] is not handled by some of the entities in shard [0] after [1 second], stopping the remaining [1] entities.
08:24:37.920 WARN  a.c.s.ShardRegion$HandOffStopper - sharded-daemon-process-eventSourcedProjection-passivation-race-entity-passivation-race-consumer-a: HandOffStopMessage [akka.projection.ProjectionBehavior$Stop$] is not handled by some of the entities in shard [0] after [1 second], stopping the remaining [1] entities.
08:24:37.934 WARN  a.s.s.RestartWithBackoffSource - Restarting stream due to failure [1]: akka.projection.r2dbc.internal.R2dbcOffsetStore$AttemptToUseStoppedOffsetStore: eventSourcedProjection-passivation-race-entity-passivation-race-consumer-a [0-1023], correlation [67496731-9f0e-47bf-a1e0-508df1d37e54]: R2dbcOffsetStore was stopped
08:24:37.945 WARN  a.s.s.RestartWithBackoffSource - Restarting stream due to failure [1]: akka.projection.r2dbc.internal.R2dbcOffsetStore$AttemptToUseStoppedOffsetStore: eventSourcedProjection-passivation-race-entity-passivation-race-consumer-b [0-1023], correlation [24fd3322-6792-4879-8f4c-50200ec2e08f]: R2dbcOffsetStore was stopped
08:24:39.075 INFO  akka.runtime.AkkaRuntimeMain - Starting Akka Runtime version [1.6.15]
08:24:39.093 INFO  akka.javasdk.impl.ComponentLocator$ - Looking for component descriptors matching pattern [META-INF/akka-javasdk-components_*.conf]
08:24:39.108 INFO  akka.javasdk.testkit.TestKit - Eventing TestKit booting up on port: 64393
08:24:39.112 INFO  akka.javasdk.testkit.TestKit - Checking runtime status
08:24:39.175 INFO  akka.cluster.sharding.ShardRegion - passivation-race-entity: Automatic entity passivation: composite strategy with limit of [10000] active entities, admission window (least recently used entities) with proportions [initial = 0.01, min = 0.01, max = 1.0] adapting with hill-climbing optimizer [adjust multiplier = 10.0, initial step = 0.0625, restart threshold = 0.05, step decay = 0.98], admit using frequency sketch [width multiplier = 4, reset multiplier = 10.0, depth = 4, counter bits = 4], main (least recently used entities (segmented with [2] levels with proportions of [0.20, 0.80]))
08:24:39.178 INFO  akka.runtime.DiscoveryManager - Service components: EventSourcedEntity: [1], Consumer: [2], View: [1]
08:24:39.180 INFO  akka.cluster.sharding.ShardRegion - sharded-daemon-process-eventSourcedProjection-passivation-race-entity-passivation-race-consumer-a: Automatic entity passivation: disabled
08:24:39.181 INFO  akka.cluster.sharding.ShardRegion - sharded-daemon-process-eventSourcedProjection-passivation-race-entity-passivation-race-consumer-b: Automatic entity passivation: disabled
08:24:39.182 INFO  akka.cluster.sharding.ShardRegion - sharded-daemon-process-eventSourcedProjection-passivation-race-entity-passivation-race-view: Automatic entity passivation: disabled
08:24:39.184 INFO  akka.runtime.DiscoveryManager - Akka Runtime started at 127.0.0.1:64392
08:24:39.184 INFO  repro.Bootstrap - onStartup burst of 8 starting
08:24:39.236 INFO  akka.javasdk.testkit.TestKit - Runtime started
08:24:39.445 WARN  akka.cluster.sharding.ShardRegion - passivation-race-entity: Dropping [1] buffered messages to shard [564] during hand off to avoid re-ordering
08:24:39.445 WARN  akka.cluster.sharding.ShardRegion - sharded-daemon-process-eventSourcedProjection-passivation-race-entity-passivation-race-consumer-b: Dropping [1] buffered messages to shard [0] during hand off to avoid re-ordering
08:24:39.445 WARN  akka.cluster.sharding.ShardRegion - sharded-daemon-process-eventSourcedProjection-passivation-race-entity-passivation-race-consumer-a: Dropping [1] buffered messages to shard [0] during hand off to avoid re-ordering
08:24:39.452 WARN  akka.cluster.sharding.ShardRegion - sharded-daemon-process-eventSourcedProjection-passivation-race-entity-passivation-race-view: Dropping [1] buffered messages to shard [0] during hand off to avoid re-ordering
08:24:40.555 INFO  akka.runtime.AkkaRuntimeMain - Starting Akka Runtime version [1.6.15]
08:24:40.565 INFO  akka.javasdk.impl.ComponentLocator$ - Looking for component descriptors matching pattern [META-INF/akka-javasdk-components_*.conf]
08:24:40.575 INFO  akka.javasdk.testkit.TestKit - Eventing TestKit booting up on port: 64398
08:24:40.578 INFO  akka.javasdk.testkit.TestKit - Checking runtime status
08:24:40.648 INFO  akka.cluster.sharding.ShardRegion - passivation-race-entity: Automatic entity passivation: composite strategy with limit of [10000] active entities, admission window (least recently used entities) with proportions [initial = 0.01, min = 0.01, max = 1.0] adapting with hill-climbing optimizer [adjust multiplier = 10.0, initial step = 0.0625, restart threshold = 0.05, step decay = 0.98], admit using frequency sketch [width multiplier = 4, reset multiplier = 10.0, depth = 4, counter bits = 4], main (least recently used entities (segmented with [2] levels with proportions of [0.20, 0.80]))
08:24:40.653 INFO  akka.runtime.DiscoveryManager - Service components: EventSourcedEntity: [1], Consumer: [2], View: [1]
08:24:40.656 INFO  akka.cluster.sharding.ShardRegion - sharded-daemon-process-eventSourcedProjection-passivation-race-entity-passivation-race-consumer-a: Automatic entity passivation: disabled
08:24:40.657 INFO  akka.cluster.sharding.ShardRegion - sharded-daemon-process-eventSourcedProjection-passivation-race-entity-passivation-race-consumer-b: Automatic entity passivation: disabled
08:24:40.659 INFO  akka.cluster.sharding.ShardRegion - sharded-daemon-process-eventSourcedProjection-passivation-race-entity-passivation-race-view: Automatic entity passivation: disabled
08:24:40.662 INFO  akka.runtime.DiscoveryManager - Akka Runtime started at 127.0.0.1:64397
08:24:40.663 INFO  repro.Bootstrap - onStartup burst of 8 starting
08:24:40.708 INFO  akka.javasdk.testkit.TestKit - Runtime started
08:24:40.915 WARN  akka.cluster.sharding.ShardRegion - passivation-race-entity: Dropping [1] buffered messages to shard [64] during hand off to avoid re-ordering
08:24:40.925 WARN  akka.cluster.sharding.ShardRegion - sharded-daemon-process-eventSourcedProjection-passivation-race-entity-passivation-race-consumer-a: Dropping [1] buffered messages to shard [0] during hand off to avoid re-ordering
08:24:41.694 WARN  a.c.s.ShardRegion$HandOffStopper - sharded-daemon-process-eventSourcedProjection-passivation-race-entity-passivation-race-consumer-b: [1] of the entities in shard [0] not stopped after [750 milliseconds]. Maybe the handOffStopMessage [akka.projection.ProjectionBehavior$Stop$] is not handled? Waiting additional [250 milliseconds] before stopping the remaining entities.
08:24:41.694 WARN  a.c.s.ShardRegion$HandOffStopper - sharded-daemon-process-eventSourcedProjection-passivation-race-entity-passivation-race-view: [1] of the entities in shard [0] not stopped after [750 milliseconds]. Maybe the handOffStopMessage [akka.projection.ProjectionBehavior$Stop$] is not handled? Waiting additional [250 milliseconds] before stopping the remaining entities.
08:24:41.943 WARN  a.c.s.ShardRegion$HandOffStopper - sharded-daemon-process-eventSourcedProjection-passivation-race-entity-passivation-race-consumer-b: HandOffStopMessage [akka.projection.ProjectionBehavior$Stop$] is not handled by some of the entities in shard [0] after [1 second], stopping the remaining [1] entities.
08:24:41.944 WARN  a.c.s.ShardRegion$HandOffStopper - sharded-daemon-process-eventSourcedProjection-passivation-race-entity-passivation-race-view: HandOffStopMessage [akka.projection.ProjectionBehavior$Stop$] is not handled by some of the entities in shard [0] after [1 second], stopping the remaining [1] entities.
08:24:43.054 INFO  akka.runtime.AkkaRuntimeMain - Starting Akka Runtime version [1.6.15]
08:24:43.063 INFO  akka.javasdk.impl.ComponentLocator$ - Looking for component descriptors matching pattern [META-INF/akka-javasdk-components_*.conf]
08:24:43.072 INFO  akka.javasdk.testkit.TestKit - Eventing TestKit booting up on port: 64405
08:24:43.075 INFO  akka.javasdk.testkit.TestKit - Checking runtime status
08:24:43.143 INFO  akka.cluster.sharding.ShardRegion - passivation-race-entity: Automatic entity passivation: composite strategy with limit of [10000] active entities, admission window (least recently used entities) with proportions [initial = 0.01, min = 0.01, max = 1.0] adapting with hill-climbing optimizer [adjust multiplier = 10.0, initial step = 0.0625, restart threshold = 0.05, step decay = 0.98], admit using frequency sketch [width multiplier = 4, reset multiplier = 10.0, depth = 4, counter bits = 4], main (least recently used entities (segmented with [2] levels with proportions of [0.20, 0.80]))
08:24:43.146 INFO  akka.runtime.DiscoveryManager - Service components: EventSourcedEntity: [1], Consumer: [2], View: [1]
08:24:43.148 INFO  akka.cluster.sharding.ShardRegion - sharded-daemon-process-eventSourcedProjection-passivation-race-entity-passivation-race-consumer-a: Automatic entity passivation: disabled
08:24:43.149 INFO  akka.cluster.sharding.ShardRegion - sharded-daemon-process-eventSourcedProjection-passivation-race-entity-passivation-race-consumer-b: Automatic entity passivation: disabled
08:24:43.150 INFO  akka.cluster.sharding.ShardRegion - sharded-daemon-process-eventSourcedProjection-passivation-race-entity-passivation-race-view: Automatic entity passivation: disabled
08:24:43.152 INFO  akka.runtime.DiscoveryManager - Akka Runtime started at 127.0.0.1:64404
08:24:43.152 INFO  repro.Bootstrap - onStartup burst of 8 starting
08:24:43.194 INFO  akka.javasdk.testkit.TestKit - Runtime started
08:24:43.416 WARN  akka.cluster.sharding.ShardRegion - passivation-race-entity: Dropping [1] buffered messages to shard [144] during hand off to avoid re-ordering
08:24:43.416 WARN  akka.cluster.sharding.ShardRegion - sharded-daemon-process-eventSourcedProjection-passivation-race-entity-passivation-race-consumer-a: Dropping [1] buffered messages to shard [0] during hand off to avoid re-ordering
08:24:43.423 WARN  akka.cluster.sharding.ShardRegion - sharded-daemon-process-eventSourcedProjection-passivation-race-entity-passivation-race-view: Dropping [1] buffered messages to shard [0] during hand off to avoid re-ordering
08:24:44.180 WARN  a.c.s.ShardRegion$HandOffStopper - sharded-daemon-process-eventSourcedProjection-passivation-race-entity-passivation-race-consumer-b: [1] of the entities in shard [0] not stopped after [750 milliseconds]. Maybe the handOffStopMessage [akka.projection.ProjectionBehavior$Stop$] is not handled? Waiting additional [250 milliseconds] before stopping the remaining entities.
08:24:44.430 WARN  a.c.s.ShardRegion$HandOffStopper - sharded-daemon-process-eventSourcedProjection-passivation-race-entity-passivation-race-consumer-b: HandOffStopMessage [akka.projection.ProjectionBehavior$Stop$] is not handled by some of the entities in shard [0] after [1 second], stopping the remaining [1] entities.
08:24:45.530 INFO  akka.runtime.AkkaRuntimeMain - Starting Akka Runtime version [1.6.15]
08:24:45.544 INFO  akka.javasdk.impl.ComponentLocator$ - Looking for component descriptors matching pattern [META-INF/akka-javasdk-components_*.conf]
08:24:45.551 INFO  akka.javasdk.testkit.TestKit - Eventing TestKit booting up on port: 64410
08:24:45.554 INFO  akka.javasdk.testkit.TestKit - Checking runtime status
08:24:45.618 INFO  akka.cluster.sharding.ShardRegion - passivation-race-entity: Automatic entity passivation: composite strategy with limit of [10000] active entities, admission window (least recently used entities) with proportions [initial = 0.01, min = 0.01, max = 1.0] adapting with hill-climbing optimizer [adjust multiplier = 10.0, initial step = 0.0625, restart threshold = 0.05, step decay = 0.98], admit using frequency sketch [width multiplier = 4, reset multiplier = 10.0, depth = 4, counter bits = 4], main (least recently used entities (segmented with [2] levels with proportions of [0.20, 0.80]))
08:24:45.621 INFO  akka.runtime.DiscoveryManager - Service components: EventSourcedEntity: [1], Consumer: [2], View: [1]
08:24:45.623 INFO  akka.cluster.sharding.ShardRegion - sharded-daemon-process-eventSourcedProjection-passivation-race-entity-passivation-race-consumer-a: Automatic entity passivation: disabled
08:24:45.623 INFO  akka.cluster.sharding.ShardRegion - sharded-daemon-process-eventSourcedProjection-passivation-race-entity-passivation-race-consumer-b: Automatic entity passivation: disabled
08:24:45.624 INFO  akka.cluster.sharding.ShardRegion - sharded-daemon-process-eventSourcedProjection-passivation-race-entity-passivation-race-view: Automatic entity passivation: disabled
08:24:45.627 INFO  akka.runtime.DiscoveryManager - Akka Runtime started at 127.0.0.1:64409
08:24:45.627 INFO  repro.Bootstrap - onStartup burst of 8 starting
08:24:45.678 INFO  akka.javasdk.testkit.TestKit - Runtime started
08:24:45.886 WARN  akka.cluster.sharding.ShardRegion - passivation-race-entity: Dropping [1] buffered messages to shard [888] during hand off to avoid re-ordering
08:24:45.888 WARN  akka.cluster.sharding.ShardRegion - sharded-daemon-process-eventSourcedProjection-passivation-race-entity-passivation-race-consumer-a: Dropping [1] buffered messages to shard [0] during hand off to avoid re-ordering
08:24:46.655 WARN  a.c.s.ShardRegion$HandOffStopper - sharded-daemon-process-eventSourcedProjection-passivation-race-entity-passivation-race-consumer-b: [1] of the entities in shard [0] not stopped after [750 milliseconds]. Maybe the handOffStopMessage [akka.projection.ProjectionBehavior$Stop$] is not handled? Waiting additional [250 milliseconds] before stopping the remaining entities.
08:24:46.906 WARN  a.c.s.ShardRegion$HandOffStopper - sharded-daemon-process-eventSourcedProjection-passivation-race-entity-passivation-race-consumer-b: HandOffStopMessage [akka.projection.ProjectionBehavior$Stop$] is not handled by some of the entities in shard [0] after [1 second], stopping the remaining [1] entities.
08:24:47.984 INFO  akka.runtime.AkkaRuntimeMain - Starting Akka Runtime version [1.6.15]
08:24:47.994 INFO  akka.javasdk.impl.ComponentLocator$ - Looking for component descriptors matching pattern [META-INF/akka-javasdk-components_*.conf]
08:24:48.003 INFO  akka.javasdk.testkit.TestKit - Eventing TestKit booting up on port: 64415
08:24:48.007 INFO  akka.javasdk.testkit.TestKit - Checking runtime status
08:24:48.075 INFO  akka.cluster.sharding.ShardRegion - passivation-race-entity: Automatic entity passivation: composite strategy with limit of [10000] active entities, admission window (least recently used entities) with proportions [initial = 0.01, min = 0.01, max = 1.0] adapting with hill-climbing optimizer [adjust multiplier = 10.0, initial step = 0.0625, restart threshold = 0.05, step decay = 0.98], admit using frequency sketch [width multiplier = 4, reset multiplier = 10.0, depth = 4, counter bits = 4], main (least recently used entities (segmented with [2] levels with proportions of [0.20, 0.80]))
08:24:48.077 INFO  akka.runtime.DiscoveryManager - Service components: EventSourcedEntity: [1], Consumer: [2], View: [1]
08:24:48.079 INFO  akka.cluster.sharding.ShardRegion - sharded-daemon-process-eventSourcedProjection-passivation-race-entity-passivation-race-consumer-a: Automatic entity passivation: disabled
08:24:48.080 INFO  akka.cluster.sharding.ShardRegion - sharded-daemon-process-eventSourcedProjection-passivation-race-entity-passivation-race-consumer-b: Automatic entity passivation: disabled
08:24:48.081 INFO  akka.cluster.sharding.ShardRegion - sharded-daemon-process-eventSourcedProjection-passivation-race-entity-passivation-race-view: Automatic entity passivation: disabled
08:24:48.083 INFO  akka.runtime.DiscoveryManager - Akka Runtime started at 127.0.0.1:64414
08:24:48.083 INFO  repro.Bootstrap - onStartup burst of 8 starting
08:24:48.126 INFO  akka.javasdk.testkit.TestKit - Runtime started
08:24:48.342 WARN  akka.cluster.sharding.ShardRegion - passivation-race-entity: Dropping [1] buffered messages to shard [422] during hand off to avoid re-ordering
08:24:49.123 WARN  a.c.s.ShardRegion$HandOffStopper - sharded-daemon-process-eventSourcedProjection-passivation-race-entity-passivation-race-consumer-b: [1] of the entities in shard [0] not stopped after [750 milliseconds]. Maybe the handOffStopMessage [akka.projection.ProjectionBehavior$Stop$] is not handled? Waiting additional [250 milliseconds] before stopping the remaining entities.
08:24:49.123 WARN  a.c.s.ShardRegion$HandOffStopper - sharded-daemon-process-eventSourcedProjection-passivation-race-entity-passivation-race-consumer-a: [1] of the entities in shard [0] not stopped after [750 milliseconds]. Maybe the handOffStopMessage [akka.projection.ProjectionBehavior$Stop$] is not handled? Waiting additional [250 milliseconds] before stopping the remaining entities.
08:24:49.123 WARN  a.c.s.ShardRegion$HandOffStopper - sharded-daemon-process-eventSourcedProjection-passivation-race-entity-passivation-race-view: [1] of the entities in shard [0] not stopped after [750 milliseconds]. Maybe the handOffStopMessage [akka.projection.ProjectionBehavior$Stop$] is not handled? Waiting additional [250 milliseconds] before stopping the remaining entities.
08:24:49.373 WARN  a.c.s.ShardRegion$HandOffStopper - sharded-daemon-process-eventSourcedProjection-passivation-race-entity-passivation-race-consumer-a: HandOffStopMessage [akka.projection.ProjectionBehavior$Stop$] is not handled by some of the entities in shard [0] after [1 second], stopping the remaining [1] entities.
08:24:49.373 WARN  a.c.s.ShardRegion$HandOffStopper - sharded-daemon-process-eventSourcedProjection-passivation-race-entity-passivation-race-consumer-b: HandOffStopMessage [akka.projection.ProjectionBehavior$Stop$] is not handled by some of the entities in shard [0] after [1 second], stopping the remaining [1] entities.
08:24:49.373 WARN  a.c.s.ShardRegion$HandOffStopper - sharded-daemon-process-eventSourcedProjection-passivation-race-entity-passivation-race-view: HandOffStopMessage [akka.projection.ProjectionBehavior$Stop$] is not handled by some of the entities in shard [0] after [1 second], stopping the remaining [1] entities.
08:24:50.475 INFO  akka.runtime.AkkaRuntimeMain - Starting Akka Runtime version [1.6.15]
08:24:50.483 INFO  akka.javasdk.impl.ComponentLocator$ - Looking for component descriptors matching pattern [META-INF/akka-javasdk-components_*.conf]
08:24:50.490 INFO  akka.javasdk.testkit.TestKit - Eventing TestKit booting up on port: 64420
08:24:50.493 INFO  akka.javasdk.testkit.TestKit - Checking runtime status
08:24:50.557 INFO  akka.cluster.sharding.ShardRegion - passivation-race-entity: Automatic entity passivation: composite strategy with limit of [10000] active entities, admission window (least recently used entities) with proportions [initial = 0.01, min = 0.01, max = 1.0] adapting with hill-climbing optimizer [adjust multiplier = 10.0, initial step = 0.0625, restart threshold = 0.05, step decay = 0.98], admit using frequency sketch [width multiplier = 4, reset multiplier = 10.0, depth = 4, counter bits = 4], main (least recently used entities (segmented with [2] levels with proportions of [0.20, 0.80]))
08:24:50.560 INFO  akka.runtime.DiscoveryManager - Service components: EventSourcedEntity: [1], Consumer: [2], View: [1]
08:24:50.561 INFO  akka.cluster.sharding.ShardRegion - sharded-daemon-process-eventSourcedProjection-passivation-race-entity-passivation-race-consumer-a: Automatic entity passivation: disabled
08:24:50.562 INFO  akka.cluster.sharding.ShardRegion - sharded-daemon-process-eventSourcedProjection-passivation-race-entity-passivation-race-consumer-b: Automatic entity passivation: disabled
08:24:50.563 INFO  akka.cluster.sharding.ShardRegion - sharded-daemon-process-eventSourcedProjection-passivation-race-entity-passivation-race-view: Automatic entity passivation: disabled
08:24:50.563 INFO  akka.runtime.DiscoveryManager - Akka Runtime started at 127.0.0.1:64419
08:24:50.563 INFO  repro.Bootstrap - onStartup burst of 8 starting
08:24:50.618 INFO  akka.javasdk.testkit.TestKit - Runtime started
08:24:50.828 WARN  akka.cluster.sharding.ShardRegion - sharded-daemon-process-eventSourcedProjection-passivation-race-entity-passivation-race-consumer-b: Dropping [1] buffered messages to shard [0] during hand off to avoid re-ordering
08:24:50.829 WARN  akka.cluster.sharding.ShardRegion - sharded-daemon-process-eventSourcedProjection-passivation-race-entity-passivation-race-view: Dropping [1] buffered messages to shard [0] during hand off to avoid re-ordering
08:24:50.830 WARN  akka.cluster.sharding.ShardRegion - sharded-daemon-process-eventSourcedProjection-passivation-race-entity-passivation-race-consumer-a: Dropping [1] buffered messages to shard [0] during hand off to avoid re-ordering
08:24:59.635 WARN  akka.cluster.sharding.ShardRegion - passivation-race-entity: Graceful shutdown of shard region timed out, region will be stopped. Remaining shards [], remaining buffered messages [1].
08:25:00.630 ERROR akka.javasdk.testkit.TestKit - TestKit runtime failed to terminate
java.lang.RuntimeException: Failed to stop [akka-runtime] within [10 seconds] 
-> / LocalActorRefProvider$$anon$2 class akka.actor.LocalActorRefProvider$Guardian status=0 2 children
   ⌊-> system LocalActorRef class akka.actor.LocalActorRefProvider$SystemGuardian status=0 41 children
   |   ⌊-> IO-DNS RepointableActorRef class akka.io.SimpleDnsManager status=0 1 children
   |   |   ⌊-> inet-address RoutedActorRef class akka.routing.RouterPoolActor status=0 4 children
   |   |       ⌊-> $a LocalActorRef class akka.io.InetAddressDnsResolver status=0 no children
   |   |       ⌊-> $b LocalActorRef class akka.io.InetAddressDnsResolver status=0 no children
   |   |       ⌊-> $c LocalActorRef class akka.io.InetAddressDnsResolver status=0 no children
   |   |       ⌊-> $d LocalActorRef class akka.io.InetAddressDnsResolver status=0 no children
   |   ⌊-> IO-TCP RepointableActorRef class akka.io.TcpManager status=0 1 children
   |   |   ⌊-> selectors RoutedActorRef class akka.routing.RouterPoolActor status=0 1 children
   |   |       ⌊-> $a LocalActorRef class akka.io.SelectionHandler status=0 2 children
   |   |           ⌊-> 0 LocalActorRef class akka.io.TcpListener status=0 no children
   |   |           ⌊-> 1 LocalActorRef class akka.io.TcpListener status=0 no children
   |   ⌊-> Materializers RepointableActorRef class akka.stream.impl.MaterializerGuardian status=0 4 children
   |   |   ⌊-> StreamSupervisor-24 LocalActorRef class akka.stream.impl.StreamSupervisor status=0 2 children
   |   |   |   ⌊-> flow-7-0-ignoreSink RepointableActorRef class akka.stream.impl.fusing.ActorGraphInterpreter status=0 no children
   |   |   |   ⌊-> flow-8-0-PoolFlow RepointableActorRef class akka.stream.impl.fusing.ActorGraphInterpreter status=0 no children
   |   |   ⌊-> StreamSupervisor-25 LocalActorRef class akka.stream.impl.StreamSupervisor status=0 6 children
   |   |   |   ⌊-> remote-0-0-ignoreSink RepointableActorRef class akka.stream.impl.fusing.ActorGraphInterpreter status=0 no children
   |   |   |   ⌊-> remote-2-0-unnamed RepointableActorRef class akka.stream.impl.fusing.ActorGraphInterpreter status=0 no children
   |   |   |   ⌊-> remote-3-0-ignoreSink RepointableActorRef class akka.stream.impl.fusing.ActorGraphInterpreter status=0 no children
   |   |   |   ⌊-> remote-4-0-ignoreSink RepointableActorRef class akka.stream.impl.fusing.ActorGraphInterpreter status=0 no children
   |   |   |   ⌊-> remote-5-0-ignoreSink RepointableActorRef class akka.stream.impl.fusing.ActorGraphInterpreter status=0 no children
   |   |   |   ⌊-> remote-6-0-ignoreSink RepointableActorRef class akka.stream.impl.fusing.ActorGraphInterpreter status=0 no children
   |   |   ⌊-> StreamSupervisor-26 LocalActorRef class akka.stream.impl.StreamSupervisor status=0 1 children
   |   |   |   ⌊-> remoteControl-1-0-ignoreSink RepointableActorRef class akka.stream.impl.fusing.ActorGraphInterpreter status=0 no children
   |   |   ⌊-> StreamSupervisor-27 LocalActorRef class akka.stream.impl.StreamSupervisor status=0 no children
   |   ⌊-> _timerShardCommandDelegator RepointableActorRef class akka.actor.typed.internal.adapter.ActorAdapter status=0 no children
   |   ⌊-> akka.persistence.r2dbc.journal RepointableActorRef class akka.persistence.r2dbc.journal.R2dbcJournal status=0 1 children
   |   |   ⌊-> $a LocalActorRef class akka.persistence.journal.AsyncWriteJournal$Resequencer status=0 no children
   |   ⌊-> akka.persistence.r2dbc.snapshot RepointableActorRef class akka.persistence.r2dbc.snapshot.R2dbcSnapshotStore status=0 no children
   |   ⌊-> cluster RepointableActorRef class akka.cluster.ClusterDaemon status=0 2 children
   |   |   ⌊-> core LocalActorRef class akka.cluster.ClusterCoreSupervisor status=0 2 children
   |   |   |   ⌊-> daemon LocalActorRef class akka.cluster.ClusterCoreDaemon status=0 3 children
   |   |   |   |   ⌊-> crossDcHeartbeatSender LocalActorRef class akka.cluster.CrossDcHeartbeatSender status=0 no children
   |   |   |   |   ⌊-> downingProvider LocalActorRef class akka.cluster.sbr.SplitBrainResolver status=0 no children
   |   |   |   |   ⌊-> heartbeatSender LocalActorRef class akka.cluster.ClusterHeartbeatSender status=0 no children
   |   |   |   ⌊-> publisher LocalActorRef class akka.cluster.ClusterDomainEventPublisher status=0 no children
   |   |   ⌊-> heartbeatReceiver LocalActorRef class akka.cluster.ClusterHeartbeatReceiver status=0 no children
   |   ⌊-> clusterCommandManager RepointableActorRef class akka.actor.typed.internal.adapter.ActorAdapter status=0 no children
   |   ⌊-> clusterEventBusListener RepointableActorRef class akka.cluster.ClusterReadView$$anon$1 status=0 no children
   |   ⌊-> clusterReceptionist RepointableActorRef class akka.actor.typed.internal.adapter.ActorAdapter status=0 1 children
   |   |   ⌊-> replicator LocalActorRef class akka.cluster.ddata.Replicator status=0 no children
   |   ⌊-> clusterStateSubscriptions RepointableActorRef class akka.actor.typed.internal.adapter.ActorAdapter status=0 no children
   |   ⌊-> ddataReplicator RepointableActorRef class akka.cluster.ddata.Replicator status=0 no children
   |   ⌊-> deadLetterListener RepointableActorRef class akka.event.DeadLetterListener status=0 no children
   |   ⌊-> discovery-manager RepointableActorRef class akka.actor.typed.internal.adapter.ActorAdapter status=0 no children
   |   ⌊-> discovery-watcher RepointableActorRef class akka.actor.typed.internal.adapter.ActorAdapter status=0 no children
   |   ⌊-> dynamicReplicationSettingsDdata RepointableActorRef class akka.actor.typed.internal.adapter.ActorAdapter status=0 no children
   |   ⌊-> eventStreamUnsubscriber-7 RepointableActorRef class akka.event.EventStreamUnsubscriber status=0 no children
   |   ⌊-> eventstream RepointableActorRef class akka.actor.typed.internal.adapter.ActorAdapter status=0 no children
   |   ⌊-> log-level-config RepointableActorRef class akka.actor.typed.internal.adapter.ActorAdapter status=0 no children
   |   ⌊-> log1-Slf4jLogger RepointableActorRef class akka.event.slf4j.Slf4jLogger status=0 no children
   |   ⌊-> passivation-race-entityShardCommandDelegator RepointableActorRef class akka.actor.typed.internal.adapter.ActorAdapter status=0 no children
   |   ⌊-> pool-master RepointableActorRef class akka.http.impl.engine.client.PoolMasterActor status=0 no children
   |   ⌊-> r2dbc-passivation-race-entity-0-1023 RepointableActorRef class akka.actor.typed.internal.adapter.ActorAdapter status=0 no children
   |   ⌊-> recoveryPermitter RepointableActorRef class akka.persistence.RecoveryPermitter status=0 no children
   |   ⌊-> remote-deployment-watcher RepointableActorRef class akka.remote.RemoteDeploymentWatcher status=0 no children
   |   ⌊-> remote-watcher RepointableActorRef class akka.cluster.ClusterRemoteWatcher status=0 no children
   |   ⌊-> remoting-terminator RepointableActorRef class akka.remote.RemoteActorRefProvider$RemotingTerminator status=0 no children
   |   ⌊-> sharded-daemon-process-eventSourcedProjection-passivation-race-entity-passivation-race-consumer-aShardCommandDelegator RepointableActorRef class akka.actor.typed.internal.adapter.ActorAdapter status=0 no children
   |   ⌊-> sharded-daemon-process-eventSourcedProjection-passivation-race-entity-passivation-race-consumer-bShardCommandDelegator RepointableActorRef class akka.actor.typed.internal.adapter.ActorAdapter status=0 no children
   |   ⌊-> sharded-daemon-process-eventSourcedProjection-passivation-race-entity-passivation-race-viewShardCommandDelegator RepointableActorRef class akka.actor.typed.internal.adapter.ActorAdapter status=0 no children
   |   ⌊-> sharding RepointableActorRef class akka.cluster.sharding.ClusterShardingGuardian status=0 6 children
   |   |   ⌊-> _timerCoordinator LocalActorRef class akka.cluster.singleton.ClusterSingletonManager status=0 2 children
   |   |   |   ⌊-> $a LocalActorRef class akka.cluster.singleton.ClusterSingletonManager$Internal$OldestChangedBuffer status=0 no children
   |   |   |   ⌊-> singleton LocalActorRef class akka.pattern.internal.BackoffOnStopSupervisor status=0 1 children
   |   |   |       ⌊-> coordinator LocalActorRef class akka.cluster.sharding.DDataShardCoordinator status=0 1 children
   |   |   |           ⌊-> RememberEntitiesStore LocalActorRef class akka.cluster.sharding.internal.DDataRememberEntitiesCoordinatorStore status=0 no children
   |   |   ⌊-> passivation-race-entityCoordinator LocalActorRef class akka.cluster.singleton.ClusterSingletonManager status=0 2 children
   |   |   |   ⌊-> $a LocalActorRef class akka.cluster.singleton.ClusterSingletonManager$Internal$OldestChangedBuffer status=0 no children
   |   |   |   ⌊-> singleton LocalActorRef class akka.pattern.internal.BackoffOnStopSupervisor status=0 1 children
   |   |   |       ⌊-> coordinator LocalActorRef class akka.cluster.sharding.DDataShardCoordinator status=0 no children
   |   |   ⌊-> replicator LocalActorRef class akka.cluster.ddata.Replicator status=0 no children
   |   |   ⌊-> sharded-daemon-process-eventSourcedProjection-passivation-race-entity-passivation-race-consumer-aCoordinator LocalActorRef class akka.cluster.singleton.ClusterSingletonManager status=0 2 children
   |   |   |   ⌊-> $a LocalActorRef class akka.cluster.singleton.ClusterSingletonManager$Internal$OldestChangedBuffer status=0 no children
   |   |   |   ⌊-> singleton LocalActorRef class akka.pattern.internal.BackoffOnStopSupervisor status=0 1 children
   |   |   |       ⌊-> coordinator LocalActorRef class akka.cluster.sharding.DDataShardCoordinator status=0 no children
   |   |   ⌊-> sharded-daemon-process-eventSourcedProjection-passivation-race-entity-passivation-race-consumer-bCoordinator LocalActorRef class akka.cluster.singleton.ClusterSingletonManager status=0 2 children
   |   |   |   ⌊-> $a LocalActorRef class akka.cluster.singleton.ClusterSingletonManager$Internal$OldestChangedBuffer status=0 no children
   |   |   |   ⌊-> singleton LocalActorRef class akka.pattern.internal.BackoffOnStopSupervisor status=0 1 children
   |   |   |       ⌊-> coordinator LocalActorRef class akka.cluster.sharding.DDataShardCoordinator status=0 no children
   |   |   ⌊-> sharded-daemon-process-eventSourcedProjection-passivation-race-entity-passivation-race-viewCoordinator LocalActorRef class akka.cluster.singleton.ClusterSingletonManager status=0 2 children
   |   |       ⌊-> $a LocalActorRef class akka.cluster.singleton.ClusterSingletonManager$Internal$OldestChangedBuffer status=0 no children
   |   |       ⌊-> singleton LocalActorRef class akka.pattern.internal.BackoffOnStopSupervisor status=0 1 children
   |   |           ⌊-> coordinator LocalActorRef class akka.cluster.sharding.DDataShardCoordinator status=0 no children
   |   ⌊-> singletonManagerShardedDaemonProcessCoordinator-eventSourcedProjection-passivation-race-entity-passivation-race-consumer-a RepointableActorRef class akka.cluster.singleton.ClusterSingletonManager status=0 2 children
   |   |   ⌊-> $a LocalActorRef class akka.cluster.singleton.ClusterSingletonManager$Internal$OldestChangedBuffer status=0 no children
   |   |   ⌊-> ShardedDaemonProcessCoordinator-eventSourcedProjection-passivation-race-entity-passivation-race-consumer-a LocalActorRef class akka.actor.typed.internal.adapter.ActorAdapter status=0 no children
   |   ⌊-> singletonManagerShardedDaemonProcessCoordinator-eventSourcedProjection-passivation-race-entity-passivation-race-consumer-b RepointableActorRef class akka.cluster.singleton.ClusterSingletonManager status=0 2 children
   |   |   ⌊-> $a LocalActorRef class akka.cluster.singleton.ClusterSingletonManager$Internal$OldestChangedBuffer status=0 no children
   |   |   ⌊-> ShardedDaemonProcessCoordinator-eventSourcedProjection-passivation-race-entity-passivation-race-consumer-b LocalActorRef class akka.actor.typed.internal.adapter.ActorAdapter status=0 no children
   |   ⌊-> singletonManagerShardedDaemonProcessCoordinator-eventSourcedProjection-passivation-race-entity-passivation-race-view RepointableActorRef class akka.cluster.singleton.ClusterSingletonManager status=0 2 children
   |   |   ⌊-> $a LocalActorRef class akka.cluster.singleton.ClusterSingletonManager$Internal$OldestChangedBuffer status=0 no children
   |   |   ⌊-> ShardedDaemonProcessCoordinator-eventSourcedProjection-passivation-race-entity-passivation-race-view LocalActorRef class akka.actor.typed.internal.adapter.ActorAdapter status=0 no children
   |   ⌊-> singletonManagerschemaSingleton RepointableActorRef class akka.cluster.singleton.ClusterSingletonManager status=0 2 children
   |   |   ⌊-> $a LocalActorRef class akka.cluster.singleton.ClusterSingletonManager$Internal$OldestChangedBuffer status=0 no children
   |   |   ⌊-> schemaSingleton LocalActorRef class akka.actor.typed.internal.adapter.ActorAdapter status=0 no children
   |   ⌊-> singletonProxyShardedDaemonProcessCoordinator-eventSourcedProjection-passivation-race-entity-passivation-race-consumer-a-no-dc RepointableActorRef class akka.cluster.singleton.ClusterSingletonProxy status=0 no children
   |   ⌊-> singletonProxyShardedDaemonProcessCoordinator-eventSourcedProjection-passivation-race-entity-passivation-race-consumer-b-no-dc RepointableActorRef class akka.cluster.singleton.ClusterSingletonProxy status=0 no children
   |   ⌊-> singletonProxyShardedDaemonProcessCoordinator-eventSourcedProjection-passivation-race-entity-passivation-race-view-no-dc RepointableActorRef class akka.cluster.singleton.ClusterSingletonProxy status=0 no children
   |   ⌊-> singletonProxyschemaSingleton-no-dc RepointableActorRef class akka.cluster.singleton.ClusterSingletonProxy status=0 no children
   |   ⌊-> timers-aggregator RepointableActorRef class akka.actor.typed.internal.adapter.ActorAdapter status=0 no children
   |   ⌊-> typedDdataReplicator RepointableActorRef class akka.actor.typed.internal.adapter.ActorAdapter status=0 no children
   ⌊-> user LocalActorRef class akka.actor.LocalActorRefProvider$Guardian status=0 no children
	at akka.testkit.TestKit$.shutdownActorSystem(TestKit.scala:1018)
	at akka.testkit.javadsl.TestKit$.shutdownActorSystem(TestKit.scala:596)
	at akka.testkit.javadsl.TestKit.shutdownActorSystem(TestKit.scala)
	at akka.javasdk.testkit.TestKit.stop(TestKit.java:1468)
	at repro.BootstrapWorkTimingTest.cycle(BootstrapWorkTimingTest.java:66)
	at repro.BootstrapWorkTimingTest.withBurstFromOnStartup(BootstrapWorkTimingTest.java:28)
	at java.base/jdk.internal.reflect.DirectMethodHandleAccessor.invoke(DirectMethodHandleAccessor.java:104)
	at java.base/java.lang.reflect.Method.invoke(Method.java:583)
	at org.junit.platform.commons.util.ReflectionUtils.invokeMethod(ReflectionUtils.java:767)
	at org.junit.jupiter.engine.execution.MethodInvocation.proceed(MethodInvocation.java:60)
	at org.junit.jupiter.engine.execution.InvocationInterceptorChain$ValidatingInvocation.proceed(InvocationInterceptorChain.java:131)
	at org.junit.jupiter.engine.extension.SameThreadTimeoutInvocation.proceed(SameThreadTimeoutInvocation.java:45)
	at org.junit.jupiter.engine.extension.TimeoutExtension.intercept(TimeoutExtension.java:156)
	at org.junit.jupiter.engine.extension.TimeoutExtension.interceptTestableMethod(TimeoutExtension.java:147)
	at org.junit.jupiter.engine.extension.TimeoutExtension.interceptTestMethod(TimeoutExtension.java:86)
	at org.junit.jupiter.engine.execution.InterceptingExecutableInvoker$ReflectiveInterceptorCall.lambda$ofVoidMethod$0(InterceptingExecutableInvoker.java:103)
	at org.junit.jupiter.engine.execution.InterceptingExecutableInvoker.lambda$invoke$0(InterceptingExecutableInvoker.java:93)
	at org.junit.jupiter.engine.execution.InvocationInterceptorChain$InterceptedInvocation.proceed(InvocationInterceptorChain.java:106)
	at org.junit.jupiter.engine.execution.InvocationInterceptorChain.proceed(InvocationInterceptorChain.java:64)
	at org.junit.jupiter.engine.execution.InvocationInterceptorChain.chainAndInvoke(InvocationInterceptorChain.java:45)
	at org.junit.jupiter.engine.execution.InvocationInterceptorChain.invoke(InvocationInterceptorChain.java:37)
	at org.junit.jupiter.engine.execution.InterceptingExecutableInvoker.invoke(InterceptingExecutableInvoker.java:92)
	at org.junit.jupiter.engine.execution.InterceptingExecutableInvoker.invoke(InterceptingExecutableInvoker.java:86)
	at org.junit.jupiter.engine.descriptor.TestMethodTestDescriptor.lambda$invokeTestMethod$8(TestMethodTestDescriptor.java:217)
	at org.junit.platform.engine.support.hierarchical.ThrowableCollector.execute(ThrowableCollector.java:73)
	at org.junit.jupiter.engine.descriptor.TestMethodTestDescriptor.invokeTestMethod(TestMethodTestDescriptor.java:213)
	at org.junit.jupiter.engine.descriptor.TestMethodTestDescriptor.execute(TestMethodTestDescriptor.java:138)
	at org.junit.jupiter.engine.descriptor.TestMethodTestDescriptor.execute(TestMethodTestDescriptor.java:68)
	at org.junit.platform.engine.support.hierarchical.NodeTestTask.lambda$executeRecursively$6(NodeTestTask.java:156)
	at org.junit.platform.engine.support.hierarchical.ThrowableCollector.execute(ThrowableCollector.java:73)
	at org.junit.platform.engine.support.hierarchical.NodeTestTask.lambda$executeRecursively$8(NodeTestTask.java:146)
	at org.junit.platform.engine.support.hierarchical.Node.around(Node.java:137)
	at org.junit.platform.engine.support.hierarchical.NodeTestTask.lambda$executeRecursively$9(NodeTestTask.java:144)
	at org.junit.platform.engine.support.hierarchical.ThrowableCollector.execute(ThrowableCollector.java:73)
	at org.junit.platform.engine.support.hierarchical.NodeTestTask.executeRecursively(NodeTestTask.java:143)
	at org.junit.platform.engine.support.hierarchical.NodeTestTask.execute(NodeTestTask.java:100)
	at java.base/java.util.ArrayList.forEach(ArrayList.java:1612)
	at org.junit.platform.engine.support.hierarchical.SameThreadHierarchicalTestExecutorService.invokeAll(SameThreadHierarchicalTestExecutorService.java:41)
	at org.junit.platform.engine.support.hierarchical.NodeTestTask.lambda$executeRecursively$6(NodeTestTask.java:160)
	at org.junit.platform.engine.support.hierarchical.ThrowableCollector.execute(ThrowableCollector.java:73)
	at org.junit.platform.engine.support.hierarchical.NodeTestTask.lambda$executeRecursively$8(NodeTestTask.java:146)
	at org.junit.platform.engine.support.hierarchical.Node.around(Node.java:137)
	at org.junit.platform.engine.support.hierarchical.NodeTestTask.lambda$executeRecursively$9(NodeTestTask.java:144)
	at org.junit.platform.engine.support.hierarchical.ThrowableCollector.execute(ThrowableCollector.java:73)
	at org.junit.platform.engine.support.hierarchical.NodeTestTask.executeRecursively(NodeTestTask.java:143)
	at org.junit.platform.engine.support.hierarchical.NodeTestTask.execute(NodeTestTask.java:100)
	at java.base/java.util.ArrayList.forEach(ArrayList.java:1612)
	at org.junit.platform.engine.support.hierarchical.SameThreadHierarchicalTestExecutorService.invokeAll(SameThreadHierarchicalTestExecutorService.java:41)
	at org.junit.platform.engine.support.hierarchical.NodeTestTask.lambda$executeRecursively$6(NodeTestTask.java:160)
	at org.junit.platform.engine.support.hierarchical.ThrowableCollector.execute(ThrowableCollector.java:73)
	at org.junit.platform.engine.support.hierarchical.NodeTestTask.lambda$executeRecursively$8(NodeTestTask.java:146)
	at org.junit.platform.engine.support.hierarchical.Node.around(Node.java:137)
	at org.junit.platform.engine.support.hierarchical.NodeTestTask.lambda$executeRecursively$9(NodeTestTask.java:144)
	at org.junit.platform.engine.support.hierarchical.ThrowableCollector.execute(ThrowableCollector.java:73)
	at org.junit.platform.engine.support.hierarchical.NodeTestTask.executeRecursively(NodeTestTask.java:143)
	at org.junit.platform.engine.support.hierarchical.NodeTestTask.execute(NodeTestTask.java:100)
	at org.junit.platform.engine.support.hierarchical.SameThreadHierarchicalTestExecutorService.submit(SameThreadHierarchicalTestExecutorService.java:35)
	at org.junit.platform.engine.support.hierarchical.HierarchicalTestExecutor.execute(HierarchicalTestExecutor.java:57)
	at org.junit.platform.engine.support.hierarchical.HierarchicalTestEngine.execute(HierarchicalTestEngine.java:54)
	at org.junit.platform.launcher.core.DefaultLauncher.execute(DefaultLauncher.java:220)
	at org.junit.platform.launcher.core.DefaultLauncher.lambda$execute$6(DefaultLauncher.java:188)
	at org.junit.platform.launcher.core.DefaultLauncher.withInterceptedStreams(DefaultLauncher.java:202)
	at org.junit.platform.launcher.core.DefaultLauncher.execute(DefaultLauncher.java:181)
	at org.junit.platform.launcher.core.DefaultLauncher.execute(DefaultLauncher.java:128)
	at org.apache.maven.surefire.junitplatform.JUnitPlatformProvider.invokeAllTests(JUnitPlatformProvider.java:150)
	at org.apache.maven.surefire.junitplatform.JUnitPlatformProvider.invoke(JUnitPlatformProvider.java:124)
	at org.apache.maven.surefire.booter.ForkedBooter.invokeProviderInSameClassLoader(ForkedBooter.java:384)
	at org.apache.maven.surefire.booter.ForkedBooter.runSuitesInProcess(ForkedBooter.java:345)
	at org.apache.maven.surefire.booter.ForkedBooter.execute(ForkedBooter.java:126)
	at org.apache.maven.surefire.booter.ForkedBooter.main(ForkedBooter.java:418)
08:25:00.703 INFO  akka.runtime.AkkaRuntimeMain - Starting Akka Runtime version [1.6.15]
08:25:00.709 INFO  akka.javasdk.impl.ComponentLocator$ - Looking for component descriptors matching pattern [META-INF/akka-javasdk-components_*.conf]
08:25:00.714 INFO  akka.javasdk.testkit.TestKit - Eventing TestKit booting up on port: 64426
08:25:00.717 INFO  akka.javasdk.testkit.TestKit - Checking runtime status
08:25:00.783 INFO  akka.cluster.sharding.ShardRegion - passivation-race-entity: Automatic entity passivation: composite strategy with limit of [10000] active entities, admission window (least recently used entities) with proportions [initial = 0.01, min = 0.01, max = 1.0] adapting with hill-climbing optimizer [adjust multiplier = 10.0, initial step = 0.0625, restart threshold = 0.05, step decay = 0.98], admit using frequency sketch [width multiplier = 4, reset multiplier = 10.0, depth = 4, counter bits = 4], main (least recently used entities (segmented with [2] levels with proportions of [0.20, 0.80]))
08:25:00.787 INFO  akka.runtime.DiscoveryManager - Service components: EventSourcedEntity: [1], Consumer: [2], View: [1]
08:25:00.789 INFO  akka.cluster.sharding.ShardRegion - sharded-daemon-process-eventSourcedProjection-passivation-race-entity-passivation-race-consumer-a: Automatic entity passivation: disabled
08:25:00.789 INFO  akka.cluster.sharding.ShardRegion - sharded-daemon-process-eventSourcedProjection-passivation-race-entity-passivation-race-consumer-b: Automatic entity passivation: disabled
08:25:00.790 INFO  akka.cluster.sharding.ShardRegion - sharded-daemon-process-eventSourcedProjection-passivation-race-entity-passivation-race-view: Automatic entity passivation: disabled
08:25:00.792 INFO  akka.runtime.DiscoveryManager - Akka Runtime started at 127.0.0.1:64425
08:25:00.792 INFO  repro.Bootstrap - onStartup burst of 8 starting
08:25:00.832 INFO  akka.javasdk.testkit.TestKit - Runtime started
08:25:01.052 WARN  akka.cluster.sharding.ShardRegion - sharded-daemon-process-eventSourcedProjection-passivation-race-entity-passivation-race-view: Dropping [1] buffered messages to shard [0] during hand off to avoid re-ordering
08:25:01.068 ERROR repro.Bootstrap - onStartup() threw an exception
java.util.concurrent.TimeoutException: Command to entity [passivation-race-entity] id [3561f6bb-41a3-4854-ba83-ec174928425d] timed out.
	at kalix.runtime.eventsourcedentity.EventSourcedSupport$$anonfun$$nestedInanonfun$handleCommand$1$1.applyOrElse(EventSourcedEntitySupportFactory.scala:191)
	at kalix.runtime.eventsourcedentity.EventSourcedSupport$$anonfun$$nestedInanonfun$handleCommand$1$1.applyOrElse(EventSourcedEntitySupportFactory.scala:189)
	at scala.concurrent.impl.Promise$Transformation.run(Promise.scala:523)
	at akka.dispatch.BatchingExecutor$AbstractBatch.processBatch(BatchingExecutor.scala:64)
	at akka.dispatch.BatchingExecutor$BlockableBatch.$anonfun$run$1(BatchingExecutor.scala:101)
	at scala.runtime.java8.JFunction0$mcV$sp.apply(JFunction0$mcV$sp.scala:18)
	at scala.concurrent.BlockContext$.withBlockContext(BlockContext.scala:94)
	at akka.dispatch.BatchingExecutor$BlockableBatch.run(BatchingExecutor.scala:101)
	at akka.dispatch.TaskInvocation.run(AbstractDispatcher.scala:48)
	at akka.dispatch.ForkJoinExecutorConfigurator$AkkaForkJoinTask.exec(ForkJoinExecutorConfigurator.scala:60)
	at java.base/java.util.concurrent.ForkJoinTask.doExec(ForkJoinTask.java:507)
	at java.base/java.util.concurrent.ForkJoinPool$WorkQueue.topLevelExec(ForkJoinPool.java:1450)
	at java.base/java.util.concurrent.ForkJoinPool.runWorker(ForkJoinPool.java:2019)
	at java.base/java.util.concurrent.ForkJoinWorkerThread.run(ForkJoinWorkerThread.java:187)
08:25:01.820 WARN  a.c.s.ShardRegion$HandOffStopper - sharded-daemon-process-eventSourcedProjection-passivation-race-entity-passivation-race-consumer-a: [1] of the entities in shard [0] not stopped after [750 milliseconds]. Maybe the handOffStopMessage [akka.projection.ProjectionBehavior$Stop$] is not handled? Waiting additional [250 milliseconds] before stopping the remaining entities.
08:25:02.071 WARN  a.c.s.ShardRegion$HandOffStopper - sharded-daemon-process-eventSourcedProjection-passivation-race-entity-passivation-race-consumer-a: HandOffStopMessage [akka.projection.ProjectionBehavior$Stop$] is not handled by some of the entities in shard [0] after [1 second], stopping the remaining [1] entities.
08:25:02.073 WARN  a.s.s.RestartWithBackoffSource - Restarting stream due to failure [1]: akka.projection.r2dbc.internal.R2dbcOffsetStore$AttemptToUseStoppedOffsetStore: eventSourcedProjection-passivation-race-entity-passivation-race-consumer-a [0-1023], correlation [2f662450-7181-409d-ac3b-64d3f1b67069]: R2dbcOffsetStore was stopped
08:25:03.155 INFO  akka.runtime.AkkaRuntimeMain - Starting Akka Runtime version [1.6.15]
08:25:03.165 INFO  akka.javasdk.impl.ComponentLocator$ - Looking for component descriptors matching pattern [META-INF/akka-javasdk-components_*.conf]
08:25:03.171 INFO  akka.javasdk.testkit.TestKit - Eventing TestKit booting up on port: 64432
08:25:03.175 INFO  akka.javasdk.testkit.TestKit - Checking runtime status
08:25:03.235 INFO  akka.cluster.sharding.ShardRegion - passivation-race-entity: Automatic entity passivation: composite strategy with limit of [10000] active entities, admission window (least recently used entities) with proportions [initial = 0.01, min = 0.01, max = 1.0] adapting with hill-climbing optimizer [adjust multiplier = 10.0, initial step = 0.0625, restart threshold = 0.05, step decay = 0.98], admit using frequency sketch [width multiplier = 4, reset multiplier = 10.0, depth = 4, counter bits = 4], main (least recently used entities (segmented with [2] levels with proportions of [0.20, 0.80]))
08:25:03.238 INFO  akka.runtime.DiscoveryManager - Service components: EventSourcedEntity: [1], Consumer: [2], View: [1]
08:25:03.240 INFO  akka.cluster.sharding.ShardRegion - sharded-daemon-process-eventSourcedProjection-passivation-race-entity-passivation-race-consumer-a: Automatic entity passivation: disabled
08:25:03.240 INFO  akka.cluster.sharding.ShardRegion - sharded-daemon-process-eventSourcedProjection-passivation-race-entity-passivation-race-consumer-b: Automatic entity passivation: disabled
08:25:03.241 INFO  akka.cluster.sharding.ShardRegion - sharded-daemon-process-eventSourcedProjection-passivation-race-entity-passivation-race-view: Automatic entity passivation: disabled
08:25:03.242 INFO  akka.runtime.DiscoveryManager - Akka Runtime started at 127.0.0.1:64430
08:25:03.243 INFO  repro.Bootstrap - onStartup burst of 8 starting
08:25:03.295 INFO  akka.javasdk.testkit.TestKit - Runtime started
08:25:03.527 ERROR repro.Bootstrap - onStartup() threw an exception
java.util.concurrent.TimeoutException: Command to entity [passivation-race-entity] id [21b54c7f-5bd5-4059-b212-13c055387f97] timed out.
	at kalix.runtime.eventsourcedentity.EventSourcedSupport$$anonfun$$nestedInanonfun$handleCommand$1$1.applyOrElse(EventSourcedEntitySupportFactory.scala:191)
	at kalix.runtime.eventsourcedentity.EventSourcedSupport$$anonfun$$nestedInanonfun$handleCommand$1$1.applyOrElse(EventSourcedEntitySupportFactory.scala:189)
	at scala.concurrent.impl.Promise$Transformation.run(Promise.scala:523)
	at akka.dispatch.BatchingExecutor$AbstractBatch.processBatch(BatchingExecutor.scala:64)
	at akka.dispatch.BatchingExecutor$BlockableBatch.$anonfun$run$1(BatchingExecutor.scala:101)
	at scala.runtime.java8.JFunction0$mcV$sp.apply(JFunction0$mcV$sp.scala:18)
	at scala.concurrent.BlockContext$.withBlockContext(BlockContext.scala:94)
	at akka.dispatch.BatchingExecutor$BlockableBatch.run(BatchingExecutor.scala:101)
	at akka.dispatch.TaskInvocation.run(AbstractDispatcher.scala:48)
	at akka.dispatch.ForkJoinExecutorConfigurator$AkkaForkJoinTask.exec(ForkJoinExecutorConfigurator.scala:60)
	at java.base/java.util.concurrent.ForkJoinTask.doExec(ForkJoinTask.java:507)
	at java.base/java.util.concurrent.ForkJoinPool$WorkQueue.topLevelExec(ForkJoinPool.java:1450)
	at java.base/java.util.concurrent.ForkJoinPool.runWorker(ForkJoinPool.java:2019)
	at java.base/java.util.concurrent.ForkJoinWorkerThread.run(ForkJoinWorkerThread.java:187)
08:25:04.283 WARN  a.c.s.ShardRegion$HandOffStopper - sharded-daemon-process-eventSourcedProjection-passivation-race-entity-passivation-race-consumer-b: [1] of the entities in shard [0] not stopped after [750 milliseconds]. Maybe the handOffStopMessage [akka.projection.ProjectionBehavior$Stop$] is not handled? Waiting additional [250 milliseconds] before stopping the remaining entities.
08:25:04.283 WARN  a.c.s.ShardRegion$HandOffStopper - sharded-daemon-process-eventSourcedProjection-passivation-race-entity-passivation-race-consumer-a: [1] of the entities in shard [0] not stopped after [750 milliseconds]. Maybe the handOffStopMessage [akka.projection.ProjectionBehavior$Stop$] is not handled? Waiting additional [250 milliseconds] before stopping the remaining entities.
08:25:04.532 WARN  a.c.s.ShardRegion$HandOffStopper - sharded-daemon-process-eventSourcedProjection-passivation-race-entity-passivation-race-consumer-b: HandOffStopMessage [akka.projection.ProjectionBehavior$Stop$] is not handled by some of the entities in shard [0] after [1 second], stopping the remaining [1] entities.
08:25:04.532 WARN  a.c.s.ShardRegion$HandOffStopper - sharded-daemon-process-eventSourcedProjection-passivation-race-entity-passivation-race-consumer-a: HandOffStopMessage [akka.projection.ProjectionBehavior$Stop$] is not handled by some of the entities in shard [0] after [1 second], stopping the remaining [1] entities.
08:25:04.533 WARN  a.s.s.RestartWithBackoffSource - Restarting stream due to failure [1]: akka.projection.r2dbc.internal.R2dbcOffsetStore$AttemptToUseStoppedOffsetStore: eventSourcedProjection-passivation-race-entity-passivation-race-consumer-a [0-1023], correlation [512c3de3-e824-411d-b8de-137ed9b4bfad]: R2dbcOffsetStore was stopped
08:25:04.535 WARN  a.s.s.RestartWithBackoffSource - Restarting stream due to failure [1]: akka.projection.r2dbc.internal.R2dbcOffsetStore$AttemptToUseStoppedOffsetStore: eventSourcedProjection-passivation-race-entity-passivation-race-consumer-b [0-1023], correlation [870ac8dd-8ceb-4927-9cb5-345d071f9c40]: R2dbcOffsetStore was stopped
08:25:05.638 INFO  akka.runtime.AkkaRuntimeMain - Starting Akka Runtime version [1.6.15]
08:25:05.649 INFO  akka.javasdk.impl.ComponentLocator$ - Looking for component descriptors matching pattern [META-INF/akka-javasdk-components_*.conf]
08:25:05.657 INFO  akka.javasdk.testkit.TestKit - Eventing TestKit booting up on port: 64437
08:25:05.659 INFO  akka.javasdk.testkit.TestKit - Checking runtime status
08:25:05.725 INFO  akka.cluster.sharding.ShardRegion - passivation-race-entity: Automatic entity passivation: composite strategy with limit of [10000] active entities, admission window (least recently used entities) with proportions [initial = 0.01, min = 0.01, max = 1.0] adapting with hill-climbing optimizer [adjust multiplier = 10.0, initial step = 0.0625, restart threshold = 0.05, step decay = 0.98], admit using frequency sketch [width multiplier = 4, reset multiplier = 10.0, depth = 4, counter bits = 4], main (least recently used entities (segmented with [2] levels with proportions of [0.20, 0.80]))
08:25:05.728 INFO  akka.runtime.DiscoveryManager - Service components: EventSourcedEntity: [1], Consumer: [2], View: [1]
08:25:05.729 INFO  akka.cluster.sharding.ShardRegion - sharded-daemon-process-eventSourcedProjection-passivation-race-entity-passivation-race-consumer-a: Automatic entity passivation: disabled
08:25:05.730 INFO  akka.cluster.sharding.ShardRegion - sharded-daemon-process-eventSourcedProjection-passivation-race-entity-passivation-race-consumer-b: Automatic entity passivation: disabled
08:25:05.730 INFO  akka.cluster.sharding.ShardRegion - sharded-daemon-process-eventSourcedProjection-passivation-race-entity-passivation-race-view: Automatic entity passivation: disabled
08:25:05.731 INFO  akka.runtime.DiscoveryManager - Akka Runtime started at 127.0.0.1:64436
08:25:05.731 INFO  repro.Bootstrap - onStartup burst of 8 starting
08:25:05.775 INFO  akka.javasdk.testkit.TestKit - Runtime started
08:25:05.995 WARN  akka.cluster.sharding.ShardRegion - sharded-daemon-process-eventSourcedProjection-passivation-race-entity-passivation-race-consumer-a: Dropping [1] buffered messages to shard [0] during hand off to avoid re-ordering
08:25:06.006 ERROR repro.Bootstrap - onStartup() threw an exception
java.util.concurrent.TimeoutException: Command to entity [passivation-race-entity] id [f086cc0a-d2e4-4b96-9bd3-5f1787dea2ed] timed out.
	at kalix.runtime.eventsourcedentity.EventSourcedSupport$$anonfun$$nestedInanonfun$handleCommand$1$1.applyOrElse(EventSourcedEntitySupportFactory.scala:191)
	at kalix.runtime.eventsourcedentity.EventSourcedSupport$$anonfun$$nestedInanonfun$handleCommand$1$1.applyOrElse(EventSourcedEntitySupportFactory.scala:189)
	at scala.concurrent.impl.Promise$Transformation.run(Promise.scala:523)
	at akka.dispatch.BatchingExecutor$AbstractBatch.processBatch(BatchingExecutor.scala:64)
	at akka.dispatch.BatchingExecutor$BlockableBatch.$anonfun$run$1(BatchingExecutor.scala:101)
	at scala.runtime.java8.JFunction0$mcV$sp.apply(JFunction0$mcV$sp.scala:18)
	at scala.concurrent.BlockContext$.withBlockContext(BlockContext.scala:94)
	at akka.dispatch.BatchingExecutor$BlockableBatch.run(BatchingExecutor.scala:101)
	at akka.dispatch.TaskInvocation.run(AbstractDispatcher.scala:48)
	at akka.dispatch.ForkJoinExecutorConfigurator$AkkaForkJoinTask.exec(ForkJoinExecutorConfigurator.scala:60)
	at java.base/java.util.concurrent.ForkJoinTask.doExec(ForkJoinTask.java:507)
	at java.base/java.util.concurrent.ForkJoinPool$WorkQueue.topLevelExec(ForkJoinPool.java:1450)
	at java.base/java.util.concurrent.ForkJoinPool.runWorker(ForkJoinPool.java:2019)
	at java.base/java.util.concurrent.ForkJoinWorkerThread.run(ForkJoinWorkerThread.java:187)
08:25:07.097 INFO  akka.runtime.AkkaRuntimeMain - Starting Akka Runtime version [1.6.15]
08:25:07.104 INFO  akka.javasdk.impl.ComponentLocator$ - Looking for component descriptors matching pattern [META-INF/akka-javasdk-components_*.conf]
08:25:07.111 INFO  akka.javasdk.testkit.TestKit - Eventing TestKit booting up on port: 64442
08:25:07.113 INFO  akka.javasdk.testkit.TestKit - Checking runtime status
08:25:07.183 INFO  akka.cluster.sharding.ShardRegion - passivation-race-entity: Automatic entity passivation: composite strategy with limit of [10000] active entities, admission window (least recently used entities) with proportions [initial = 0.01, min = 0.01, max = 1.0] adapting with hill-climbing optimizer [adjust multiplier = 10.0, initial step = 0.0625, restart threshold = 0.05, step decay = 0.98], admit using frequency sketch [width multiplier = 4, reset multiplier = 10.0, depth = 4, counter bits = 4], main (least recently used entities (segmented with [2] levels with proportions of [0.20, 0.80]))
08:25:07.186 INFO  akka.runtime.DiscoveryManager - Service components: EventSourcedEntity: [1], Consumer: [2], View: [1]
08:25:07.188 INFO  akka.cluster.sharding.ShardRegion - sharded-daemon-process-eventSourcedProjection-passivation-race-entity-passivation-race-consumer-a: Automatic entity passivation: disabled
08:25:07.188 INFO  akka.cluster.sharding.ShardRegion - sharded-daemon-process-eventSourcedProjection-passivation-race-entity-passivation-race-consumer-b: Automatic entity passivation: disabled
08:25:07.189 INFO  akka.cluster.sharding.ShardRegion - sharded-daemon-process-eventSourcedProjection-passivation-race-entity-passivation-race-view: Automatic entity passivation: disabled
08:25:07.189 INFO  akka.runtime.DiscoveryManager - Akka Runtime started at 127.0.0.1:64441
08:25:07.190 INFO  repro.Bootstrap - onStartup burst of 8 starting
08:25:07.233 INFO  akka.javasdk.testkit.TestKit - Runtime started
08:25:07.454 WARN  akka.cluster.sharding.ShardRegion - sharded-daemon-process-eventSourcedProjection-passivation-race-entity-passivation-race-consumer-a: Dropping [1] buffered messages to shard [0] during hand off to avoid re-ordering
08:25:07.474 ERROR repro.Bootstrap - onStartup() threw an exception
java.util.concurrent.TimeoutException: Command to entity [passivation-race-entity] id [a2fdc100-4570-48fd-8a6e-bd564a5e3a77] timed out.
	at kalix.runtime.eventsourcedentity.EventSourcedSupport$$anonfun$$nestedInanonfun$handleCommand$1$1.applyOrElse(EventSourcedEntitySupportFactory.scala:191)
	at kalix.runtime.eventsourcedentity.EventSourcedSupport$$anonfun$$nestedInanonfun$handleCommand$1$1.applyOrElse(EventSourcedEntitySupportFactory.scala:189)
	at scala.concurrent.impl.Promise$Transformation.run(Promise.scala:523)
	at akka.dispatch.BatchingExecutor$AbstractBatch.processBatch(BatchingExecutor.scala:64)
	at akka.dispatch.BatchingExecutor$BlockableBatch.$anonfun$run$1(BatchingExecutor.scala:101)
	at scala.runtime.java8.JFunction0$mcV$sp.apply(JFunction0$mcV$sp.scala:18)
	at scala.concurrent.BlockContext$.withBlockContext(BlockContext.scala:94)
	at akka.dispatch.BatchingExecutor$BlockableBatch.run(BatchingExecutor.scala:101)
	at akka.dispatch.TaskInvocation.run(AbstractDispatcher.scala:48)
	at akka.dispatch.ForkJoinExecutorConfigurator$AkkaForkJoinTask.exec(ForkJoinExecutorConfigurator.scala:60)
	at java.base/java.util.concurrent.ForkJoinTask.doExec(ForkJoinTask.java:507)
	at java.base/java.util.concurrent.ForkJoinPool$WorkQueue.topLevelExec(ForkJoinPool.java:1450)
	at java.base/java.util.concurrent.ForkJoinPool.runWorker(ForkJoinPool.java:2019)
	at java.base/java.util.concurrent.ForkJoinWorkerThread.run(ForkJoinWorkerThread.java:187)
08:25:08.221 WARN  a.c.s.ShardRegion$HandOffStopper - sharded-daemon-process-eventSourcedProjection-passivation-race-entity-passivation-race-view: [1] of the entities in shard [0] not stopped after [750 milliseconds]. Maybe the handOffStopMessage [akka.projection.ProjectionBehavior$Stop$] is not handled? Waiting additional [250 milliseconds] before stopping the remaining entities.
08:25:08.221 WARN  a.c.s.ShardRegion$HandOffStopper - sharded-daemon-process-eventSourcedProjection-passivation-race-entity-passivation-race-consumer-b: [1] of the entities in shard [0] not stopped after [750 milliseconds]. Maybe the handOffStopMessage [akka.projection.ProjectionBehavior$Stop$] is not handled? Waiting additional [250 milliseconds] before stopping the remaining entities.
08:25:08.471 WARN  a.c.s.ShardRegion$HandOffStopper - sharded-daemon-process-eventSourcedProjection-passivation-race-entity-passivation-race-view: HandOffStopMessage [akka.projection.ProjectionBehavior$Stop$] is not handled by some of the entities in shard [0] after [1 second], stopping the remaining [1] entities.
08:25:08.471 WARN  a.c.s.ShardRegion$HandOffStopper - sharded-daemon-process-eventSourcedProjection-passivation-race-entity-passivation-race-consumer-b: HandOffStopMessage [akka.projection.ProjectionBehavior$Stop$] is not handled by some of the entities in shard [0] after [1 second], stopping the remaining [1] entities.
08:25:08.472 WARN  a.s.s.RestartWithBackoffSource - Restarting stream due to failure [1]: akka.projection.r2dbc.internal.R2dbcOffsetStore$AttemptToUseStoppedOffsetStore: eventSourcedProjection-passivation-race-entity-passivation-race-view [0-1023], correlation [dee1246c-f872-462b-98df-36c2a40a3f94]: R2dbcOffsetStore was stopped
08:25:08.472 WARN  a.s.s.RestartWithBackoffSource - Restarting stream due to failure [1]: akka.projection.r2dbc.internal.R2dbcOffsetStore$AttemptToUseStoppedOffsetStore: eventSourcedProjection-passivation-race-entity-passivation-race-consumer-b [0-1023], correlation [6edb8566-a27e-4742-b43c-9dbc436c2af4]: R2dbcOffsetStore was stopped
08:25:09.545 INFO  akka.runtime.AkkaRuntimeMain - Starting Akka Runtime version [1.6.15]
08:25:09.551 INFO  akka.javasdk.impl.ComponentLocator$ - Looking for component descriptors matching pattern [META-INF/akka-javasdk-components_*.conf]
08:25:09.556 INFO  akka.javasdk.testkit.TestKit - Eventing TestKit booting up on port: 64447
08:25:09.558 INFO  akka.javasdk.testkit.TestKit - Checking runtime status
08:25:09.628 INFO  akka.cluster.sharding.ShardRegion - passivation-race-entity: Automatic entity passivation: composite strategy with limit of [10000] active entities, admission window (least recently used entities) with proportions [initial = 0.01, min = 0.01, max = 1.0] adapting with hill-climbing optimizer [adjust multiplier = 10.0, initial step = 0.0625, restart threshold = 0.05, step decay = 0.98], admit using frequency sketch [width multiplier = 4, reset multiplier = 10.0, depth = 4, counter bits = 4], main (least recently used entities (segmented with [2] levels with proportions of [0.20, 0.80]))
08:25:09.630 INFO  akka.runtime.DiscoveryManager - Service components: EventSourcedEntity: [1], Consumer: [2], View: [1]
08:25:09.631 INFO  akka.cluster.sharding.ShardRegion - sharded-daemon-process-eventSourcedProjection-passivation-race-entity-passivation-race-consumer-a: Automatic entity passivation: disabled
08:25:09.632 INFO  akka.cluster.sharding.ShardRegion - sharded-daemon-process-eventSourcedProjection-passivation-race-entity-passivation-race-consumer-b: Automatic entity passivation: disabled
08:25:09.632 INFO  akka.cluster.sharding.ShardRegion - sharded-daemon-process-eventSourcedProjection-passivation-race-entity-passivation-race-view: Automatic entity passivation: disabled
08:25:09.633 INFO  akka.runtime.DiscoveryManager - Akka Runtime started at 127.0.0.1:64446
08:25:09.633 INFO  repro.Bootstrap - onStartup burst of 8 starting
08:25:09.678 INFO  akka.javasdk.testkit.TestKit - Runtime started
08:25:09.899 WARN  akka.cluster.sharding.ShardRegion - sharded-daemon-process-eventSourcedProjection-passivation-race-entity-passivation-race-view: Dropping [1] buffered messages to shard [0] during hand off to avoid re-ordering
08:25:09.899 WARN  akka.cluster.sharding.ShardRegion - passivation-race-entity: Dropping [1] buffered messages to shard [274] during hand off to avoid re-ordering
08:25:10.666 WARN  a.c.s.ShardRegion$HandOffStopper - sharded-daemon-process-eventSourcedProjection-passivation-race-entity-passivation-race-consumer-b: [1] of the entities in shard [0] not stopped after [750 milliseconds]. Maybe the handOffStopMessage [akka.projection.ProjectionBehavior$Stop$] is not handled? Waiting additional [250 milliseconds] before stopping the remaining entities.
08:25:10.667 WARN  a.c.s.ShardRegion$HandOffStopper - sharded-daemon-process-eventSourcedProjection-passivation-race-entity-passivation-race-consumer-a: [1] of the entities in shard [0] not stopped after [750 milliseconds]. Maybe the handOffStopMessage [akka.projection.ProjectionBehavior$Stop$] is not handled? Waiting additional [250 milliseconds] before stopping the remaining entities.
08:25:10.916 WARN  a.c.s.ShardRegion$HandOffStopper - sharded-daemon-process-eventSourcedProjection-passivation-race-entity-passivation-race-consumer-a: HandOffStopMessage [akka.projection.ProjectionBehavior$Stop$] is not handled by some of the entities in shard [0] after [1 second], stopping the remaining [1] entities.
08:25:10.917 WARN  a.c.s.ShardRegion$HandOffStopper - sharded-daemon-process-eventSourcedProjection-passivation-race-entity-passivation-race-consumer-b: HandOffStopMessage [akka.projection.ProjectionBehavior$Stop$] is not handled by some of the entities in shard [0] after [1 second], stopping the remaining [1] entities.
08:25:12.004 INFO  akka.runtime.AkkaRuntimeMain - Starting Akka Runtime version [1.6.15]
08:25:12.011 INFO  akka.javasdk.impl.ComponentLocator$ - Looking for component descriptors matching pattern [META-INF/akka-javasdk-components_*.conf]
08:25:12.017 INFO  akka.javasdk.testkit.TestKit - Eventing TestKit booting up on port: 64452
08:25:12.020 INFO  akka.javasdk.testkit.TestKit - Checking runtime status
08:25:12.089 INFO  akka.cluster.sharding.ShardRegion - passivation-race-entity: Automatic entity passivation: composite strategy with limit of [10000] active entities, admission window (least recently used entities) with proportions [initial = 0.01, min = 0.01, max = 1.0] adapting with hill-climbing optimizer [adjust multiplier = 10.0, initial step = 0.0625, restart threshold = 0.05, step decay = 0.98], admit using frequency sketch [width multiplier = 4, reset multiplier = 10.0, depth = 4, counter bits = 4], main (least recently used entities (segmented with [2] levels with proportions of [0.20, 0.80]))
08:25:12.091 INFO  akka.runtime.DiscoveryManager - Service components: EventSourcedEntity: [1], Consumer: [2], View: [1]
08:25:12.093 INFO  akka.cluster.sharding.ShardRegion - sharded-daemon-process-eventSourcedProjection-passivation-race-entity-passivation-race-consumer-a: Automatic entity passivation: disabled
08:25:12.093 INFO  akka.cluster.sharding.ShardRegion - sharded-daemon-process-eventSourcedProjection-passivation-race-entity-passivation-race-consumer-b: Automatic entity passivation: disabled
08:25:12.094 INFO  akka.cluster.sharding.ShardRegion - sharded-daemon-process-eventSourcedProjection-passivation-race-entity-passivation-race-view: Automatic entity passivation: disabled
08:25:12.095 INFO  akka.runtime.DiscoveryManager - Akka Runtime started at 127.0.0.1:64451
08:25:12.095 INFO  akka.runtime.DiscoveryManager - Eventing initialized
08:25:12.095 INFO  repro.Bootstrap - onStartup burst of 8 starting
08:25:12.141 INFO  akka.javasdk.testkit.TestKit - Runtime started
08:25:12.359 WARN  akka.cluster.sharding.ShardRegion - sharded-daemon-process-eventSourcedProjection-passivation-race-entity-passivation-race-consumer-b: Dropping [1] buffered messages to shard [0] during hand off to avoid re-ordering
08:25:12.376 ERROR repro.Bootstrap - onStartup() threw an exception
java.util.concurrent.TimeoutException: Command to entity [passivation-race-entity] id [4992b019-a6a9-4ed2-b1d9-1076dae8a03b] timed out.
	at kalix.runtime.eventsourcedentity.EventSourcedSupport$$anonfun$$nestedInanonfun$handleCommand$1$1.applyOrElse(EventSourcedEntitySupportFactory.scala:191)
	at kalix.runtime.eventsourcedentity.EventSourcedSupport$$anonfun$$nestedInanonfun$handleCommand$1$1.applyOrElse(EventSourcedEntitySupportFactory.scala:189)
	at scala.concurrent.impl.Promise$Transformation.run(Promise.scala:523)
	at akka.dispatch.BatchingExecutor$AbstractBatch.processBatch(BatchingExecutor.scala:64)
	at akka.dispatch.BatchingExecutor$BlockableBatch.$anonfun$run$1(BatchingExecutor.scala:101)
	at scala.runtime.java8.JFunction0$mcV$sp.apply(JFunction0$mcV$sp.scala:18)
	at scala.concurrent.BlockContext$.withBlockContext(BlockContext.scala:94)
	at akka.dispatch.BatchingExecutor$BlockableBatch.run(BatchingExecutor.scala:101)
	at akka.dispatch.TaskInvocation.run(AbstractDispatcher.scala:48)
	at akka.dispatch.ForkJoinExecutorConfigurator$AkkaForkJoinTask.exec(ForkJoinExecutorConfigurator.scala:60)
	at java.base/java.util.concurrent.ForkJoinTask.doExec(ForkJoinTask.java:507)
	at java.base/java.util.concurrent.ForkJoinPool$WorkQueue.topLevelExec(ForkJoinPool.java:1450)
	at java.base/java.util.concurrent.ForkJoinPool.runWorker(ForkJoinPool.java:2019)
	at java.base/java.util.concurrent.ForkJoinWorkerThread.run(ForkJoinWorkerThread.java:187)
08:25:13.127 WARN  a.c.s.ShardRegion$HandOffStopper - sharded-daemon-process-eventSourcedProjection-passivation-race-entity-passivation-race-view: [1] of the entities in shard [0] not stopped after [750 milliseconds]. Maybe the handOffStopMessage [akka.projection.ProjectionBehavior$Stop$] is not handled? Waiting additional [250 milliseconds] before stopping the remaining entities.
08:25:13.127 WARN  a.c.s.ShardRegion$HandOffStopper - sharded-daemon-process-eventSourcedProjection-passivation-race-entity-passivation-race-consumer-a: [1] of the entities in shard [0] not stopped after [750 milliseconds]. Maybe the handOffStopMessage [akka.projection.ProjectionBehavior$Stop$] is not handled? Waiting additional [250 milliseconds] before stopping the remaining entities.
08:25:13.377 WARN  a.c.s.ShardRegion$HandOffStopper - sharded-daemon-process-eventSourcedProjection-passivation-race-entity-passivation-race-consumer-a: HandOffStopMessage [akka.projection.ProjectionBehavior$Stop$] is not handled by some of the entities in shard [0] after [1 second], stopping the remaining [1] entities.
08:25:13.377 WARN  a.c.s.ShardRegion$HandOffStopper - sharded-daemon-process-eventSourcedProjection-passivation-race-entity-passivation-race-view: HandOffStopMessage [akka.projection.ProjectionBehavior$Stop$] is not handled by some of the entities in shard [0] after [1 second], stopping the remaining [1] entities.
08:25:13.378 WARN  a.s.s.RestartWithBackoffSource - Restarting stream due to failure [1]: akka.projection.r2dbc.internal.R2dbcOffsetStore$AttemptToUseStoppedOffsetStore: eventSourcedProjection-passivation-race-entity-passivation-race-view [0-1023], correlation [18e52982-1021-49ba-a3b6-0bd21c74431c]: R2dbcOffsetStore was stopped
08:25:13.378 WARN  a.s.s.RestartWithBackoffSource - Restarting stream due to failure [1]: akka.projection.r2dbc.internal.R2dbcOffsetStore$AttemptToUseStoppedOffsetStore: eventSourcedProjection-passivation-race-entity-passivation-race-consumer-a [0-1023], correlation [3ff0cb4c-b3ec-4553-9c0c-f4ce0bab6ef4]: R2dbcOffsetStore was stopped
08:25:14.445 INFO  akka.runtime.AkkaRuntimeMain - Starting Akka Runtime version [1.6.15]
08:25:14.451 INFO  akka.javasdk.impl.ComponentLocator$ - Looking for component descriptors matching pattern [META-INF/akka-javasdk-components_*.conf]
08:25:14.456 INFO  akka.javasdk.testkit.TestKit - Eventing TestKit booting up on port: 64458
08:25:14.459 INFO  akka.javasdk.testkit.TestKit - Checking runtime status
08:25:14.528 INFO  akka.cluster.sharding.ShardRegion - passivation-race-entity: Automatic entity passivation: composite strategy with limit of [10000] active entities, admission window (least recently used entities) with proportions [initial = 0.01, min = 0.01, max = 1.0] adapting with hill-climbing optimizer [adjust multiplier = 10.0, initial step = 0.0625, restart threshold = 0.05, step decay = 0.98], admit using frequency sketch [width multiplier = 4, reset multiplier = 10.0, depth = 4, counter bits = 4], main (least recently used entities (segmented with [2] levels with proportions of [0.20, 0.80]))
08:25:14.530 INFO  akka.runtime.DiscoveryManager - Service components: EventSourcedEntity: [1], Consumer: [2], View: [1]
08:25:14.531 INFO  akka.cluster.sharding.ShardRegion - sharded-daemon-process-eventSourcedProjection-passivation-race-entity-passivation-race-consumer-a: Automatic entity passivation: disabled
08:25:14.531 INFO  akka.cluster.sharding.ShardRegion - sharded-daemon-process-eventSourcedProjection-passivation-race-entity-passivation-race-consumer-b: Automatic entity passivation: disabled
08:25:14.531 INFO  akka.cluster.sharding.ShardRegion - sharded-daemon-process-eventSourcedProjection-passivation-race-entity-passivation-race-view: Automatic entity passivation: disabled
08:25:14.532 INFO  akka.runtime.DiscoveryManager - Akka Runtime started at 127.0.0.1:64457
08:25:14.533 INFO  repro.Bootstrap - onStartup burst of 8 starting
08:25:14.579 INFO  akka.javasdk.testkit.TestKit - Runtime started
08:25:14.797 WARN  akka.cluster.sharding.ShardRegion - sharded-daemon-process-eventSourcedProjection-passivation-race-entity-passivation-race-consumer-b: Dropping [1] buffered messages to shard [0] during hand off to avoid re-ordering
08:25:14.814 ERROR repro.Bootstrap - onStartup() threw an exception
java.util.concurrent.TimeoutException: Command to entity [passivation-race-entity] id [ec31af27-1150-41fd-8314-d8807f3cf541] timed out.
	at kalix.runtime.eventsourcedentity.EventSourcedSupport$$anonfun$$nestedInanonfun$handleCommand$1$1.applyOrElse(EventSourcedEntitySupportFactory.scala:191)
	at kalix.runtime.eventsourcedentity.EventSourcedSupport$$anonfun$$nestedInanonfun$handleCommand$1$1.applyOrElse(EventSourcedEntitySupportFactory.scala:189)
	at scala.concurrent.impl.Promise$Transformation.run(Promise.scala:523)
	at akka.dispatch.BatchingExecutor$AbstractBatch.processBatch(BatchingExecutor.scala:64)
	at akka.dispatch.BatchingExecutor$BlockableBatch.$anonfun$run$1(BatchingExecutor.scala:101)
	at scala.runtime.java8.JFunction0$mcV$sp.apply(JFunction0$mcV$sp.scala:18)
	at scala.concurrent.BlockContext$.withBlockContext(BlockContext.scala:94)
	at akka.dispatch.BatchingExecutor$BlockableBatch.run(BatchingExecutor.scala:101)
	at akka.dispatch.TaskInvocation.run(AbstractDispatcher.scala:48)
	at akka.dispatch.ForkJoinExecutorConfigurator$AkkaForkJoinTask.exec(ForkJoinExecutorConfigurator.scala:60)
	at java.base/java.util.concurrent.ForkJoinTask.doExec(ForkJoinTask.java:507)
	at java.base/java.util.concurrent.ForkJoinPool$WorkQueue.topLevelExec(ForkJoinPool.java:1450)
	at java.base/java.util.concurrent.ForkJoinPool.runWorker(ForkJoinPool.java:2019)
	at java.base/java.util.concurrent.ForkJoinWorkerThread.run(ForkJoinWorkerThread.java:187)
08:25:15.567 WARN  a.c.s.ShardRegion$HandOffStopper - sharded-daemon-process-eventSourcedProjection-passivation-race-entity-passivation-race-view: [1] of the entities in shard [0] not stopped after [750 milliseconds]. Maybe the handOffStopMessage [akka.projection.ProjectionBehavior$Stop$] is not handled? Waiting additional [250 milliseconds] before stopping the remaining entities.
08:25:15.817 WARN  a.c.s.ShardRegion$HandOffStopper - sharded-daemon-process-eventSourcedProjection-passivation-race-entity-passivation-race-view: HandOffStopMessage [akka.projection.ProjectionBehavior$Stop$] is not handled by some of the entities in shard [0] after [1 second], stopping the remaining [1] entities.
08:25:15.818 WARN  a.s.s.RestartWithBackoffSource - Restarting stream due to failure [1]: akka.projection.r2dbc.internal.R2dbcOffsetStore$AttemptToUseStoppedOffsetStore: eventSourcedProjection-passivation-race-entity-passivation-race-view [0-1023], correlation [5f141359-84da-4b01-ba05-7ea24037d6f6]: R2dbcOffsetStore was stopped
08:25:16.890 INFO  akka.runtime.AkkaRuntimeMain - Starting Akka Runtime version [1.6.15]
08:25:16.895 INFO  akka.javasdk.impl.ComponentLocator$ - Looking for component descriptors matching pattern [META-INF/akka-javasdk-components_*.conf]
08:25:16.900 INFO  akka.javasdk.testkit.TestKit - Eventing TestKit booting up on port: 64463
08:25:16.902 INFO  akka.javasdk.testkit.TestKit - Checking runtime status
08:25:16.971 INFO  akka.cluster.sharding.ShardRegion - passivation-race-entity: Automatic entity passivation: composite strategy with limit of [10000] active entities, admission window (least recently used entities) with proportions [initial = 0.01, min = 0.01, max = 1.0] adapting with hill-climbing optimizer [adjust multiplier = 10.0, initial step = 0.0625, restart threshold = 0.05, step decay = 0.98], admit using frequency sketch [width multiplier = 4, reset multiplier = 10.0, depth = 4, counter bits = 4], main (least recently used entities (segmented with [2] levels with proportions of [0.20, 0.80]))
08:25:16.973 INFO  akka.runtime.DiscoveryManager - Service components: EventSourcedEntity: [1], Consumer: [2], View: [1]
08:25:16.974 INFO  akka.cluster.sharding.ShardRegion - sharded-daemon-process-eventSourcedProjection-passivation-race-entity-passivation-race-consumer-a: Automatic entity passivation: disabled
08:25:16.975 INFO  akka.cluster.sharding.ShardRegion - sharded-daemon-process-eventSourcedProjection-passivation-race-entity-passivation-race-consumer-b: Automatic entity passivation: disabled
08:25:16.975 INFO  akka.cluster.sharding.ShardRegion - sharded-daemon-process-eventSourcedProjection-passivation-race-entity-passivation-race-view: Automatic entity passivation: disabled
08:25:16.976 INFO  akka.runtime.DiscoveryManager - Akka Runtime started at 127.0.0.1:64462
08:25:16.976 INFO  repro.Bootstrap - onStartup burst of 8 starting
08:25:17.020 INFO  akka.javasdk.testkit.TestKit - Runtime started
08:25:17.242 WARN  akka.cluster.sharding.ShardRegion - sharded-daemon-process-eventSourcedProjection-passivation-race-entity-passivation-race-consumer-b: Dropping [1] buffered messages to shard [0] during hand off to avoid re-ordering
08:25:17.256 ERROR repro.Bootstrap - onStartup() threw an exception
java.util.concurrent.TimeoutException: Command to entity [passivation-race-entity] id [f44ac32d-a8d9-40b0-b87b-99e43ca812e7] timed out.
	at kalix.runtime.eventsourcedentity.EventSourcedSupport$$anonfun$$nestedInanonfun$handleCommand$1$1.applyOrElse(EventSourcedEntitySupportFactory.scala:191)
	at kalix.runtime.eventsourcedentity.EventSourcedSupport$$anonfun$$nestedInanonfun$handleCommand$1$1.applyOrElse(EventSourcedEntitySupportFactory.scala:189)
	at scala.concurrent.impl.Promise$Transformation.run(Promise.scala:523)
	at akka.dispatch.BatchingExecutor$AbstractBatch.processBatch(BatchingExecutor.scala:64)
	at akka.dispatch.BatchingExecutor$BlockableBatch.$anonfun$run$1(BatchingExecutor.scala:101)
	at scala.runtime.java8.JFunction0$mcV$sp.apply(JFunction0$mcV$sp.scala:18)
	at scala.concurrent.BlockContext$.withBlockContext(BlockContext.scala:94)
	at akka.dispatch.BatchingExecutor$BlockableBatch.run(BatchingExecutor.scala:101)
	at akka.dispatch.TaskInvocation.run(AbstractDispatcher.scala:48)
	at akka.dispatch.ForkJoinExecutorConfigurator$AkkaForkJoinTask.exec(ForkJoinExecutorConfigurator.scala:60)
	at java.base/java.util.concurrent.ForkJoinTask.doExec(ForkJoinTask.java:507)
	at java.base/java.util.concurrent.ForkJoinPool$WorkQueue.topLevelExec(ForkJoinPool.java:1450)
	at java.base/java.util.concurrent.ForkJoinPool.runWorker(ForkJoinPool.java:2019)
	at java.base/java.util.concurrent.ForkJoinWorkerThread.run(ForkJoinWorkerThread.java:187)
08:25:18.009 WARN  a.c.s.ShardRegion$HandOffStopper - sharded-daemon-process-eventSourcedProjection-passivation-race-entity-passivation-race-consumer-a: [1] of the entities in shard [0] not stopped after [750 milliseconds]. Maybe the handOffStopMessage [akka.projection.ProjectionBehavior$Stop$] is not handled? Waiting additional [250 milliseconds] before stopping the remaining entities.
08:25:18.258 WARN  a.c.s.ShardRegion$HandOffStopper - sharded-daemon-process-eventSourcedProjection-passivation-race-entity-passivation-race-consumer-a: HandOffStopMessage [akka.projection.ProjectionBehavior$Stop$] is not handled by some of the entities in shard [0] after [1 second], stopping the remaining [1] entities.
08:25:18.259 WARN  a.s.s.RestartWithBackoffSource - Restarting stream due to failure [1]: akka.projection.r2dbc.internal.R2dbcOffsetStore$AttemptToUseStoppedOffsetStore: eventSourcedProjection-passivation-race-entity-passivation-race-consumer-a [0-1023], correlation [1d784257-1a55-46df-96bd-bd8956005d1b]: R2dbcOffsetStore was stopped
=== BootstrapWorkTimingTest [burst from onStartup()]: 15 cycles ===
start() ms per cycle: [1950, 235, 225, 207, 216, 189, 213, 197, 193, 201, 198, 178, 193, 171, 173]  sum=4739 min=171 max=1950 mean=315
stop() ms per cycle: [2150, 1246, 2276, 2266, 2257, 2277, 10016, 2268, 2277, 1258, 2266, 2268, 2266, 2267, 2268]  sum=39626 min=1246 max=10016 mean=2641
[INFO] Tests run: 1, Failures: 0, Errors: 0, Skipped: 0, Time elapsed: 44.525 s - in repro.BootstrapWorkTimingTest
[INFO] 
[INFO] Results:
[INFO] 
[INFO] Tests run: 1, Failures: 0, Errors: 0, Skipped: 0
[INFO] 
[INFO] ------------------------------------------------------------------------
[INFO] BUILD SUCCESS
[INFO] ------------------------------------------------------------------------
[INFO] Total time:  46.394 s
[INFO] Finished at: 2026-09-23T08:25:19+10:00
[INFO] ------------------------------------------------------------------------
