[INFO] Scanning for projects...
[INFO] ------------------------------------------------------------------------
[INFO] Detecting the operating system and CPU architecture
[INFO] ------------------------------------------------------------------------
[INFO] os.detected.name: osx
[INFO] os.detected.arch: aarch_64
[INFO] os.detected.bitness: 64
[INFO] os.detected.version: 27.0
[INFO] os.detected.version.major: 27
[INFO] os.detected.version.minor: 0
[INFO] os.detected.classifier: osx-aarch_64
[INFO] 
[INFO] ---------------< io.akka.repro:akka-testkit-race-repro >----------------
[INFO] Building akka-testkit-race-repro 0.1.0-SNAPSHOT
[INFO]   from pom.xml
[INFO] --------------------------------[ jar ]---------------------------------
[INFO] 
[INFO] --- enforcer:3.5.0:enforce (enforce-build-rules) @ akka-testkit-race-repro ---
[INFO] No dependency conflicts with Akka runtime detected.
[INFO] Rule 0: akka.javasdk.enforcer.AkkaRuntimeDependencyRule(akkaRuntimeDependencyCheck) passed
[INFO] Rule 1: org.apache.maven.enforcer.rules.version.RequireMavenVersion passed
[INFO] Rule 2: org.apache.maven.enforcer.rules.version.RequireJavaVersion passed
[INFO] 
[INFO] --- antrun:3.1.0:run (clean-on-missing-descriptor) @ akka-testkit-race-repro ---
[INFO] Executing tasks
[INFO] Executed tasks
[INFO] 
[INFO] --- build-helper:3.2.0:add-source (add-java-source) @ akka-testkit-race-repro ---
[INFO] Source directory: /Users/jz/code/akka-testkit-race-repro/target/generated-sources/akka-grpc-java added.
[INFO] 
[INFO] --- resources:3.4.0:resources (default-resources) @ akka-testkit-race-repro ---
[INFO] Copying 1 resource from src/main/resources to target/classes
[INFO] 
[INFO] --- compiler:3.13.0:compile (default-compile) @ akka-testkit-race-repro ---
[INFO] Nothing to compile - all classes are up to date.
[INFO] 
[INFO] --- build-helper:3.2.0:add-test-source (add-integration-test-source) @ akka-testkit-race-repro ---
[INFO] Test Source directory: /Users/jz/code/akka-testkit-race-repro/src/it/java added.
[INFO] 
[INFO] --- build-helper:3.2.0:add-test-resource (add-integration-test-resource) @ akka-testkit-race-repro ---
[INFO] 
[INFO] --- resources:3.4.0:testResources (default-testResources) @ akka-testkit-race-repro ---
[INFO] Copying 2 resources from src/test/resources to target/test-classes
[INFO] skip non existing resourceDirectory /Users/jz/code/akka-testkit-race-repro/src/it/resources
[INFO] 
[INFO] --- compiler:3.13.0:testCompile (default-testCompile) @ akka-testkit-race-repro ---
[INFO] Nothing to compile - all classes are up to date.
[INFO] 
[INFO] --- surefire:2.22.2:test (default-test) @ akka-testkit-race-repro ---
[WARNING] The system property akka.javasdk.dev-mode.project-artifact-id is configured twice! The property appears in <argLine/> and any of <systemPropertyVariables/>, <systemProperties/> or user property.
[WARNING] The system property logback.configurationFile is configured twice! The property appears in <argLine/> and any of <systemPropertyVariables/>, <systemProperties/> or user property.
[INFO] 
[INFO] -------------------------------------------------------
[INFO]  T E S T S
[INFO] -------------------------------------------------------
[INFO] Running repro.BootstrapWorkTimingTest
23:10:05,618 |-INFO in ch.qos.logback.classic.LoggerContext[default] - Found logback-core version 1.5.38
23:10:05,619 |-INFO in ch.qos.logback.classic.util.ContextInitializer@79c97cb - No custom configurators were discovered as a service.
23:10:05,619 |-INFO in ch.qos.logback.classic.util.ContextInitializer@79c97cb - Trying to configure with ch.qos.logback.classic.util.DefaultJoranConfigurator
23:10:05,619 |-INFO in ch.qos.logback.classic.util.ContextInitializer@79c97cb - Constructed configurator of type class ch.qos.logback.classic.util.DefaultJoranConfigurator
23:10:05,620 |-INFO in ch.qos.logback.classic.LoggerContext[default] - Found resource [logback-runtime-dev-mode.xml] at [jar:file:/Users/jz/code/worktrees/nexus/vibrant-swanson-e4f544/.mvn/tier1/io/akka/akka-runtime-dev_2.13/1.6.15/akka-runtime-dev_2.13-1.6.15.jar!/logback-runtime-dev-mode.xml]
23:10:05,660 |-INFO in ch.qos.logback.classic.model.processor.ConfigurationModelHandlerFull - Scan attribute not set or set to unrecognized value.
23:10:05,660 |-INFO in ch.qos.logback.core.model.processor.ConversionRuleModelHandler - registering conversion word rewriteLogger with class [akka.runtime.logging.LogbackDevModeRewriteLogger]
23:10:05,660 |-INFO in ch.qos.logback.core.model.processor.ConversionRuleModelHandler - registering conversion word rewriteMsg with class [akka.runtime.logging.LogbackDevModeRewriteMessage]
23:10:05,662 |-INFO in ch.qos.logback.core.model.processor.IncludeModelHandler - Including configuration file [file:/Users/jz/code/akka-testkit-race-repro/target/test-classes/include-dev-loggers.xml]
23:10:05,668 |-ERROR in ch.qos.logback.core.joran.event.SaxEventRecorder@2d9caaeb - XML_PARSING - Parsing fatal error on line 8 and column 52
23:10:05,668 |-ERROR in ch.qos.logback.core.joran.event.SaxEventRecorder@2d9caaeb - org.xml.sax.SAXParseException; lineNumber: 8; columnNumber: 52; The string "--" is not permitted within comments.
23:10:05,668 |-ERROR in ch.qos.logback.core.model.processor.IncludeModelHandler - Error processing XML data in [include-dev-loggers.xml] ch.qos.logback.core.joran.spi.JoranException: Problem parsing XML document. See previously reported errors.
	at ch.qos.logback.core.joran.spi.JoranException: Problem parsing XML document. See previously reported errors.
	at 	at ch.qos.logback.core.joran.event.SaxEventRecorder.recordEvents(SaxEventRecorder.java:99)
	at 	at ch.qos.logback.core.joran.event.SaxEventRecorder.recordEvents(SaxEventRecorder.java:82)
	at 	at ch.qos.logback.core.model.processor.IncludeModelHandler.populateSaxEventRecorder(IncludeModelHandler.java:147)
	at 	at ch.qos.logback.core.model.processor.IncludeModelHandler.buildModelFromIncludedFile(IncludeModelHandler.java:114)
	at 	at ch.qos.logback.core.model.processor.IncludeModelHandler.handle(IncludeModelHandler.java:67)
	at 	at ch.qos.logback.core.model.processor.DefaultProcessor.mainTraverse(DefaultProcessor.java:207)
	at 	at ch.qos.logback.core.model.processor.DefaultProcessor.mainTraverse(DefaultProcessor.java:215)
	at 	at ch.qos.logback.core.model.processor.DefaultProcessor.process(DefaultProcessor.java:102)
	at 	at ch.qos.logback.core.joran.GenericXMLConfigurator.processModel(GenericXMLConfigurator.java:239)
	at 	at ch.qos.logback.core.joran.GenericXMLConfigurator.doConfigure(GenericXMLConfigurator.java:195)
	at 	at ch.qos.logback.core.joran.GenericXMLConfigurator.doConfigure(GenericXMLConfigurator.java:139)
	at 	at ch.qos.logback.core.joran.GenericXMLConfigurator.doConfigure(GenericXMLConfigurator.java:76)
	at 	at ch.qos.logback.classic.util.DefaultJoranConfigurator.configureByResource(DefaultJoranConfigurator.java:82)
	at 	at ch.qos.logback.classic.util.DefaultJoranConfigurator.configure(DefaultJoranConfigurator.java:49)
	at 	at ch.qos.logback.classic.util.ContextInitializer.invokeConfigure(ContextInitializer.java:161)
	at 	at ch.qos.logback.classic.util.ContextInitializer.autoConfig(ContextInitializer.java:109)
	at 	at ch.qos.logback.classic.util.ContextInitializer.autoConfig(ContextInitializer.java:67)
	at 	at ch.qos.logback.classic.spi.LogbackServiceProvider.initializeLoggerContext(LogbackServiceProvider.java:65)
	at 	at ch.qos.logback.classic.spi.LogbackServiceProvider.initialize(LogbackServiceProvider.java:58)
	at 	at org.slf4j.LoggerFactory.bind(LoggerFactory.java:199)
	at 	at org.slf4j.LoggerFactory.performInitialization(LoggerFactory.java:186)
	at 	at org.slf4j.LoggerFactory.getProvider(LoggerFactory.java:496)
	at 	at org.slf4j.LoggerFactory.getILoggerFactory(LoggerFactory.java:482)
	at 	at org.slf4j.LoggerFactory.getLogger(LoggerFactory.java:431)
	at 	at org.slf4j.LoggerFactory.getLogger(LoggerFactory.java:457)
	at 	at akka.javasdk.testkit.TestKit.<clinit>(TestKit.java:827)
	at 	at repro.BootstrapWorkTimingTest.cycle(BootstrapWorkTimingTest.java:49)
	at 	at repro.BootstrapWorkTimingTest.withBurstAfterStartReturns(BootstrapWorkTimingTest.java:42)
	at 	at java.base/jdk.internal.reflect.DirectMethodHandleAccessor.invoke(DirectMethodHandleAccessor.java:104)
	at 	at java.base/java.lang.reflect.Method.invoke(Method.java:583)
	at 	at org.junit.platform.commons.util.ReflectionUtils.invokeMethod(ReflectionUtils.java:767)
	at 	at org.junit.jupiter.engine.execution.MethodInvocation.proceed(MethodInvocation.java:60)
	at 	at org.junit.jupiter.engine.execution.InvocationInterceptorChain$ValidatingInvocation.proceed(InvocationInterceptorChain.java:131)
	at 	at org.junit.jupiter.engine.extension.SameThreadTimeoutInvocation.proceed(SameThreadTimeoutInvocation.java:45)
	at 	at org.junit.jupiter.engine.extension.TimeoutExtension.intercept(TimeoutExtension.java:156)
	at 	at org.junit.jupiter.engine.extension.TimeoutExtension.interceptTestableMethod(TimeoutExtension.java:147)
	at 	at org.junit.jupiter.engine.extension.TimeoutExtension.interceptTestMethod(TimeoutExtension.java:86)
	at 	at org.junit.jupiter.engine.execution.InterceptingExecutableInvoker$ReflectiveInterceptorCall.lambda$ofVoidMethod$0(InterceptingExecutableInvoker.java:103)
	at 	at org.junit.jupiter.engine.execution.InterceptingExecutableInvoker.lambda$invoke$0(InterceptingExecutableInvoker.java:93)
	at 	at org.junit.jupiter.engine.execution.InvocationInterceptorChain$InterceptedInvocation.proceed(InvocationInterceptorChain.java:106)
	at 	at org.junit.jupiter.engine.execution.InvocationInterceptorChain.proceed(InvocationInterceptorChain.java:64)
	at 	at org.junit.jupiter.engine.execution.InvocationInterceptorChain.chainAndInvoke(InvocationInterceptorChain.java:45)
	at 	at org.junit.jupiter.engine.execution.InvocationInterceptorChain.invoke(InvocationInterceptorChain.java:37)
	at 	at org.junit.jupiter.engine.execution.InterceptingExecutableInvoker.invoke(InterceptingExecutableInvoker.java:92)
	at 	at org.junit.jupiter.engine.execution.InterceptingExecutableInvoker.invoke(InterceptingExecutableInvoker.java:86)
	at 	at org.junit.jupiter.engine.descriptor.TestMethodTestDescriptor.lambda$invokeTestMethod$8(TestMethodTestDescriptor.java:217)
	at 	at org.junit.platform.engine.support.hierarchical.ThrowableCollector.execute(ThrowableCollector.java:73)
	at 	at org.junit.jupiter.engine.descriptor.TestMethodTestDescriptor.invokeTestMethod(TestMethodTestDescriptor.java:213)
	at 	at org.junit.jupiter.engine.descriptor.TestMethodTestDescriptor.execute(TestMethodTestDescriptor.java:138)
	at 	at org.junit.jupiter.engine.descriptor.TestMethodTestDescriptor.execute(TestMethodTestDescriptor.java:68)
	at 	at org.junit.platform.engine.support.hierarchical.NodeTestTask.lambda$executeRecursively$6(NodeTestTask.java:156)
	at 	at org.junit.platform.engine.support.hierarchical.ThrowableCollector.execute(ThrowableCollector.java:73)
	at 	at org.junit.platform.engine.support.hierarchical.NodeTestTask.lambda$executeRecursively$8(NodeTestTask.java:146)
	at 	at org.junit.platform.engine.support.hierarchical.Node.around(Node.java:137)
	at 	at org.junit.platform.engine.support.hierarchical.NodeTestTask.lambda$executeRecursively$9(NodeTestTask.java:144)
	at 	at org.junit.platform.engine.support.hierarchical.ThrowableCollector.execute(ThrowableCollector.java:73)
	at 	at org.junit.platform.engine.support.hierarchical.NodeTestTask.executeRecursively(NodeTestTask.java:143)
	at 	at org.junit.platform.engine.support.hierarchical.NodeTestTask.execute(NodeTestTask.java:100)
	at 	at java.base/java.util.ArrayList.forEach(ArrayList.java:1612)
	at 	at org.junit.platform.engine.support.hierarchical.SameThreadHierarchicalTestExecutorService.invokeAll(SameThreadHierarchicalTestExecutorService.java:41)
	at 	at org.junit.platform.engine.support.hierarchical.NodeTestTask.lambda$executeRecursively$6(NodeTestTask.java:160)
	at 	at org.junit.platform.engine.support.hierarchical.ThrowableCollector.execute(ThrowableCollector.java:73)
	at 	at org.junit.platform.engine.support.hierarchical.NodeTestTask.lambda$executeRecursively$8(NodeTestTask.java:146)
	at 	at org.junit.platform.engine.support.hierarchical.Node.around(Node.java:137)
	at 	at org.junit.platform.engine.support.hierarchical.NodeTestTask.lambda$executeRecursively$9(NodeTestTask.java:144)
	at 	at org.junit.platform.engine.support.hierarchical.ThrowableCollector.execute(ThrowableCollector.java:73)
	at 	at org.junit.platform.engine.support.hierarchical.NodeTestTask.executeRecursively(NodeTestTask.java:143)
	at 	at org.junit.platform.engine.support.hierarchical.NodeTestTask.execute(NodeTestTask.java:100)
	at 	at java.base/java.util.ArrayList.forEach(ArrayList.java:1612)
	at 	at org.junit.platform.engine.support.hierarchical.SameThreadHierarchicalTestExecutorService.invokeAll(SameThreadHierarchicalTestExecutorService.java:41)
	at 	at org.junit.platform.engine.support.hierarchical.NodeTestTask.lambda$executeRecursively$6(NodeTestTask.java:160)
	at 	at org.junit.platform.engine.support.hierarchical.ThrowableCollector.execute(ThrowableCollector.java:73)
	at 	at org.junit.platform.engine.support.hierarchical.NodeTestTask.lambda$executeRecursively$8(NodeTestTask.java:146)
	at 	at org.junit.platform.engine.support.hierarchical.Node.around(Node.java:137)
	at 	at org.junit.platform.engine.support.hierarchical.NodeTestTask.lambda$executeRecursively$9(NodeTestTask.java:144)
	at 	at org.junit.platform.engine.support.hierarchical.ThrowableCollector.execute(ThrowableCollector.java:73)
	at 	at org.junit.platform.engine.support.hierarchical.NodeTestTask.executeRecursively(NodeTestTask.java:143)
	at 	at org.junit.platform.engine.support.hierarchical.NodeTestTask.execute(NodeTestTask.java:100)
	at 	at org.junit.platform.engine.support.hierarchical.SameThreadHierarchicalTestExecutorService.submit(SameThreadHierarchicalTestExecutorService.java:35)
	at 	at org.junit.platform.engine.support.hierarchical.HierarchicalTestExecutor.execute(HierarchicalTestExecutor.java:57)
	at 	at org.junit.platform.engine.support.hierarchical.HierarchicalTestEngine.execute(HierarchicalTestEngine.java:54)
	at 	at org.junit.platform.launcher.core.DefaultLauncher.execute(DefaultLauncher.java:220)
	at 	at org.junit.platform.launcher.core.DefaultLauncher.lambda$execute$6(DefaultLauncher.java:188)
	at 	at org.junit.platform.launcher.core.DefaultLauncher.withInterceptedStreams(DefaultLauncher.java:202)
	at 	at org.junit.platform.launcher.core.DefaultLauncher.execute(DefaultLauncher.java:181)
	at 	at org.junit.platform.launcher.core.DefaultLauncher.execute(DefaultLauncher.java:128)
	at 	at org.apache.maven.surefire.junitplatform.JUnitPlatformProvider.invokeAllTests(JUnitPlatformProvider.java:150)
	at 	at org.apache.maven.surefire.junitplatform.JUnitPlatformProvider.invoke(JUnitPlatformProvider.java:124)
	at 	at org.apache.maven.surefire.booter.ForkedBooter.invokeProviderInSameClassLoader(ForkedBooter.java:384)
	at 	at org.apache.maven.surefire.booter.ForkedBooter.runSuitesInProcess(ForkedBooter.java:345)
	at 	at org.apache.maven.surefire.booter.ForkedBooter.execute(ForkedBooter.java:126)
	at 	at org.apache.maven.surefire.booter.ForkedBooter.main(ForkedBooter.java:418)
Caused by: org.xml.sax.SAXParseException: The string "--" is not permitted within comments.
	at 	at java.xml/com.sun.org.apache.xerces.internal.parsers.AbstractSAXParser.parse(AbstractSAXParser.java:1252)
	at 	at java.xml/com.sun.org.apache.xerces.internal.jaxp.SAXParserImpl$JAXPSAXParser.parse(SAXParserImpl.java:629)
	at 	at java.xml/com.sun.org.apache.xerces.internal.jaxp.SAXParserImpl.parse(SAXParserImpl.java:328)
	at 	at ch.qos.logback.core.joran.event.SaxEventRecorder.recordEvents(SaxEventRecorder.java:92)
	at 	... 91 common frames omitted
23:10:05,670 |-INFO in ch.qos.logback.core.model.processor.AppenderModelHandler - Processing appender named [STDOUT]
23:10:05,670 |-INFO in ch.qos.logback.core.model.processor.AppenderModelHandler - About to instantiate appender of type [ch.qos.logback.core.ConsoleAppender]
23:10:05,673 |-INFO in ch.qos.logback.core.model.processor.ImplicitModelHandler - Assuming default type [ch.qos.logback.classic.encoder.PatternLayoutEncoder] for [encoder] property
23:10:05,697 |-INFO in ch.qos.logback.core.ConsoleAppender[STDOUT] - NOTE: Writing to the console can be slow. Try to avoid logging to the 
23:10:05,697 |-INFO in ch.qos.logback.core.ConsoleAppender[STDOUT] - console in production environments, especially in high volume systems.
23:10:05,697 |-INFO in ch.qos.logback.core.ConsoleAppender[STDOUT] - See also https://logback.qos.ch/codes.html#slowConsole
23:10:05,698 |-INFO in ch.qos.logback.classic.model.processor.LoggerModelHandler - Setting level of logger [akka] to WARN
23:10:05,698 |-INFO in ch.qos.logback.classic.model.processor.LoggerModelHandler - Setting level of logger [kalix] to WARN
23:10:05,698 |-INFO in ch.qos.logback.classic.model.processor.LoggerModelHandler - Setting level of logger [akka.runtime.AkkaRuntimeMain] to INFO
23:10:05,698 |-INFO in ch.qos.logback.classic.model.processor.LoggerModelHandler - Setting level of logger [kalix.runtime.DiscoveryManager] to INFO
23:10:05,698 |-INFO in ch.qos.logback.classic.model.processor.LoggerModelHandler - Setting level of logger [kalix.runtime.http.HttpEndpointMethodDefinition] to INFO
23:10:05,698 |-INFO in ch.qos.logback.classic.model.processor.LoggerModelHandler - Setting level of logger [kalix.runtime.VersionCheck] to INFO
23:10:05,698 |-INFO in ch.qos.logback.classic.model.processor.LoggerModelHandler - Setting level of logger [kalix.runtime.AkkaRuntimeConfigLoader] to INFO
23:10:05,698 |-INFO in ch.qos.logback.classic.model.processor.LoggerModelHandler - Setting level of logger [akka.javasdk] to INFO
23:10:05,698 |-INFO in ch.qos.logback.classic.model.processor.LoggerModelHandler - Setting level of logger [dev.langchain4j.model.bedrock.AwsLoggingInterceptor] to DEBUG
23:10:05,699 |-INFO in ch.qos.logback.classic.model.processor.LoggerModelHandler - Setting additivity of logger [dev.langchain4j.model.bedrock.AwsLoggingInterceptor] to false
23:10:05,699 |-INFO in ch.qos.logback.core.model.processor.AppenderRefModelHandler - Attaching appender named [STDOUT] to Logger[dev.langchain4j.model.bedrock.AwsLoggingInterceptor]
23:10:05,699 |-INFO in ch.qos.logback.classic.model.processor.RootLoggerModelHandler - Setting level of ROOT logger to INFO
23:10:05,699 |-INFO in ch.qos.logback.core.model.processor.AppenderRefModelHandler - Attaching appender named [STDOUT] to Logger[ROOT]
23:10:05,699 |-INFO in ch.qos.logback.core.model.processor.DefaultProcessor@3ddc6915 - End of configuration.
23:10:05,700 |-INFO in ch.qos.logback.classic.util.ContextInitializer@79c97cb - ch.qos.logback.classic.util.DefaultJoranConfigurator.configure() call lasted 80 milliseconds. ExecutionStatus=DO_NOT_INVOKE_NEXT_IF_ANY

23:10:06.723 INFO  akka.runtime.AkkaRuntimeMain - Starting Akka Runtime version [1.6.15]
23:10:06.954 INFO  akka.javasdk.impl.ComponentLocator$ - Looking for component descriptors matching pattern [META-INF/akka-javasdk-components_*.conf]
23:10:07.020 INFO  akka.javasdk.testkit.TestKit - Eventing TestKit booting up on port: 53982
23:10:07.171 INFO  akka.javasdk.testkit.TestKit - Checking runtime status
23:10:07.448 INFO  akka.runtime.DiscoveryManager - Service components: EventSourcedEntity: [1], Consumer: [2], View: [1]
23:10:07.624 INFO  akka.runtime.DiscoveryManager - Akka Runtime started at 127.0.0.1:53981
23:10:07.626 INFO  repro.Bootstrap - onStartup burst disabled
23:10:07.729 INFO  akka.javasdk.testkit.TestKit - Runtime started
23:10:08.156 INFO  akka.runtime.AkkaRuntimeMain - Starting Akka Runtime version [1.6.15]
23:10:08.173 INFO  akka.javasdk.impl.ComponentLocator$ - Looking for component descriptors matching pattern [META-INF/akka-javasdk-components_*.conf]
23:10:08.188 INFO  akka.javasdk.testkit.TestKit - Eventing TestKit booting up on port: 53989
23:10:08.193 INFO  akka.javasdk.testkit.TestKit - Checking runtime status
23:10:08.272 INFO  akka.runtime.DiscoveryManager - Service components: EventSourcedEntity: [1], Consumer: [2], View: [1]
23:10:08.278 INFO  akka.runtime.DiscoveryManager - Akka Runtime started at 127.0.0.1:53988
23:10:08.279 INFO  repro.Bootstrap - onStartup burst disabled
23:10:08.282 INFO  akka.runtime.DiscoveryManager - Eventing initialized
23:10:08.314 INFO  akka.javasdk.testkit.TestKit - Runtime started
23:10:08.754 INFO  akka.runtime.AkkaRuntimeMain - Starting Akka Runtime version [1.6.15]
23:10:08.767 INFO  akka.javasdk.impl.ComponentLocator$ - Looking for component descriptors matching pattern [META-INF/akka-javasdk-components_*.conf]
23:10:08.775 INFO  akka.javasdk.testkit.TestKit - Eventing TestKit booting up on port: 53994
23:10:08.780 INFO  akka.javasdk.testkit.TestKit - Checking runtime status
23:10:08.848 INFO  akka.runtime.DiscoveryManager - Service components: EventSourcedEntity: [1], Consumer: [2], View: [1]
23:10:08.855 INFO  akka.runtime.DiscoveryManager - Akka Runtime started at 127.0.0.1:53993
23:10:08.855 INFO  repro.Bootstrap - onStartup burst disabled
23:10:08.904 INFO  akka.javasdk.testkit.TestKit - Runtime started
23:10:09.299 INFO  akka.runtime.AkkaRuntimeMain - Starting Akka Runtime version [1.6.15]
23:10:09.309 INFO  akka.javasdk.impl.ComponentLocator$ - Looking for component descriptors matching pattern [META-INF/akka-javasdk-components_*.conf]
23:10:09.317 INFO  akka.javasdk.testkit.TestKit - Eventing TestKit booting up on port: 53999
23:10:09.320 INFO  akka.javasdk.testkit.TestKit - Checking runtime status
23:10:09.392 INFO  akka.runtime.DiscoveryManager - Service components: EventSourcedEntity: [1], Consumer: [2], View: [1]
23:10:09.398 INFO  akka.runtime.DiscoveryManager - Akka Runtime started at 127.0.0.1:53998
23:10:09.398 INFO  repro.Bootstrap - onStartup burst disabled
23:10:09.449 INFO  akka.javasdk.testkit.TestKit - Runtime started
23:10:09.828 INFO  akka.runtime.AkkaRuntimeMain - Starting Akka Runtime version [1.6.15]
23:10:09.838 INFO  akka.javasdk.impl.ComponentLocator$ - Looking for component descriptors matching pattern [META-INF/akka-javasdk-components_*.conf]
23:10:09.849 INFO  akka.javasdk.testkit.TestKit - Eventing TestKit booting up on port: 54004
23:10:09.853 INFO  akka.javasdk.testkit.TestKit - Checking runtime status
23:10:09.919 INFO  akka.runtime.DiscoveryManager - Service components: EventSourcedEntity: [1], Consumer: [2], View: [1]
23:10:09.925 INFO  akka.runtime.DiscoveryManager - Akka Runtime started at 127.0.0.1:54003
23:10:09.925 INFO  repro.Bootstrap - onStartup burst disabled
23:10:09.976 INFO  akka.javasdk.testkit.TestKit - Runtime started
[ERROR] [09/22/2026 23:10:10.275] [akka-runtime-akka.actor.default-dispatcher-4] [akka://akka-runtime@127.0.0.1:54005/system/pool-master] connection pool for Pool(shared->http://localhost:54003) has shut down unexpectedly
java.lang.IllegalStateException: Pool shutdown unexpectedly
	at akka.http.impl.engine.client.PoolInterface$Logic.postStop(PoolInterface.scala:208)
	at akka.stream.impl.fusing.GraphInterpreter.finalizeStage(GraphInterpreter.scala:618)
	at akka.stream.impl.fusing.GraphInterpreter.finish(GraphInterpreter.scala:328)
	at akka.stream.impl.fusing.GraphInterpreterShell.tryAbort(ActorGraphInterpreter.scala:689)
	at akka.stream.impl.fusing.ActorGraphInterpreter.$anonfun$postStop$1(ActorGraphInterpreter.scala:846)
	at akka.stream.impl.fusing.ActorGraphInterpreter.$anonfun$postStop$1$adapted(ActorGraphInterpreter.scala:846)
	at scala.collection.immutable.Set$Set1.foreach(Set.scala:177)
	at akka.stream.impl.fusing.ActorGraphInterpreter.postStop(ActorGraphInterpreter.scala:846)
	at akka.actor.Actor.aroundPostStop(Actor.scala:561)
	at akka.actor.Actor.aroundPostStop$(Actor.scala:561)
	at akka.stream.impl.fusing.ActorGraphInterpreter.aroundPostStop(ActorGraphInterpreter.scala:716)
	at akka.actor.dungeon.FaultHandling.finishTerminate(FaultHandling.scala:243)
	at akka.actor.dungeon.FaultHandling.terminate(FaultHandling.scala:200)
	at akka.actor.dungeon.FaultHandling.terminate$(FaultHandling.scala:169)
	at akka.actor.ActorCell.terminate(ActorCell.scala:406)
	at akka.actor.ActorCell.invokeAll$1(ActorCell.scala:515)
	at akka.actor.ActorCell.systemInvoke(ActorCell.scala:531)
	at akka.dispatch.Mailbox.processAllSystemMessages(Mailbox.scala:293)
	at akka.dispatch.Mailbox.run(Mailbox.scala:228)
	at akka.dispatch.Mailbox.exec(Mailbox.scala:241)
	at java.base/java.util.concurrent.ForkJoinTask.doExec(ForkJoinTask.java:507)
	at java.base/java.util.concurrent.ForkJoinPool$WorkQueue.topLevelExec(ForkJoinPool.java:1450)
	at java.base/java.util.concurrent.ForkJoinPool.runWorker(ForkJoinPool.java:2019)
	at java.base/java.util.concurrent.ForkJoinWorkerThread.run(ForkJoinWorkerThread.java:187)

23:10:10.332 INFO  akka.runtime.AkkaRuntimeMain - Starting Akka Runtime version [1.6.15]
23:10:10.340 INFO  akka.javasdk.impl.ComponentLocator$ - Looking for component descriptors matching pattern [META-INF/akka-javasdk-components_*.conf]
23:10:10.348 INFO  akka.javasdk.testkit.TestKit - Eventing TestKit booting up on port: 54009
23:10:10.351 INFO  akka.javasdk.testkit.TestKit - Checking runtime status
23:10:10.422 INFO  akka.runtime.DiscoveryManager - Service components: EventSourcedEntity: [1], Consumer: [2], View: [1]
23:10:10.427 INFO  akka.runtime.DiscoveryManager - Akka Runtime started at 127.0.0.1:54008
23:10:10.427 INFO  repro.Bootstrap - onStartup burst disabled
23:10:10.471 INFO  akka.javasdk.testkit.TestKit - Runtime started
23:10:10.828 INFO  akka.runtime.AkkaRuntimeMain - Starting Akka Runtime version [1.6.15]
23:10:10.836 INFO  akka.javasdk.impl.ComponentLocator$ - Looking for component descriptors matching pattern [META-INF/akka-javasdk-components_*.conf]
23:10:10.850 INFO  akka.javasdk.testkit.TestKit - Eventing TestKit booting up on port: 54014
23:10:10.854 INFO  akka.javasdk.testkit.TestKit - Checking runtime status
23:10:10.928 INFO  akka.runtime.DiscoveryManager - Service components: EventSourcedEntity: [1], Consumer: [2], View: [1]
23:10:10.932 INFO  akka.runtime.DiscoveryManager - Akka Runtime started at 127.0.0.1:54013
23:10:10.932 INFO  repro.Bootstrap - onStartup burst disabled
23:10:10.976 INFO  akka.javasdk.testkit.TestKit - Runtime started
23:10:11.316 INFO  akka.runtime.AkkaRuntimeMain - Starting Akka Runtime version [1.6.15]
23:10:11.324 INFO  akka.javasdk.impl.ComponentLocator$ - Looking for component descriptors matching pattern [META-INF/akka-javasdk-components_*.conf]
23:10:11.331 INFO  akka.javasdk.testkit.TestKit - Eventing TestKit booting up on port: 54019
23:10:11.336 INFO  akka.javasdk.testkit.TestKit - Checking runtime status
23:10:11.403 INFO  akka.runtime.DiscoveryManager - Service components: EventSourcedEntity: [1], Consumer: [2], View: [1]
23:10:11.409 INFO  akka.runtime.DiscoveryManager - Akka Runtime started at 127.0.0.1:54018
23:10:11.410 INFO  repro.Bootstrap - onStartup burst disabled
23:10:11.462 INFO  akka.javasdk.testkit.TestKit - Runtime started
23:10:11.798 INFO  akka.runtime.AkkaRuntimeMain - Starting Akka Runtime version [1.6.15]
23:10:11.805 INFO  akka.javasdk.impl.ComponentLocator$ - Looking for component descriptors matching pattern [META-INF/akka-javasdk-components_*.conf]
23:10:11.812 INFO  akka.javasdk.testkit.TestKit - Eventing TestKit booting up on port: 54024
23:10:11.816 INFO  akka.javasdk.testkit.TestKit - Checking runtime status
23:10:11.888 INFO  akka.runtime.DiscoveryManager - Service components: EventSourcedEntity: [1], Consumer: [2], View: [1]
23:10:11.893 INFO  akka.runtime.DiscoveryManager - Akka Runtime started at 127.0.0.1:54023
23:10:11.893 INFO  repro.Bootstrap - onStartup burst disabled
23:10:11.936 INFO  akka.javasdk.testkit.TestKit - Runtime started
23:10:12.278 INFO  akka.runtime.AkkaRuntimeMain - Starting Akka Runtime version [1.6.15]
23:10:12.284 INFO  akka.javasdk.impl.ComponentLocator$ - Looking for component descriptors matching pattern [META-INF/akka-javasdk-components_*.conf]
23:10:12.290 INFO  akka.javasdk.testkit.TestKit - Eventing TestKit booting up on port: 54029
23:10:12.293 INFO  akka.javasdk.testkit.TestKit - Checking runtime status
23:10:12.362 INFO  akka.runtime.DiscoveryManager - Service components: EventSourcedEntity: [1], Consumer: [2], View: [1]
23:10:12.366 INFO  akka.runtime.DiscoveryManager - Akka Runtime started at 127.0.0.1:54028
23:10:12.367 INFO  repro.Bootstrap - onStartup burst disabled
23:10:12.410 INFO  akka.javasdk.testkit.TestKit - Runtime started
23:10:12.742 INFO  akka.runtime.AkkaRuntimeMain - Starting Akka Runtime version [1.6.15]
23:10:12.748 INFO  akka.javasdk.impl.ComponentLocator$ - Looking for component descriptors matching pattern [META-INF/akka-javasdk-components_*.conf]
23:10:12.755 INFO  akka.javasdk.testkit.TestKit - Eventing TestKit booting up on port: 54035
23:10:12.758 INFO  akka.javasdk.testkit.TestKit - Checking runtime status
23:10:12.823 INFO  akka.runtime.DiscoveryManager - Service components: EventSourcedEntity: [1], Consumer: [2], View: [1]
23:10:12.829 INFO  akka.runtime.DiscoveryManager - Akka Runtime started at 127.0.0.1:54034
23:10:12.829 INFO  repro.Bootstrap - onStartup burst disabled
23:10:12.880 INFO  akka.javasdk.testkit.TestKit - Runtime started
23:10:13.196 INFO  akka.runtime.AkkaRuntimeMain - Starting Akka Runtime version [1.6.15]
23:10:13.205 INFO  akka.javasdk.impl.ComponentLocator$ - Looking for component descriptors matching pattern [META-INF/akka-javasdk-components_*.conf]
23:10:13.212 INFO  akka.javasdk.testkit.TestKit - Eventing TestKit booting up on port: 54040
23:10:13.214 INFO  akka.javasdk.testkit.TestKit - Checking runtime status
23:10:13.280 INFO  akka.runtime.DiscoveryManager - Service components: EventSourcedEntity: [1], Consumer: [2], View: [1]
23:10:13.285 INFO  akka.runtime.DiscoveryManager - Akka Runtime started at 127.0.0.1:54039
23:10:13.285 INFO  repro.Bootstrap - onStartup burst disabled
23:10:13.335 INFO  akka.javasdk.testkit.TestKit - Runtime started
23:10:13.651 INFO  akka.runtime.AkkaRuntimeMain - Starting Akka Runtime version [1.6.15]
23:10:13.658 INFO  akka.javasdk.impl.ComponentLocator$ - Looking for component descriptors matching pattern [META-INF/akka-javasdk-components_*.conf]
23:10:13.665 INFO  akka.javasdk.testkit.TestKit - Eventing TestKit booting up on port: 54045
23:10:13.668 INFO  akka.javasdk.testkit.TestKit - Checking runtime status
23:10:13.739 INFO  akka.runtime.DiscoveryManager - Service components: EventSourcedEntity: [1], Consumer: [2], View: [1]
23:10:13.744 INFO  akka.runtime.DiscoveryManager - Akka Runtime started at 127.0.0.1:54044
23:10:13.744 INFO  repro.Bootstrap - onStartup burst disabled
23:10:13.788 INFO  akka.javasdk.testkit.TestKit - Runtime started
23:10:14.089 INFO  akka.runtime.AkkaRuntimeMain - Starting Akka Runtime version [1.6.15]
23:10:14.094 INFO  akka.javasdk.impl.ComponentLocator$ - Looking for component descriptors matching pattern [META-INF/akka-javasdk-components_*.conf]
23:10:14.099 INFO  akka.javasdk.testkit.TestKit - Eventing TestKit booting up on port: 54050
23:10:14.101 INFO  akka.javasdk.testkit.TestKit - Checking runtime status
23:10:14.173 INFO  akka.runtime.DiscoveryManager - Service components: EventSourcedEntity: [1], Consumer: [2], View: [1]
23:10:14.176 INFO  akka.runtime.DiscoveryManager - Akka Runtime started at 127.0.0.1:54049
23:10:14.176 INFO  repro.Bootstrap - onStartup burst disabled
23:10:14.221 INFO  akka.javasdk.testkit.TestKit - Runtime started
23:10:14.545 INFO  akka.runtime.AkkaRuntimeMain - Starting Akka Runtime version [1.6.15]
23:10:14.551 INFO  akka.javasdk.impl.ComponentLocator$ - Looking for component descriptors matching pattern [META-INF/akka-javasdk-components_*.conf]
23:10:14.557 INFO  akka.javasdk.testkit.TestKit - Eventing TestKit booting up on port: 54055
23:10:14.561 INFO  akka.javasdk.testkit.TestKit - Checking runtime status
23:10:14.625 INFO  akka.runtime.DiscoveryManager - Service components: EventSourcedEntity: [1], Consumer: [2], View: [1]
23:10:14.628 INFO  akka.runtime.DiscoveryManager - Akka Runtime started at 127.0.0.1:54054
23:10:14.629 INFO  repro.Bootstrap - onStartup burst disabled
23:10:14.685 INFO  akka.javasdk.testkit.TestKit - Runtime started
=== BootstrapWorkTimingTest [burst after start() returns]: 15 cycles ===
start() ms per cycle: [1994, 255, 230, 208, 210, 188, 197, 198, 197, 185, 192, 197, 183, 164, 176]  sum=4774 min=164 max=1994 mean=318
stop() ms per cycle: [74, 20, 16, 16, 16, 14, 14, 9, 17, 14, 8, 6, 7, 14, 13]  sum=258 min=6 max=74 mean=17
[INFO] Tests run: 1, Failures: 0, Errors: 0, Skipped: 0, Time elapsed: 9.369 s - in repro.BootstrapWorkTimingTest
[INFO] 
[INFO] Results:
[INFO] 
[INFO] Tests run: 1, Failures: 0, Errors: 0, Skipped: 0
[INFO] 
[INFO] ------------------------------------------------------------------------
[INFO] BUILD SUCCESS
[INFO] ------------------------------------------------------------------------
[INFO] Total time:  11.834 s
[INFO] Finished at: 2026-09-22T23:10:15+10:00
[INFO] ------------------------------------------------------------------------
