[INFO] Scanning for projects...
[INFO] ------------------------------------------------------------------------
[INFO] Detecting the operating system and CPU architecture
[INFO] ------------------------------------------------------------------------
[INFO] os.detected.name: osx
[INFO] os.detected.arch: aarch_64
[INFO] os.detected.bitness: 64
[INFO] os.detected.version: 27.0
[INFO] os.detected.version.major: 27
[INFO] os.detected.version.minor: 0
[INFO] os.detected.classifier: osx-aarch_64
[INFO] 
[INFO] ---------------< io.akka.repro:akka-testkit-race-repro >----------------
[INFO] Building akka-testkit-race-repro 0.1.0-SNAPSHOT
[INFO]   from pom.xml
[INFO] --------------------------------[ jar ]---------------------------------
[INFO] 
[INFO] --- enforcer:3.5.0:enforce (enforce-build-rules) @ akka-testkit-race-repro ---
[INFO] No dependency conflicts with Akka runtime detected.
[INFO] Rule 0: akka.javasdk.enforcer.AkkaRuntimeDependencyRule(akkaRuntimeDependencyCheck) passed
[INFO] Rule 1: org.apache.maven.enforcer.rules.version.RequireMavenVersion passed
[INFO] Rule 2: org.apache.maven.enforcer.rules.version.RequireJavaVersion passed
[INFO] 
[INFO] --- antrun:3.1.0:run (clean-on-missing-descriptor) @ akka-testkit-race-repro ---
[INFO] Executing tasks
[INFO] Executed tasks
[INFO] 
[INFO] --- build-helper:3.2.0:add-source (add-java-source) @ akka-testkit-race-repro ---
[INFO] Source directory: /Users/jz/code/akka-testkit-race-repro/target/generated-sources/akka-grpc-java added.
[INFO] 
[INFO] --- resources:3.4.0:resources (default-resources) @ akka-testkit-race-repro ---
[INFO] Copying 1 resource from src/main/resources to target/classes
[INFO] 
[INFO] --- compiler:3.13.0:compile (default-compile) @ akka-testkit-race-repro ---
[INFO] Nothing to compile - all classes are up to date.
[INFO] 
[INFO] --- build-helper:3.2.0:add-test-source (add-integration-test-source) @ akka-testkit-race-repro ---
[INFO] Test Source directory: /Users/jz/code/akka-testkit-race-repro/src/it/java added.
[INFO] 
[INFO] --- build-helper:3.2.0:add-test-resource (add-integration-test-resource) @ akka-testkit-race-repro ---
[INFO] 
[INFO] --- resources:3.4.0:testResources (default-testResources) @ akka-testkit-race-repro ---
[INFO] Copying 2 resources from src/test/resources to target/test-classes
[INFO] skip non existing resourceDirectory /Users/jz/code/akka-testkit-race-repro/src/it/resources
[INFO] 
[INFO] --- compiler:3.13.0:testCompile (default-testCompile) @ akka-testkit-race-repro ---
[INFO] Nothing to compile - all classes are up to date.
[INFO] 
[INFO] --- surefire:2.22.2:test (default-test) @ akka-testkit-race-repro ---
[WARNING] The system property akka.javasdk.dev-mode.project-artifact-id is configured twice! The property appears in <argLine/> and any of <systemPropertyVariables/>, <systemProperties/> or user property.
[WARNING] The system property logback.configurationFile is configured twice! The property appears in <argLine/> and any of <systemPropertyVariables/>, <systemProperties/> or user property.
[INFO] 
[INFO] -------------------------------------------------------
[INFO]  T E S T S
[INFO] -------------------------------------------------------
[INFO] Running repro.BootstrapWorkTimingTest
23:11:48,738 |-INFO in ch.qos.logback.classic.LoggerContext[default] - Found logback-core version 1.5.38
23:11:48,738 |-INFO in ch.qos.logback.classic.util.ContextInitializer@79c97cb - No custom configurators were discovered as a service.
23:11:48,738 |-INFO in ch.qos.logback.classic.util.ContextInitializer@79c97cb - Trying to configure with ch.qos.logback.classic.util.DefaultJoranConfigurator
23:11:48,738 |-INFO in ch.qos.logback.classic.util.ContextInitializer@79c97cb - Constructed configurator of type class ch.qos.logback.classic.util.DefaultJoranConfigurator
23:11:48,739 |-INFO in ch.qos.logback.classic.LoggerContext[default] - Found resource [logback-runtime-dev-mode.xml] at [jar:file:/Users/jz/code/worktrees/nexus/vibrant-swanson-e4f544/.mvn/tier1/io/akka/akka-runtime-dev_2.13/1.6.15/akka-runtime-dev_2.13-1.6.15.jar!/logback-runtime-dev-mode.xml]
23:11:48,770 |-INFO in ch.qos.logback.classic.model.processor.ConfigurationModelHandlerFull - Scan attribute not set or set to unrecognized value.
23:11:48,770 |-INFO in ch.qos.logback.core.model.processor.ConversionRuleModelHandler - registering conversion word rewriteLogger with class [akka.runtime.logging.LogbackDevModeRewriteLogger]
23:11:48,770 |-INFO in ch.qos.logback.core.model.processor.ConversionRuleModelHandler - registering conversion word rewriteMsg with class [akka.runtime.logging.LogbackDevModeRewriteMessage]
23:11:48,771 |-INFO in ch.qos.logback.core.model.processor.IncludeModelHandler - Including configuration file [file:/Users/jz/code/akka-testkit-race-repro/target/test-classes/include-dev-loggers.xml]
23:11:48,776 |-ERROR in ch.qos.logback.core.joran.event.SaxEventRecorder@2d9caaeb - XML_PARSING - Parsing fatal error on line 8 and column 52
23:11:48,776 |-ERROR in ch.qos.logback.core.joran.event.SaxEventRecorder@2d9caaeb - org.xml.sax.SAXParseException; lineNumber: 8; columnNumber: 52; The string "--" is not permitted within comments.
23:11:48,776 |-ERROR in ch.qos.logback.core.model.processor.IncludeModelHandler - Error processing XML data in [include-dev-loggers.xml] ch.qos.logback.core.joran.spi.JoranException: Problem parsing XML document. See previously reported errors.
	at ch.qos.logback.core.joran.spi.JoranException: Problem parsing XML document. See previously reported errors.
	at 	at ch.qos.logback.core.joran.event.SaxEventRecorder.recordEvents(SaxEventRecorder.java:99)
	at 	at ch.qos.logback.core.joran.event.SaxEventRecorder.recordEvents(SaxEventRecorder.java:82)
	at 	at ch.qos.logback.core.model.processor.IncludeModelHandler.populateSaxEventRecorder(IncludeModelHandler.java:147)
	at 	at ch.qos.logback.core.model.processor.IncludeModelHandler.buildModelFromIncludedFile(IncludeModelHandler.java:114)
	at 	at ch.qos.logback.core.model.processor.IncludeModelHandler.handle(IncludeModelHandler.java:67)
	at 	at ch.qos.logback.core.model.processor.DefaultProcessor.mainTraverse(DefaultProcessor.java:207)
	at 	at ch.qos.logback.core.model.processor.DefaultProcessor.mainTraverse(DefaultProcessor.java:215)
	at 	at ch.qos.logback.core.model.processor.DefaultProcessor.process(DefaultProcessor.java:102)
	at 	at ch.qos.logback.core.joran.GenericXMLConfigurator.processModel(GenericXMLConfigurator.java:239)
	at 	at ch.qos.logback.core.joran.GenericXMLConfigurator.doConfigure(GenericXMLConfigurator.java:195)
	at 	at ch.qos.logback.core.joran.GenericXMLConfigurator.doConfigure(GenericXMLConfigurator.java:139)
	at 	at ch.qos.logback.core.joran.GenericXMLConfigurator.doConfigure(GenericXMLConfigurator.java:76)
	at 	at ch.qos.logback.classic.util.DefaultJoranConfigurator.configureByResource(DefaultJoranConfigurator.java:82)
	at 	at ch.qos.logback.classic.util.DefaultJoranConfigurator.configure(DefaultJoranConfigurator.java:49)
	at 	at ch.qos.logback.classic.util.ContextInitializer.invokeConfigure(ContextInitializer.java:161)
	at 	at ch.qos.logback.classic.util.ContextInitializer.autoConfig(ContextInitializer.java:109)
	at 	at ch.qos.logback.classic.util.ContextInitializer.autoConfig(ContextInitializer.java:67)
	at 	at ch.qos.logback.classic.spi.LogbackServiceProvider.initializeLoggerContext(LogbackServiceProvider.java:65)
	at 	at ch.qos.logback.classic.spi.LogbackServiceProvider.initialize(LogbackServiceProvider.java:58)
	at 	at org.slf4j.LoggerFactory.bind(LoggerFactory.java:199)
	at 	at org.slf4j.LoggerFactory.performInitialization(LoggerFactory.java:186)
	at 	at org.slf4j.LoggerFactory.getProvider(LoggerFactory.java:496)
	at 	at org.slf4j.LoggerFactory.getILoggerFactory(LoggerFactory.java:482)
	at 	at org.slf4j.LoggerFactory.getLogger(LoggerFactory.java:431)
	at 	at org.slf4j.LoggerFactory.getLogger(LoggerFactory.java:457)
	at 	at akka.javasdk.testkit.TestKit.<clinit>(TestKit.java:827)
	at 	at repro.BootstrapWorkTimingTest.cycle(BootstrapWorkTimingTest.java:49)
	at 	at repro.BootstrapWorkTimingTest.withBurstFromOnStartup(BootstrapWorkTimingTest.java:28)
	at 	at java.base/jdk.internal.reflect.DirectMethodHandleAccessor.invoke(DirectMethodHandleAccessor.java:104)
	at 	at java.base/java.lang.reflect.Method.invoke(Method.java:583)
	at 	at org.junit.platform.commons.util.ReflectionUtils.invokeMethod(ReflectionUtils.java:767)
	at 	at org.junit.jupiter.engine.execution.MethodInvocation.proceed(MethodInvocation.java:60)
	at 	at org.junit.jupiter.engine.execution.InvocationInterceptorChain$ValidatingInvocation.proceed(InvocationInterceptorChain.java:131)
	at 	at org.junit.jupiter.engine.extension.SameThreadTimeoutInvocation.proceed(SameThreadTimeoutInvocation.java:45)
	at 	at org.junit.jupiter.engine.extension.TimeoutExtension.intercept(TimeoutExtension.java:156)
	at 	at org.junit.jupiter.engine.extension.TimeoutExtension.interceptTestableMethod(TimeoutExtension.java:147)
	at 	at org.junit.jupiter.engine.extension.TimeoutExtension.interceptTestMethod(TimeoutExtension.java:86)
	at 	at org.junit.jupiter.engine.execution.InterceptingExecutableInvoker$ReflectiveInterceptorCall.lambda$ofVoidMethod$0(InterceptingExecutableInvoker.java:103)
	at 	at org.junit.jupiter.engine.execution.InterceptingExecutableInvoker.lambda$invoke$0(InterceptingExecutableInvoker.java:93)
	at 	at org.junit.jupiter.engine.execution.InvocationInterceptorChain$InterceptedInvocation.proceed(InvocationInterceptorChain.java:106)
	at 	at org.junit.jupiter.engine.execution.InvocationInterceptorChain.proceed(InvocationInterceptorChain.java:64)
	at 	at org.junit.jupiter.engine.execution.InvocationInterceptorChain.chainAndInvoke(InvocationInterceptorChain.java:45)
	at 	at org.junit.jupiter.engine.execution.InvocationInterceptorChain.invoke(InvocationInterceptorChain.java:37)
	at 	at org.junit.jupiter.engine.execution.InterceptingExecutableInvoker.invoke(InterceptingExecutableInvoker.java:92)
	at 	at org.junit.jupiter.engine.execution.InterceptingExecutableInvoker.invoke(InterceptingExecutableInvoker.java:86)
	at 	at org.junit.jupiter.engine.descriptor.TestMethodTestDescriptor.lambda$invokeTestMethod$8(TestMethodTestDescriptor.java:217)
	at 	at org.junit.platform.engine.support.hierarchical.ThrowableCollector.execute(ThrowableCollector.java:73)
	at 	at org.junit.jupiter.engine.descriptor.TestMethodTestDescriptor.invokeTestMethod(TestMethodTestDescriptor.java:213)
	at 	at org.junit.jupiter.engine.descriptor.TestMethodTestDescriptor.execute(TestMethodTestDescriptor.java:138)
	at 	at org.junit.jupiter.engine.descriptor.TestMethodTestDescriptor.execute(TestMethodTestDescriptor.java:68)
	at 	at org.junit.platform.engine.support.hierarchical.NodeTestTask.lambda$executeRecursively$6(NodeTestTask.java:156)
	at 	at org.junit.platform.engine.support.hierarchical.ThrowableCollector.execute(ThrowableCollector.java:73)
	at 	at org.junit.platform.engine.support.hierarchical.NodeTestTask.lambda$executeRecursively$8(NodeTestTask.java:146)
	at 	at org.junit.platform.engine.support.hierarchical.Node.around(Node.java:137)
	at 	at org.junit.platform.engine.support.hierarchical.NodeTestTask.lambda$executeRecursively$9(NodeTestTask.java:144)
	at 	at org.junit.platform.engine.support.hierarchical.ThrowableCollector.execute(ThrowableCollector.java:73)
	at 	at org.junit.platform.engine.support.hierarchical.NodeTestTask.executeRecursively(NodeTestTask.java:143)
	at 	at org.junit.platform.engine.support.hierarchical.NodeTestTask.execute(NodeTestTask.java:100)
	at 	at java.base/java.util.ArrayList.forEach(ArrayList.java:1612)
	at 	at org.junit.platform.engine.support.hierarchical.SameThreadHierarchicalTestExecutorService.invokeAll(SameThreadHierarchicalTestExecutorService.java:41)
	at 	at org.junit.platform.engine.support.hierarchical.NodeTestTask.lambda$executeRecursively$6(NodeTestTask.java:160)
	at 	at org.junit.platform.engine.support.hierarchical.ThrowableCollector.execute(ThrowableCollector.java:73)
	at 	at org.junit.platform.engine.support.hierarchical.NodeTestTask.lambda$executeRecursively$8(NodeTestTask.java:146)
	at 	at org.junit.platform.engine.support.hierarchical.Node.around(Node.java:137)
	at 	at org.junit.platform.engine.support.hierarchical.NodeTestTask.lambda$executeRecursively$9(NodeTestTask.java:144)
	at 	at org.junit.platform.engine.support.hierarchical.ThrowableCollector.execute(ThrowableCollector.java:73)
	at 	at org.junit.platform.engine.support.hierarchical.NodeTestTask.executeRecursively(NodeTestTask.java:143)
	at 	at org.junit.platform.engine.support.hierarchical.NodeTestTask.execute(NodeTestTask.java:100)
	at 	at java.base/java.util.ArrayList.forEach(ArrayList.java:1612)
	at 	at org.junit.platform.engine.support.hierarchical.SameThreadHierarchicalTestExecutorService.invokeAll(SameThreadHierarchicalTestExecutorService.java:41)
	at 	at org.junit.platform.engine.support.hierarchical.NodeTestTask.lambda$executeRecursively$6(NodeTestTask.java:160)
	at 	at org.junit.platform.engine.support.hierarchical.ThrowableCollector.execute(ThrowableCollector.java:73)
	at 	at org.junit.platform.engine.support.hierarchical.NodeTestTask.lambda$executeRecursively$8(NodeTestTask.java:146)
	at 	at org.junit.platform.engine.support.hierarchical.Node.around(Node.java:137)
	at 	at org.junit.platform.engine.support.hierarchical.NodeTestTask.lambda$executeRecursively$9(NodeTestTask.java:144)
	at 	at org.junit.platform.engine.support.hierarchical.ThrowableCollector.execute(ThrowableCollector.java:73)
	at 	at org.junit.platform.engine.support.hierarchical.NodeTestTask.executeRecursively(NodeTestTask.java:143)
	at 	at org.junit.platform.engine.support.hierarchical.NodeTestTask.execute(NodeTestTask.java:100)
	at 	at org.junit.platform.engine.support.hierarchical.SameThreadHierarchicalTestExecutorService.submit(SameThreadHierarchicalTestExecutorService.java:35)
	at 	at org.junit.platform.engine.support.hierarchical.HierarchicalTestExecutor.execute(HierarchicalTestExecutor.java:57)
	at 	at org.junit.platform.engine.support.hierarchical.HierarchicalTestEngine.execute(HierarchicalTestEngine.java:54)
	at 	at org.junit.platform.launcher.core.DefaultLauncher.execute(DefaultLauncher.java:220)
	at 	at org.junit.platform.launcher.core.DefaultLauncher.lambda$execute$6(DefaultLauncher.java:188)
	at 	at org.junit.platform.launcher.core.DefaultLauncher.withInterceptedStreams(DefaultLauncher.java:202)
	at 	at org.junit.platform.launcher.core.DefaultLauncher.execute(DefaultLauncher.java:181)
	at 	at org.junit.platform.launcher.core.DefaultLauncher.execute(DefaultLauncher.java:128)
	at 	at org.apache.maven.surefire.junitplatform.JUnitPlatformProvider.invokeAllTests(JUnitPlatformProvider.java:150)
	at 	at org.apache.maven.surefire.junitplatform.JUnitPlatformProvider.invoke(JUnitPlatformProvider.java:124)
	at 	at org.apache.maven.surefire.booter.ForkedBooter.invokeProviderInSameClassLoader(ForkedBooter.java:384)
	at 	at org.apache.maven.surefire.booter.ForkedBooter.runSuitesInProcess(ForkedBooter.java:345)
	at 	at org.apache.maven.surefire.booter.ForkedBooter.execute(ForkedBooter.java:126)
	at 	at org.apache.maven.surefire.booter.ForkedBooter.main(ForkedBooter.java:418)
Caused by: org.xml.sax.SAXParseException: The string "--" is not permitted within comments.
	at 	at java.xml/com.sun.org.apache.xerces.internal.parsers.AbstractSAXParser.parse(AbstractSAXParser.java:1252)
	at 	at java.xml/com.sun.org.apache.xerces.internal.jaxp.SAXParserImpl$JAXPSAXParser.parse(SAXParserImpl.java:629)
	at 	at java.xml/com.sun.org.apache.xerces.internal.jaxp.SAXParserImpl.parse(SAXParserImpl.java:328)
	at 	at ch.qos.logback.core.joran.event.SaxEventRecorder.recordEvents(SaxEventRecorder.java:92)
	at 	... 91 common frames omitted
23:11:48,779 |-INFO in ch.qos.logback.core.model.processor.AppenderModelHandler - Processing appender named [STDOUT]
23:11:48,779 |-INFO in ch.qos.logback.core.model.processor.AppenderModelHandler - About to instantiate appender of type [ch.qos.logback.core.ConsoleAppender]
23:11:48,782 |-INFO in ch.qos.logback.core.model.processor.ImplicitModelHandler - Assuming default type [ch.qos.logback.classic.encoder.PatternLayoutEncoder] for [encoder] property
23:11:48,804 |-INFO in ch.qos.logback.core.ConsoleAppender[STDOUT] - NOTE: Writing to the console can be slow. Try to avoid logging to the 
23:11:48,804 |-INFO in ch.qos.logback.core.ConsoleAppender[STDOUT] - console in production environments, especially in high volume systems.
23:11:48,804 |-INFO in ch.qos.logback.core.ConsoleAppender[STDOUT] - See also https://logback.qos.ch/codes.html#slowConsole
23:11:48,805 |-INFO in ch.qos.logback.classic.model.processor.LoggerModelHandler - Setting level of logger [akka] to WARN
23:11:48,805 |-INFO in ch.qos.logback.classic.model.processor.LoggerModelHandler - Setting level of logger [kalix] to WARN
23:11:48,805 |-INFO in ch.qos.logback.classic.model.processor.LoggerModelHandler - Setting level of logger [akka.runtime.AkkaRuntimeMain] to INFO
23:11:48,805 |-INFO in ch.qos.logback.classic.model.processor.LoggerModelHandler - Setting level of logger [kalix.runtime.DiscoveryManager] to INFO
23:11:48,805 |-INFO in ch.qos.logback.classic.model.processor.LoggerModelHandler - Setting level of logger [kalix.runtime.http.HttpEndpointMethodDefinition] to INFO
23:11:48,805 |-INFO in ch.qos.logback.classic.model.processor.LoggerModelHandler - Setting level of logger [kalix.runtime.VersionCheck] to INFO
23:11:48,805 |-INFO in ch.qos.logback.classic.model.processor.LoggerModelHandler - Setting level of logger [kalix.runtime.AkkaRuntimeConfigLoader] to INFO
23:11:48,805 |-INFO in ch.qos.logback.classic.model.processor.LoggerModelHandler - Setting level of logger [akka.javasdk] to INFO
23:11:48,805 |-INFO in ch.qos.logback.classic.model.processor.LoggerModelHandler - Setting level of logger [dev.langchain4j.model.bedrock.AwsLoggingInterceptor] to DEBUG
23:11:48,806 |-INFO in ch.qos.logback.classic.model.processor.LoggerModelHandler - Setting additivity of logger [dev.langchain4j.model.bedrock.AwsLoggingInterceptor] to false
23:11:48,806 |-INFO in ch.qos.logback.core.model.processor.AppenderRefModelHandler - Attaching appender named [STDOUT] to Logger[dev.langchain4j.model.bedrock.AwsLoggingInterceptor]
23:11:48,806 |-INFO in ch.qos.logback.classic.model.processor.RootLoggerModelHandler - Setting level of ROOT logger to INFO
23:11:48,807 |-INFO in ch.qos.logback.core.model.processor.AppenderRefModelHandler - Attaching appender named [STDOUT] to Logger[ROOT]
23:11:48,807 |-INFO in ch.qos.logback.core.model.processor.DefaultProcessor@3ddc6915 - End of configuration.
23:11:48,809 |-INFO in ch.qos.logback.classic.util.ContextInitializer@79c97cb - ch.qos.logback.classic.util.DefaultJoranConfigurator.configure() call lasted 69 milliseconds. ExecutionStatus=DO_NOT_INVOKE_NEXT_IF_ANY

23:11:49.636 INFO  akka.runtime.AkkaRuntimeMain - Starting Akka Runtime version [1.6.15]
23:11:49.839 INFO  akka.javasdk.impl.ComponentLocator$ - Looking for component descriptors matching pattern [META-INF/akka-javasdk-components_*.conf]
23:11:49.906 INFO  akka.javasdk.testkit.TestKit - Eventing TestKit booting up on port: 54232
23:11:50.034 INFO  akka.javasdk.testkit.TestKit - Checking runtime status
23:11:50.202 INFO  akka.runtime.DiscoveryManager - Service components: EventSourcedEntity: [1], Consumer: [2], View: [1]
23:11:50.312 INFO  akka.runtime.DiscoveryManager - Akka Runtime started at 127.0.0.1:54231
23:11:50.313 INFO  repro.Bootstrap - onStartup burst of 8 starting
23:11:50.500 INFO  akka.javasdk.testkit.TestKit - Runtime started
23:11:50.534 WARN  akka.cluster.sharding.ShardRegion - _timer: Dropping [1] buffered messages to shard [993] during hand off to avoid re-ordering
23:11:50.542 WARN  akka.cluster.sharding.ShardRegion - sharded-daemon-process-eventSourcedProjection-passivation-race-entity-passivation-race-consumer-b: Dropping [1] buffered messages to shard [0] during hand off to avoid re-ordering
23:11:50.542 WARN  akka.cluster.sharding.ShardRegion - sharded-daemon-process-eventSourcedProjection-passivation-race-entity-passivation-race-consumer-a: Dropping [1] buffered messages to shard [0] during hand off to avoid re-ordering
23:11:59.521 WARN  akka.cluster.sharding.ShardRegion - passivation-race-entity: Graceful shutdown of shard region timed out, region will be stopped. Remaining shards [], remaining buffered messages [1].
23:11:59.663 INFO  akka.runtime.AkkaRuntimeMain - Starting Akka Runtime version [1.6.15]
23:11:59.682 INFO  akka.javasdk.impl.ComponentLocator$ - Looking for component descriptors matching pattern [META-INF/akka-javasdk-components_*.conf]
23:11:59.700 INFO  akka.javasdk.testkit.TestKit - Eventing TestKit booting up on port: 54242
23:11:59.704 INFO  akka.javasdk.testkit.TestKit - Checking runtime status
23:11:59.776 INFO  akka.runtime.DiscoveryManager - Service components: EventSourcedEntity: [1], Consumer: [2], View: [1]
23:11:59.785 INFO  akka.runtime.DiscoveryManager - Akka Runtime started at 127.0.0.1:54241
23:11:59.785 INFO  repro.Bootstrap - onStartup burst of 8 starting
23:11:59.831 INFO  akka.javasdk.testkit.TestKit - Runtime started
23:12:00.037 WARN  akka.cluster.sharding.ShardRegion - passivation-race-entity: Dropping [1] buffered messages to shard [66] during hand off to avoid re-ordering
23:12:00.817 WARN  a.c.s.ShardRegion$HandOffStopper - sharded-daemon-process-eventSourcedProjection-passivation-race-entity-passivation-race-view: [1] of the entities in shard [0] not stopped after [750 milliseconds]. Maybe the handOffStopMessage [akka.projection.ProjectionBehavior$Stop$] is not handled? Waiting additional [250 milliseconds] before stopping the remaining entities.
23:12:00.817 WARN  a.c.s.ShardRegion$HandOffStopper - sharded-daemon-process-eventSourcedProjection-passivation-race-entity-passivation-race-consumer-a: [1] of the entities in shard [0] not stopped after [750 milliseconds]. Maybe the handOffStopMessage [akka.projection.ProjectionBehavior$Stop$] is not handled? Waiting additional [250 milliseconds] before stopping the remaining entities.
23:12:01.065 WARN  a.c.s.ShardRegion$HandOffStopper - sharded-daemon-process-eventSourcedProjection-passivation-race-entity-passivation-race-consumer-a: HandOffStopMessage [akka.projection.ProjectionBehavior$Stop$] is not handled by some of the entities in shard [0] after [1 second], stopping the remaining [1] entities.
23:12:01.065 WARN  a.c.s.ShardRegion$HandOffStopper - sharded-daemon-process-eventSourcedProjection-passivation-race-entity-passivation-race-view: HandOffStopMessage [akka.projection.ProjectionBehavior$Stop$] is not handled by some of the entities in shard [0] after [1 second], stopping the remaining [1] entities.
23:12:01.155 INFO  akka.runtime.AkkaRuntimeMain - Starting Akka Runtime version [1.6.15]
23:12:01.167 INFO  akka.javasdk.impl.ComponentLocator$ - Looking for component descriptors matching pattern [META-INF/akka-javasdk-components_*.conf]
23:12:01.177 INFO  akka.javasdk.testkit.TestKit - Eventing TestKit booting up on port: 54248
23:12:01.183 INFO  akka.javasdk.testkit.TestKit - Checking runtime status
23:12:01.252 INFO  akka.runtime.DiscoveryManager - Service components: EventSourcedEntity: [1], Consumer: [2], View: [1]
23:12:01.259 INFO  akka.runtime.DiscoveryManager - Akka Runtime started at 127.0.0.1:54247
23:12:01.259 INFO  repro.Bootstrap - onStartup burst of 8 starting
23:12:01.307 INFO  akka.javasdk.testkit.TestKit - Runtime started
23:12:01.516 WARN  akka.cluster.sharding.ShardRegion - passivation-race-entity: Dropping [1] buffered messages to shard [597] during hand off to avoid re-ordering
23:12:02.286 WARN  a.c.s.ShardRegion$HandOffStopper - sharded-daemon-process-eventSourcedProjection-passivation-race-entity-passivation-race-consumer-a: [1] of the entities in shard [0] not stopped after [750 milliseconds]. Maybe the handOffStopMessage [akka.projection.ProjectionBehavior$Stop$] is not handled? Waiting additional [250 milliseconds] before stopping the remaining entities.
23:12:02.295 WARN  a.c.s.ShardRegion$HandOffStopper - sharded-daemon-process-eventSourcedProjection-passivation-race-entity-passivation-race-consumer-b: [1] of the entities in shard [0] not stopped after [750 milliseconds]. Maybe the handOffStopMessage [akka.projection.ProjectionBehavior$Stop$] is not handled? Waiting additional [250 milliseconds] before stopping the remaining entities.
23:12:02.536 WARN  a.c.s.ShardRegion$HandOffStopper - sharded-daemon-process-eventSourcedProjection-passivation-race-entity-passivation-race-consumer-a: HandOffStopMessage [akka.projection.ProjectionBehavior$Stop$] is not handled by some of the entities in shard [0] after [1 second], stopping the remaining [1] entities.
23:12:02.544 WARN  a.c.s.ShardRegion$HandOffStopper - sharded-daemon-process-eventSourcedProjection-passivation-race-entity-passivation-race-consumer-b: HandOffStopMessage [akka.projection.ProjectionBehavior$Stop$] is not handled by some of the entities in shard [0] after [1 second], stopping the remaining [1] entities.
23:12:02.638 INFO  akka.runtime.AkkaRuntimeMain - Starting Akka Runtime version [1.6.15]
23:12:02.650 INFO  akka.javasdk.impl.ComponentLocator$ - Looking for component descriptors matching pattern [META-INF/akka-javasdk-components_*.conf]
23:12:02.663 INFO  akka.javasdk.testkit.TestKit - Eventing TestKit booting up on port: 54254
23:12:02.668 INFO  akka.javasdk.testkit.TestKit - Checking runtime status
23:12:02.737 INFO  akka.runtime.DiscoveryManager - Service components: EventSourcedEntity: [1], Consumer: [2], View: [1]
23:12:02.744 INFO  akka.runtime.DiscoveryManager - Akka Runtime started at 127.0.0.1:54253
23:12:02.744 INFO  repro.Bootstrap - onStartup burst of 8 starting
23:12:02.796 INFO  akka.javasdk.testkit.TestKit - Runtime started
23:12:03.002 WARN  akka.cluster.sharding.ShardRegion - passivation-race-entity: Dropping [1] buffered messages to shard [624] during hand off to avoid re-ordering
23:12:03.002 WARN  akka.cluster.sharding.ShardRegion - sharded-daemon-process-eventSourcedProjection-passivation-race-entity-passivation-race-consumer-b: Dropping [1] buffered messages to shard [0] during hand off to avoid re-ordering
23:12:03.013 WARN  akka.cluster.sharding.ShardRegion - sharded-daemon-process-eventSourcedProjection-passivation-race-entity-passivation-race-view: Dropping [1] buffered messages to shard [0] during hand off to avoid re-ordering
23:12:03.081 INFO  akka.runtime.AkkaRuntimeMain - Starting Akka Runtime version [1.6.15]
23:12:03.090 INFO  akka.javasdk.impl.ComponentLocator$ - Looking for component descriptors matching pattern [META-INF/akka-javasdk-components_*.conf]
23:12:03.096 INFO  akka.javasdk.testkit.TestKit - Eventing TestKit booting up on port: 54259
23:12:03.101 INFO  akka.javasdk.testkit.TestKit - Checking runtime status
23:12:03.168 INFO  akka.runtime.DiscoveryManager - Service components: EventSourcedEntity: [1], Consumer: [2], View: [1]
23:12:03.174 INFO  akka.runtime.DiscoveryManager - Akka Runtime started at 127.0.0.1:54258
23:12:03.174 INFO  repro.Bootstrap - onStartup burst of 8 starting
23:12:03.226 INFO  akka.javasdk.testkit.TestKit - Runtime started
23:12:03.434 WARN  akka.cluster.sharding.ShardRegion - sharded-daemon-process-eventSourcedProjection-passivation-race-entity-passivation-race-consumer-b: Dropping [1] buffered messages to shard [0] during hand off to avoid re-ordering
23:12:03.434 WARN  akka.cluster.sharding.ShardRegion - passivation-race-entity: Dropping [1] buffered messages to shard [408] during hand off to avoid re-ordering
23:12:04.203 WARN  a.c.s.ShardRegion$HandOffStopper - sharded-daemon-process-eventSourcedProjection-passivation-race-entity-passivation-race-consumer-a: [1] of the entities in shard [0] not stopped after [750 milliseconds]. Maybe the handOffStopMessage [akka.projection.ProjectionBehavior$Stop$] is not handled? Waiting additional [250 milliseconds] before stopping the remaining entities.
23:12:04.213 WARN  a.c.s.ShardRegion$HandOffStopper - sharded-daemon-process-eventSourcedProjection-passivation-race-entity-passivation-race-view: [1] of the entities in shard [0] not stopped after [750 milliseconds]. Maybe the handOffStopMessage [akka.projection.ProjectionBehavior$Stop$] is not handled? Waiting additional [250 milliseconds] before stopping the remaining entities.
23:12:04.453 WARN  a.c.s.ShardRegion$HandOffStopper - sharded-daemon-process-eventSourcedProjection-passivation-race-entity-passivation-race-consumer-a: HandOffStopMessage [akka.projection.ProjectionBehavior$Stop$] is not handled by some of the entities in shard [0] after [1 second], stopping the remaining [1] entities.
23:12:04.463 WARN  a.c.s.ShardRegion$HandOffStopper - sharded-daemon-process-eventSourcedProjection-passivation-race-entity-passivation-race-view: HandOffStopMessage [akka.projection.ProjectionBehavior$Stop$] is not handled by some of the entities in shard [0] after [1 second], stopping the remaining [1] entities.
[ERROR] [09/22/2026 23:12:04.471] [akka-runtime-akka.actor.default-dispatcher-2] [akka://akka-runtime@127.0.0.1:54260/system/pool-master] connection pool for Pool(shared->http://localhost:54258) has shut down unexpectedly
java.lang.IllegalStateException: Pool shutdown unexpectedly
	at akka.http.impl.engine.client.PoolInterface$Logic.postStop(PoolInterface.scala:208)
	at akka.stream.impl.fusing.GraphInterpreter.finalizeStage(GraphInterpreter.scala:618)
	at akka.stream.impl.fusing.GraphInterpreter.finish(GraphInterpreter.scala:328)
	at akka.stream.impl.fusing.GraphInterpreterShell.tryAbort(ActorGraphInterpreter.scala:689)
	at akka.stream.impl.fusing.ActorGraphInterpreter.$anonfun$postStop$1(ActorGraphInterpreter.scala:846)
	at akka.stream.impl.fusing.ActorGraphInterpreter.$anonfun$postStop$1$adapted(ActorGraphInterpreter.scala:846)
	at scala.collection.immutable.Set$Set1.foreach(Set.scala:177)
	at akka.stream.impl.fusing.ActorGraphInterpreter.postStop(ActorGraphInterpreter.scala:846)
	at akka.actor.Actor.aroundPostStop(Actor.scala:561)
	at akka.actor.Actor.aroundPostStop$(Actor.scala:561)
	at akka.stream.impl.fusing.ActorGraphInterpreter.aroundPostStop(ActorGraphInterpreter.scala:716)
	at akka.actor.dungeon.FaultHandling.finishTerminate(FaultHandling.scala:243)
	at akka.actor.dungeon.FaultHandling.terminate(FaultHandling.scala:200)
	at akka.actor.dungeon.FaultHandling.terminate$(FaultHandling.scala:169)
	at akka.actor.ActorCell.terminate(ActorCell.scala:406)
	at akka.actor.ActorCell.invokeAll$1(ActorCell.scala:515)
	at akka.actor.ActorCell.systemInvoke(ActorCell.scala:531)
	at akka.dispatch.Mailbox.processAllSystemMessages(Mailbox.scala:293)
	at akka.dispatch.Mailbox.run(Mailbox.scala:228)
	at akka.dispatch.Mailbox.exec(Mailbox.scala:241)
	at java.base/java.util.concurrent.ForkJoinTask.doExec(ForkJoinTask.java:507)
	at java.base/java.util.concurrent.ForkJoinPool$WorkQueue.topLevelExec(ForkJoinPool.java:1450)
	at java.base/java.util.concurrent.ForkJoinPool.runWorker(ForkJoinPool.java:2019)
	at java.base/java.util.concurrent.ForkJoinWorkerThread.run(ForkJoinWorkerThread.java:187)

23:12:04.562 INFO  akka.runtime.AkkaRuntimeMain - Starting Akka Runtime version [1.6.15]
23:12:04.578 INFO  akka.javasdk.impl.ComponentLocator$ - Looking for component descriptors matching pattern [META-INF/akka-javasdk-components_*.conf]
23:12:04.590 INFO  akka.javasdk.testkit.TestKit - Eventing TestKit booting up on port: 54264
23:12:04.595 INFO  akka.javasdk.testkit.TestKit - Checking runtime status
23:12:04.667 INFO  akka.runtime.DiscoveryManager - Service components: EventSourcedEntity: [1], Consumer: [2], View: [1]
23:12:04.673 INFO  akka.runtime.DiscoveryManager - Akka Runtime started at 127.0.0.1:54263
23:12:04.673 INFO  repro.Bootstrap - onStartup burst of 8 starting
23:12:04.723 INFO  akka.javasdk.testkit.TestKit - Runtime started
23:12:04.931 WARN  akka.cluster.sharding.ShardRegion - passivation-race-entity: Dropping [1] buffered messages to shard [74] during hand off to avoid re-ordering
23:12:05.701 WARN  a.c.s.ShardRegion$HandOffStopper - sharded-daemon-process-eventSourcedProjection-passivation-race-entity-passivation-race-consumer-b: [1] of the entities in shard [0] not stopped after [750 milliseconds]. Maybe the handOffStopMessage [akka.projection.ProjectionBehavior$Stop$] is not handled? Waiting additional [250 milliseconds] before stopping the remaining entities.
23:12:05.701 WARN  a.c.s.ShardRegion$HandOffStopper - sharded-daemon-process-eventSourcedProjection-passivation-race-entity-passivation-race-consumer-a: [1] of the entities in shard [0] not stopped after [750 milliseconds]. Maybe the handOffStopMessage [akka.projection.ProjectionBehavior$Stop$] is not handled? Waiting additional [250 milliseconds] before stopping the remaining entities.
23:12:05.949 WARN  a.c.s.ShardRegion$HandOffStopper - sharded-daemon-process-eventSourcedProjection-passivation-race-entity-passivation-race-consumer-a: HandOffStopMessage [akka.projection.ProjectionBehavior$Stop$] is not handled by some of the entities in shard [0] after [1 second], stopping the remaining [1] entities.
23:12:05.949 WARN  a.c.s.ShardRegion$HandOffStopper - sharded-daemon-process-eventSourcedProjection-passivation-race-entity-passivation-race-consumer-b: HandOffStopMessage [akka.projection.ProjectionBehavior$Stop$] is not handled by some of the entities in shard [0] after [1 second], stopping the remaining [1] entities.
23:12:06.019 INFO  akka.runtime.AkkaRuntimeMain - Starting Akka Runtime version [1.6.15]
23:12:06.025 INFO  akka.javasdk.impl.ComponentLocator$ - Looking for component descriptors matching pattern [META-INF/akka-javasdk-components_*.conf]
23:12:06.031 INFO  akka.javasdk.testkit.TestKit - Eventing TestKit booting up on port: 54269
23:12:06.035 INFO  akka.javasdk.testkit.TestKit - Checking runtime status
23:12:06.099 INFO  akka.runtime.DiscoveryManager - Service components: EventSourcedEntity: [1], Consumer: [2], View: [1]
23:12:06.103 INFO  akka.runtime.DiscoveryManager - Akka Runtime started at 127.0.0.1:54268
23:12:06.103 INFO  repro.Bootstrap - onStartup burst of 8 starting
23:12:06.158 INFO  akka.javasdk.testkit.TestKit - Runtime started
23:12:06.366 WARN  akka.cluster.sharding.ShardRegion - sharded-daemon-process-eventSourcedProjection-passivation-race-entity-passivation-race-consumer-a: Dropping [1] buffered messages to shard [0] during hand off to avoid re-ordering
23:12:06.367 WARN  akka.cluster.sharding.ShardRegion - sharded-daemon-process-eventSourcedProjection-passivation-race-entity-passivation-race-consumer-b: Dropping [1] buffered messages to shard [0] during hand off to avoid re-ordering
23:12:06.367 WARN  akka.cluster.sharding.ShardRegion - passivation-race-entity: Dropping [1] buffered messages to shard [694] during hand off to avoid re-ordering
23:12:06.379 WARN  akka.cluster.sharding.ShardRegion - sharded-daemon-process-eventSourcedProjection-passivation-race-entity-passivation-race-view: Dropping [1] buffered messages to shard [0] during hand off to avoid re-ordering
23:12:06.439 INFO  akka.runtime.AkkaRuntimeMain - Starting Akka Runtime version [1.6.15]
23:12:06.449 INFO  akka.javasdk.impl.ComponentLocator$ - Looking for component descriptors matching pattern [META-INF/akka-javasdk-components_*.conf]
23:12:06.455 INFO  akka.javasdk.testkit.TestKit - Eventing TestKit booting up on port: 54274
23:12:06.457 INFO  akka.javasdk.testkit.TestKit - Checking runtime status
23:12:06.520 INFO  akka.runtime.DiscoveryManager - Service components: EventSourcedEntity: [1], Consumer: [2], View: [1]
23:12:06.525 INFO  akka.runtime.DiscoveryManager - Akka Runtime started at 127.0.0.1:54273
23:12:06.525 INFO  repro.Bootstrap - onStartup burst of 8 starting
23:12:06.578 INFO  akka.javasdk.testkit.TestKit - Runtime started
23:12:06.811 ERROR repro.Bootstrap - onStartup() threw an exception
java.util.concurrent.TimeoutException: Command to entity [passivation-race-entity] id [0557dcf1-e48e-4764-8449-cb5bb9273c15] timed out.
	at kalix.runtime.eventsourcedentity.EventSourcedSupport$$anonfun$$nestedInanonfun$handleCommand$1$1.applyOrElse(EventSourcedEntitySupportFactory.scala:191)
	at kalix.runtime.eventsourcedentity.EventSourcedSupport$$anonfun$$nestedInanonfun$handleCommand$1$1.applyOrElse(EventSourcedEntitySupportFactory.scala:189)
	at scala.concurrent.impl.Promise$Transformation.run(Promise.scala:523)
	at akka.dispatch.BatchingExecutor$AbstractBatch.processBatch(BatchingExecutor.scala:64)
	at akka.dispatch.BatchingExecutor$BlockableBatch.$anonfun$run$1(BatchingExecutor.scala:101)
	at scala.runtime.java8.JFunction0$mcV$sp.apply(JFunction0$mcV$sp.scala:18)
	at scala.concurrent.BlockContext$.withBlockContext(BlockContext.scala:94)
	at akka.dispatch.BatchingExecutor$BlockableBatch.run(BatchingExecutor.scala:101)
	at akka.dispatch.TaskInvocation.run(AbstractDispatcher.scala:48)
	at akka.dispatch.ForkJoinExecutorConfigurator$AkkaForkJoinTask.exec(ForkJoinExecutorConfigurator.scala:60)
	at java.base/java.util.concurrent.ForkJoinTask.doExec(ForkJoinTask.java:507)
	at java.base/java.util.concurrent.ForkJoinPool$WorkQueue.topLevelExec(ForkJoinPool.java:1450)
	at java.base/java.util.concurrent.ForkJoinPool.runWorker(ForkJoinPool.java:2019)
	at java.base/java.util.concurrent.ForkJoinWorkerThread.run(ForkJoinWorkerThread.java:187)
23:12:07.556 WARN  a.c.s.ShardRegion$HandOffStopper - sharded-daemon-process-eventSourcedProjection-passivation-race-entity-passivation-race-consumer-b: [1] of the entities in shard [0] not stopped after [750 milliseconds]. Maybe the handOffStopMessage [akka.projection.ProjectionBehavior$Stop$] is not handled? Waiting additional [250 milliseconds] before stopping the remaining entities.
23:12:07.808 WARN  a.c.s.ShardRegion$HandOffStopper - sharded-daemon-process-eventSourcedProjection-passivation-race-entity-passivation-race-consumer-b: HandOffStopMessage [akka.projection.ProjectionBehavior$Stop$] is not handled by some of the entities in shard [0] after [1 second], stopping the remaining [1] entities.
23:12:07.883 INFO  akka.runtime.AkkaRuntimeMain - Starting Akka Runtime version [1.6.15]
23:12:07.890 INFO  akka.javasdk.impl.ComponentLocator$ - Looking for component descriptors matching pattern [META-INF/akka-javasdk-components_*.conf]
23:12:07.895 INFO  akka.javasdk.testkit.TestKit - Eventing TestKit booting up on port: 54279
23:12:07.898 INFO  akka.javasdk.testkit.TestKit - Checking runtime status
23:12:07.971 INFO  akka.runtime.DiscoveryManager - Service components: EventSourcedEntity: [1], Consumer: [2], View: [1]
23:12:07.974 INFO  akka.runtime.DiscoveryManager - Akka Runtime started at 127.0.0.1:54278
23:12:07.974 INFO  repro.Bootstrap - onStartup burst of 8 starting
23:12:08.018 INFO  akka.javasdk.testkit.TestKit - Runtime started
23:12:08.236 WARN  akka.cluster.sharding.ShardRegion - sharded-daemon-process-eventSourcedProjection-passivation-race-entity-passivation-race-view: Dropping [1] buffered messages to shard [0] during hand off to avoid re-ordering
23:12:08.237 WARN  akka.cluster.sharding.ShardRegion - passivation-race-entity: Dropping [1] buffered messages to shard [542] during hand off to avoid re-ordering
23:12:09.004 WARN  a.c.s.ShardRegion$HandOffStopper - sharded-daemon-process-eventSourcedProjection-passivation-race-entity-passivation-race-consumer-b: [1] of the entities in shard [0] not stopped after [750 milliseconds]. Maybe the handOffStopMessage [akka.projection.ProjectionBehavior$Stop$] is not handled? Waiting additional [250 milliseconds] before stopping the remaining entities.
23:12:09.004 WARN  a.c.s.ShardRegion$HandOffStopper - sharded-daemon-process-eventSourcedProjection-passivation-race-entity-passivation-race-consumer-a: [1] of the entities in shard [0] not stopped after [750 milliseconds]. Maybe the handOffStopMessage [akka.projection.ProjectionBehavior$Stop$] is not handled? Waiting additional [250 milliseconds] before stopping the remaining entities.
23:12:09.255 WARN  a.c.s.ShardRegion$HandOffStopper - sharded-daemon-process-eventSourcedProjection-passivation-race-entity-passivation-race-consumer-b: HandOffStopMessage [akka.projection.ProjectionBehavior$Stop$] is not handled by some of the entities in shard [0] after [1 second], stopping the remaining [1] entities.
23:12:09.255 WARN  a.c.s.ShardRegion$HandOffStopper - sharded-daemon-process-eventSourcedProjection-passivation-race-entity-passivation-race-consumer-a: HandOffStopMessage [akka.projection.ProjectionBehavior$Stop$] is not handled by some of the entities in shard [0] after [1 second], stopping the remaining [1] entities.
23:12:09.325 INFO  akka.runtime.AkkaRuntimeMain - Starting Akka Runtime version [1.6.15]
23:12:09.333 INFO  akka.javasdk.impl.ComponentLocator$ - Looking for component descriptors matching pattern [META-INF/akka-javasdk-components_*.conf]
23:12:09.339 INFO  akka.javasdk.testkit.TestKit - Eventing TestKit booting up on port: 54284
23:12:09.343 INFO  akka.javasdk.testkit.TestKit - Checking runtime status
23:12:09.417 INFO  akka.runtime.DiscoveryManager - Service components: EventSourcedEntity: [1], Consumer: [2], View: [1]
23:12:09.422 INFO  akka.runtime.DiscoveryManager - Akka Runtime started at 127.0.0.1:54283
23:12:09.422 INFO  repro.Bootstrap - onStartup burst of 8 starting
23:12:09.464 INFO  akka.javasdk.testkit.TestKit - Runtime started
23:12:09.683 WARN  akka.cluster.sharding.ShardRegion - sharded-daemon-process-eventSourcedProjection-passivation-race-entity-passivation-race-view: Dropping [1] buffered messages to shard [0] during hand off to avoid re-ordering
23:12:09.684 WARN  akka.cluster.sharding.ShardRegion - passivation-race-entity: Dropping [1] buffered messages to shard [208] during hand off to avoid re-ordering
23:12:10.452 WARN  a.c.s.ShardRegion$HandOffStopper - sharded-daemon-process-eventSourcedProjection-passivation-race-entity-passivation-race-consumer-b: [1] of the entities in shard [0] not stopped after [750 milliseconds]. Maybe the handOffStopMessage [akka.projection.ProjectionBehavior$Stop$] is not handled? Waiting additional [250 milliseconds] before stopping the remaining entities.
23:12:10.452 WARN  a.c.s.ShardRegion$HandOffStopper - sharded-daemon-process-eventSourcedProjection-passivation-race-entity-passivation-race-consumer-a: [1] of the entities in shard [0] not stopped after [750 milliseconds]. Maybe the handOffStopMessage [akka.projection.ProjectionBehavior$Stop$] is not handled? Waiting additional [250 milliseconds] before stopping the remaining entities.
23:12:10.700 WARN  a.c.s.ShardRegion$HandOffStopper - sharded-daemon-process-eventSourcedProjection-passivation-race-entity-passivation-race-consumer-a: HandOffStopMessage [akka.projection.ProjectionBehavior$Stop$] is not handled by some of the entities in shard [0] after [1 second], stopping the remaining [1] entities.
23:12:10.701 WARN  a.c.s.ShardRegion$HandOffStopper - sharded-daemon-process-eventSourcedProjection-passivation-race-entity-passivation-race-consumer-b: HandOffStopMessage [akka.projection.ProjectionBehavior$Stop$] is not handled by some of the entities in shard [0] after [1 second], stopping the remaining [1] entities.
23:12:10.755 INFO  akka.runtime.AkkaRuntimeMain - Starting Akka Runtime version [1.6.15]
23:12:10.761 INFO  akka.javasdk.impl.ComponentLocator$ - Looking for component descriptors matching pattern [META-INF/akka-javasdk-components_*.conf]
23:12:10.767 INFO  akka.javasdk.testkit.TestKit - Eventing TestKit booting up on port: 54289
23:12:10.770 INFO  akka.javasdk.testkit.TestKit - Checking runtime status
23:12:10.839 INFO  akka.runtime.DiscoveryManager - Service components: EventSourcedEntity: [1], Consumer: [2], View: [1]
23:12:10.842 INFO  akka.runtime.DiscoveryManager - Akka Runtime started at 127.0.0.1:54288
23:12:10.842 INFO  repro.Bootstrap - onStartup burst of 8 starting
23:12:10.887 INFO  akka.javasdk.testkit.TestKit - Runtime started
23:12:11.106 WARN  akka.cluster.sharding.ShardRegion - passivation-race-entity: Dropping [1] buffered messages to shard [929] during hand off to avoid re-ordering
23:12:11.874 WARN  a.c.s.ShardRegion$HandOffStopper - sharded-daemon-process-eventSourcedProjection-passivation-race-entity-passivation-race-view: [1] of the entities in shard [0] not stopped after [750 milliseconds]. Maybe the handOffStopMessage [akka.projection.ProjectionBehavior$Stop$] is not handled? Waiting additional [250 milliseconds] before stopping the remaining entities.
23:12:11.874 WARN  a.c.s.ShardRegion$HandOffStopper - sharded-daemon-process-eventSourcedProjection-passivation-race-entity-passivation-race-consumer-a: [1] of the entities in shard [0] not stopped after [750 milliseconds]. Maybe the handOffStopMessage [akka.projection.ProjectionBehavior$Stop$] is not handled? Waiting additional [250 milliseconds] before stopping the remaining entities.
23:12:11.874 WARN  a.c.s.ShardRegion$HandOffStopper - sharded-daemon-process-eventSourcedProjection-passivation-race-entity-passivation-race-consumer-b: [1] of the entities in shard [0] not stopped after [750 milliseconds]. Maybe the handOffStopMessage [akka.projection.ProjectionBehavior$Stop$] is not handled? Waiting additional [250 milliseconds] before stopping the remaining entities.
23:12:12.125 WARN  a.c.s.ShardRegion$HandOffStopper - sharded-daemon-process-eventSourcedProjection-passivation-race-entity-passivation-race-view: HandOffStopMessage [akka.projection.ProjectionBehavior$Stop$] is not handled by some of the entities in shard [0] after [1 second], stopping the remaining [1] entities.
23:12:12.125 WARN  a.c.s.ShardRegion$HandOffStopper - sharded-daemon-process-eventSourcedProjection-passivation-race-entity-passivation-race-consumer-a: HandOffStopMessage [akka.projection.ProjectionBehavior$Stop$] is not handled by some of the entities in shard [0] after [1 second], stopping the remaining [1] entities.
23:12:12.125 WARN  a.c.s.ShardRegion$HandOffStopper - sharded-daemon-process-eventSourcedProjection-passivation-race-entity-passivation-race-consumer-b: HandOffStopMessage [akka.projection.ProjectionBehavior$Stop$] is not handled by some of the entities in shard [0] after [1 second], stopping the remaining [1] entities.
23:12:12.182 INFO  akka.runtime.AkkaRuntimeMain - Starting Akka Runtime version [1.6.15]
23:12:12.188 INFO  akka.javasdk.impl.ComponentLocator$ - Looking for component descriptors matching pattern [META-INF/akka-javasdk-components_*.conf]
23:12:12.194 INFO  akka.javasdk.testkit.TestKit - Eventing TestKit booting up on port: 54294
23:12:12.197 INFO  akka.javasdk.testkit.TestKit - Checking runtime status
23:12:12.267 INFO  akka.runtime.DiscoveryManager - Service components: EventSourcedEntity: [1], Consumer: [2], View: [1]
23:12:12.272 INFO  akka.runtime.DiscoveryManager - Akka Runtime started at 127.0.0.1:54293
23:12:12.272 INFO  repro.Bootstrap - onStartup burst of 8 starting
23:12:12.314 INFO  akka.javasdk.testkit.TestKit - Runtime started
23:12:12.535 WARN  akka.cluster.sharding.ShardRegion - sharded-daemon-process-eventSourcedProjection-passivation-race-entity-passivation-race-consumer-b: Dropping [1] buffered messages to shard [0] during hand off to avoid re-ordering
23:12:12.553 ERROR repro.Bootstrap - onStartup() threw an exception
java.util.concurrent.TimeoutException: Command to entity [passivation-race-entity] id [c4c44010-67bd-425d-b167-d2f76935f571] timed out.
	at kalix.runtime.eventsourcedentity.EventSourcedSupport$$anonfun$$nestedInanonfun$handleCommand$1$1.applyOrElse(EventSourcedEntitySupportFactory.scala:191)
	at kalix.runtime.eventsourcedentity.EventSourcedSupport$$anonfun$$nestedInanonfun$handleCommand$1$1.applyOrElse(EventSourcedEntitySupportFactory.scala:189)
	at scala.concurrent.impl.Promise$Transformation.run(Promise.scala:523)
	at akka.dispatch.BatchingExecutor$AbstractBatch.processBatch(BatchingExecutor.scala:64)
	at akka.dispatch.BatchingExecutor$BlockableBatch.$anonfun$run$1(BatchingExecutor.scala:101)
	at scala.runtime.java8.JFunction0$mcV$sp.apply(JFunction0$mcV$sp.scala:18)
	at scala.concurrent.BlockContext$.withBlockContext(BlockContext.scala:94)
	at akka.dispatch.BatchingExecutor$BlockableBatch.run(BatchingExecutor.scala:101)
	at akka.dispatch.TaskInvocation.run(AbstractDispatcher.scala:48)
	at akka.dispatch.ForkJoinExecutorConfigurator$AkkaForkJoinTask.exec(ForkJoinExecutorConfigurator.scala:60)
	at java.base/java.util.concurrent.ForkJoinTask.doExec(ForkJoinTask.java:507)
	at java.base/java.util.concurrent.ForkJoinPool$WorkQueue.topLevelExec(ForkJoinPool.java:1450)
	at java.base/java.util.concurrent.ForkJoinPool.runWorker(ForkJoinPool.java:2019)
	at java.base/java.util.concurrent.ForkJoinWorkerThread.run(ForkJoinWorkerThread.java:187)
23:12:13.301 WARN  a.c.s.ShardRegion$HandOffStopper - sharded-daemon-process-eventSourcedProjection-passivation-race-entity-passivation-race-consumer-a: [1] of the entities in shard [0] not stopped after [750 milliseconds]. Maybe the handOffStopMessage [akka.projection.ProjectionBehavior$Stop$] is not handled? Waiting additional [250 milliseconds] before stopping the remaining entities.
23:12:13.302 WARN  a.c.s.ShardRegion$HandOffStopper - sharded-daemon-process-eventSourcedProjection-passivation-race-entity-passivation-race-view: [1] of the entities in shard [0] not stopped after [750 milliseconds]. Maybe the handOffStopMessage [akka.projection.ProjectionBehavior$Stop$] is not handled? Waiting additional [250 milliseconds] before stopping the remaining entities.
23:12:13.551 WARN  a.c.s.ShardRegion$HandOffStopper - sharded-daemon-process-eventSourcedProjection-passivation-race-entity-passivation-race-consumer-a: HandOffStopMessage [akka.projection.ProjectionBehavior$Stop$] is not handled by some of the entities in shard [0] after [1 second], stopping the remaining [1] entities.
23:12:13.552 WARN  a.c.s.ShardRegion$HandOffStopper - sharded-daemon-process-eventSourcedProjection-passivation-race-entity-passivation-race-view: HandOffStopMessage [akka.projection.ProjectionBehavior$Stop$] is not handled by some of the entities in shard [0] after [1 second], stopping the remaining [1] entities.
23:12:13.607 INFO  akka.runtime.AkkaRuntimeMain - Starting Akka Runtime version [1.6.15]
23:12:13.612 INFO  akka.javasdk.impl.ComponentLocator$ - Looking for component descriptors matching pattern [META-INF/akka-javasdk-components_*.conf]
23:12:13.617 INFO  akka.javasdk.testkit.TestKit - Eventing TestKit booting up on port: 54299
23:12:13.620 INFO  akka.javasdk.testkit.TestKit - Checking runtime status
23:12:13.685 INFO  akka.runtime.DiscoveryManager - Service components: EventSourcedEntity: [1], Consumer: [2], View: [1]
23:12:13.689 INFO  akka.runtime.DiscoveryManager - Akka Runtime started at 127.0.0.1:54298
23:12:13.689 INFO  repro.Bootstrap - onStartup burst of 8 starting
23:12:13.743 INFO  akka.javasdk.testkit.TestKit - Runtime started
23:12:13.975 ERROR repro.Bootstrap - onStartup() threw an exception
java.util.concurrent.TimeoutException: Command to entity [passivation-race-entity] id [8959a506-c8b2-45b2-a44a-a54c09ff8f3e] timed out.
	at kalix.runtime.eventsourcedentity.EventSourcedSupport$$anonfun$$nestedInanonfun$handleCommand$1$1.applyOrElse(EventSourcedEntitySupportFactory.scala:191)
	at kalix.runtime.eventsourcedentity.EventSourcedSupport$$anonfun$$nestedInanonfun$handleCommand$1$1.applyOrElse(EventSourcedEntitySupportFactory.scala:189)
	at scala.concurrent.impl.Promise$Transformation.run(Promise.scala:523)
	at akka.dispatch.BatchingExecutor$AbstractBatch.processBatch(BatchingExecutor.scala:64)
	at akka.dispatch.BatchingExecutor$BlockableBatch.$anonfun$run$1(BatchingExecutor.scala:101)
	at scala.runtime.java8.JFunction0$mcV$sp.apply(JFunction0$mcV$sp.scala:18)
	at scala.concurrent.BlockContext$.withBlockContext(BlockContext.scala:94)
	at akka.dispatch.BatchingExecutor$BlockableBatch.run(BatchingExecutor.scala:101)
	at akka.dispatch.TaskInvocation.run(AbstractDispatcher.scala:48)
	at akka.dispatch.ForkJoinExecutorConfigurator$AkkaForkJoinTask.exec(ForkJoinExecutorConfigurator.scala:60)
	at java.base/java.util.concurrent.ForkJoinTask.doExec(ForkJoinTask.java:507)
	at java.base/java.util.concurrent.ForkJoinPool$WorkQueue.topLevelExec(ForkJoinPool.java:1450)
	at java.base/java.util.concurrent.ForkJoinPool.runWorker(ForkJoinPool.java:2019)
	at java.base/java.util.concurrent.ForkJoinWorkerThread.run(ForkJoinWorkerThread.java:187)
23:12:14.720 WARN  a.c.s.ShardRegion$HandOffStopper - sharded-daemon-process-eventSourcedProjection-passivation-race-entity-passivation-race-view: [1] of the entities in shard [0] not stopped after [750 milliseconds]. Maybe the handOffStopMessage [akka.projection.ProjectionBehavior$Stop$] is not handled? Waiting additional [250 milliseconds] before stopping the remaining entities.
23:12:14.720 WARN  a.c.s.ShardRegion$HandOffStopper - sharded-daemon-process-eventSourcedProjection-passivation-race-entity-passivation-race-consumer-a: [1] of the entities in shard [0] not stopped after [750 milliseconds]. Maybe the handOffStopMessage [akka.projection.ProjectionBehavior$Stop$] is not handled? Waiting additional [250 milliseconds] before stopping the remaining entities.
23:12:14.720 WARN  a.c.s.ShardRegion$HandOffStopper - sharded-daemon-process-eventSourcedProjection-passivation-race-entity-passivation-race-consumer-b: [1] of the entities in shard [0] not stopped after [750 milliseconds]. Maybe the handOffStopMessage [akka.projection.ProjectionBehavior$Stop$] is not handled? Waiting additional [250 milliseconds] before stopping the remaining entities.
23:12:14.971 WARN  a.c.s.ShardRegion$HandOffStopper - sharded-daemon-process-eventSourcedProjection-passivation-race-entity-passivation-race-view: HandOffStopMessage [akka.projection.ProjectionBehavior$Stop$] is not handled by some of the entities in shard [0] after [1 second], stopping the remaining [1] entities.
23:12:14.971 WARN  a.c.s.ShardRegion$HandOffStopper - sharded-daemon-process-eventSourcedProjection-passivation-race-entity-passivation-race-consumer-b: HandOffStopMessage [akka.projection.ProjectionBehavior$Stop$] is not handled by some of the entities in shard [0] after [1 second], stopping the remaining [1] entities.
23:12:14.971 WARN  a.c.s.ShardRegion$HandOffStopper - sharded-daemon-process-eventSourcedProjection-passivation-race-entity-passivation-race-consumer-a: HandOffStopMessage [akka.projection.ProjectionBehavior$Stop$] is not handled by some of the entities in shard [0] after [1 second], stopping the remaining [1] entities.
23:12:15.022 INFO  akka.runtime.AkkaRuntimeMain - Starting Akka Runtime version [1.6.15]
23:12:15.027 INFO  akka.javasdk.impl.ComponentLocator$ - Looking for component descriptors matching pattern [META-INF/akka-javasdk-components_*.conf]
23:12:15.032 INFO  akka.javasdk.testkit.TestKit - Eventing TestKit booting up on port: 54304
23:12:15.035 INFO  akka.javasdk.testkit.TestKit - Checking runtime status
23:12:15.104 INFO  akka.runtime.DiscoveryManager - Service components: EventSourcedEntity: [1], Consumer: [2], View: [1]
23:12:15.107 INFO  akka.runtime.DiscoveryManager - Akka Runtime started at 127.0.0.1:54303
23:12:15.107 INFO  repro.Bootstrap - onStartup burst of 8 starting
23:12:15.153 INFO  akka.javasdk.testkit.TestKit - Runtime started
23:12:15.371 WARN  akka.cluster.sharding.ShardRegion - sharded-daemon-process-eventSourcedProjection-passivation-race-entity-passivation-race-view: Dropping [1] buffered messages to shard [0] during hand off to avoid re-ordering
23:12:15.387 ERROR repro.Bootstrap - onStartup() threw an exception
java.util.concurrent.TimeoutException: Command to entity [passivation-race-entity] id [af5c1d2f-2ce9-4304-b802-0788373317a7] timed out.
	at kalix.runtime.eventsourcedentity.EventSourcedSupport$$anonfun$$nestedInanonfun$handleCommand$1$1.applyOrElse(EventSourcedEntitySupportFactory.scala:191)
	at kalix.runtime.eventsourcedentity.EventSourcedSupport$$anonfun$$nestedInanonfun$handleCommand$1$1.applyOrElse(EventSourcedEntitySupportFactory.scala:189)
	at scala.concurrent.impl.Promise$Transformation.run(Promise.scala:523)
	at akka.dispatch.BatchingExecutor$AbstractBatch.processBatch(BatchingExecutor.scala:64)
	at akka.dispatch.BatchingExecutor$BlockableBatch.$anonfun$run$1(BatchingExecutor.scala:101)
	at scala.runtime.java8.JFunction0$mcV$sp.apply(JFunction0$mcV$sp.scala:18)
	at scala.concurrent.BlockContext$.withBlockContext(BlockContext.scala:94)
	at akka.dispatch.BatchingExecutor$BlockableBatch.run(BatchingExecutor.scala:101)
	at akka.dispatch.TaskInvocation.run(AbstractDispatcher.scala:48)
	at akka.dispatch.ForkJoinExecutorConfigurator$AkkaForkJoinTask.exec(ForkJoinExecutorConfigurator.scala:60)
	at java.base/java.util.concurrent.ForkJoinTask.doExec(ForkJoinTask.java:507)
	at java.base/java.util.concurrent.ForkJoinPool$WorkQueue.topLevelExec(ForkJoinPool.java:1450)
	at java.base/java.util.concurrent.ForkJoinPool.runWorker(ForkJoinPool.java:2019)
	at java.base/java.util.concurrent.ForkJoinWorkerThread.run(ForkJoinWorkerThread.java:187)
23:12:16.141 WARN  a.c.s.ShardRegion$HandOffStopper - sharded-daemon-process-eventSourcedProjection-passivation-race-entity-passivation-race-consumer-b: [1] of the entities in shard [0] not stopped after [750 milliseconds]. Maybe the handOffStopMessage [akka.projection.ProjectionBehavior$Stop$] is not handled? Waiting additional [250 milliseconds] before stopping the remaining entities.
23:12:16.391 WARN  a.c.s.ShardRegion$HandOffStopper - sharded-daemon-process-eventSourcedProjection-passivation-race-entity-passivation-race-consumer-b: HandOffStopMessage [akka.projection.ProjectionBehavior$Stop$] is not handled by some of the entities in shard [0] after [1 second], stopping the remaining [1] entities.
23:12:16.434 INFO  akka.runtime.AkkaRuntimeMain - Starting Akka Runtime version [1.6.15]
23:12:16.440 INFO  akka.javasdk.impl.ComponentLocator$ - Looking for component descriptors matching pattern [META-INF/akka-javasdk-components_*.conf]
23:12:16.444 INFO  akka.javasdk.testkit.TestKit - Eventing TestKit booting up on port: 54309
23:12:16.447 INFO  akka.javasdk.testkit.TestKit - Checking runtime status
23:12:16.518 INFO  akka.runtime.DiscoveryManager - Service components: EventSourcedEntity: [1], Consumer: [2], View: [1]
23:12:16.522 INFO  akka.runtime.DiscoveryManager - Akka Runtime started at 127.0.0.1:54308
23:12:16.522 INFO  repro.Bootstrap - onStartup burst of 8 starting
23:12:16.567 INFO  akka.javasdk.testkit.TestKit - Runtime started
23:12:16.786 WARN  akka.cluster.sharding.ShardRegion - sharded-daemon-process-eventSourcedProjection-passivation-race-entity-passivation-race-consumer-a: Dropping [1] buffered messages to shard [0] during hand off to avoid re-ordering
23:12:16.787 WARN  akka.cluster.sharding.ShardRegion - sharded-daemon-process-eventSourcedProjection-passivation-race-entity-passivation-race-view: Dropping [1] buffered messages to shard [0] during hand off to avoid re-ordering
23:12:16.788 WARN  akka.cluster.sharding.ShardRegion - passivation-race-entity: Dropping [1] buffered messages to shard [861] during hand off to avoid re-ordering
=== BootstrapWorkTimingTest [burst from onStartup()]: 15 cycles ===
start() ms per cycle: [1664, 270, 221, 232, 203, 241, 195, 182, 200, 185, 174, 177, 180, 162, 167]  sum=4453 min=162 max=1664 mean=296
stop() ms per cycle: [9057, 1254, 1256, 225, 1256, 1238, 237, 1238, 1259, 1248, 1249, 1248, 1246, 1246, 237]  sum=23494 min=225 max=9057 mean=1566
[INFO] Tests run: 1, Failures: 0, Errors: 0, Skipped: 0, Time elapsed: 28.098 s - in repro.BootstrapWorkTimingTest
[INFO] 
[INFO] Results:
[INFO] 
[INFO] Tests run: 1, Failures: 0, Errors: 0, Skipped: 0
[INFO] 
[INFO] ------------------------------------------------------------------------
[INFO] BUILD SUCCESS
[INFO] ------------------------------------------------------------------------
[INFO] Total time:  30.377 s
[INFO] Finished at: 2026-09-22T23:12:17+10:00
[INFO] ------------------------------------------------------------------------
